Archive member included to satisfy reference by file (symbol)

.\CortexM0\ARM_GCC_541\Debug\Lab2.a(CyLib.o)
                              .\CortexM0\ARM_GCC_541\Debug\cyfitter_cfg.o (CyIntEnable)
.\CortexM0\ARM_GCC_541\Debug\Lab2.a(CyLFClk.o)
                              .\CortexM0\ARM_GCC_541\Debug\cyfitter_cfg.o (CySysWdtIsr)
.\CortexM0\ARM_GCC_541\Debug\Lab2.a(timer_isr.o)
                              .\CortexM0\ARM_GCC_541\Debug\main.o (timer_isr_StartEx)
.\CortexM0\ARM_GCC_541\Debug\Lab2.a(Control_Reg.o)
                              .\CortexM0\ARM_GCC_541\Debug\main.o (Control_Reg_Write)
.\CortexM0\ARM_GCC_541\Debug\Lab2.a(Timer_Counter.o)
                              .\CortexM0\ARM_GCC_541\Debug\main.o (Timer_Counter_Start)
.\CortexM0\ARM_GCC_541\Debug\Lab2.a(Button_1.o)
                              .\CortexM0\ARM_GCC_541\Debug\main.o (Button_1_ClearInterrupt)
.\CortexM0\ARM_GCC_541\Debug\Lab2.a(button_isr.o)
                              .\CortexM0\ARM_GCC_541\Debug\main.o (button_isr_StartEx)
.\CortexM0\ARM_GCC_541\Debug\Lab2.a(CyBootAsmGnu.o)
                              .\CortexM0\ARM_GCC_541\Debug\Lab2.a(CyLib.o) (CyDelayCycles)
c:/program files (x86)/cypress/psoc creator/4.4/psoc creator/import/gnu/arm/5.4.1/bin/../lib/gcc/arm-none-eabi/5.4.1/armv6-m\libgcc.a(_udivsi3.o)
                              .\CortexM0\ARM_GCC_541\Debug\Lab2.a(CyLib.o) (__aeabi_uidiv)
c:/program files (x86)/cypress/psoc creator/4.4/psoc creator/import/gnu/arm/5.4.1/bin/../lib/gcc/arm-none-eabi/5.4.1/armv6-m\libgcc.a(_dvmd_tls.o)
                              c:/program files (x86)/cypress/psoc creator/4.4/psoc creator/import/gnu/arm/5.4.1/bin/../lib/gcc/arm-none-eabi/5.4.1/armv6-m\libgcc.a(_udivsi3.o) (__aeabi_idiv0)
c:/program files (x86)/cypress/psoc creator/4.4/psoc creator/import/gnu/arm/5.4.1/bin/../lib/gcc/arm-none-eabi/5.4.1/../../../../arm-none-eabi/lib/armv6-m\libg_nano.a(lib_a-errno.o)
                              .\CortexM0\ARM_GCC_541\Debug\Cm0Start.o (__errno)
c:/program files (x86)/cypress/psoc creator/4.4/psoc creator/import/gnu/arm/5.4.1/bin/../lib/gcc/arm-none-eabi/5.4.1/../../../../arm-none-eabi/lib/armv6-m\libg_nano.a(lib_a-exit.o)
                              c:/program files (x86)/cypress/psoc creator/4.4/psoc creator/import/gnu/arm/5.4.1/bin/../lib/gcc/arm-none-eabi/5.4.1/../../../../arm-none-eabi/lib/armv6-m/crt0.o (exit)
c:/program files (x86)/cypress/psoc creator/4.4/psoc creator/import/gnu/arm/5.4.1/bin/../lib/gcc/arm-none-eabi/5.4.1/../../../../arm-none-eabi/lib/armv6-m\libg_nano.a(lib_a-impure.o)
                              c:/program files (x86)/cypress/psoc creator/4.4/psoc creator/import/gnu/arm/5.4.1/bin/../lib/gcc/arm-none-eabi/5.4.1/../../../../arm-none-eabi/lib/armv6-m\libg_nano.a(lib_a-exit.o) (_global_impure_ptr)
c:/program files (x86)/cypress/psoc creator/4.4/psoc creator/import/gnu/arm/5.4.1/bin/../lib/gcc/arm-none-eabi/5.4.1/../../../../arm-none-eabi/lib/armv6-m\libg_nano.a(lib_a-init.o)
                              c:/program files (x86)/cypress/psoc creator/4.4/psoc creator/import/gnu/arm/5.4.1/bin/../lib/gcc/arm-none-eabi/5.4.1/../../../../arm-none-eabi/lib/armv6-m/crt0.o (__libc_init_array)
c:/program files (x86)/cypress/psoc creator/4.4/psoc creator/import/gnu/arm/5.4.1/bin/../lib/gcc/arm-none-eabi/5.4.1/../../../../arm-none-eabi/lib/armv6-m\libg_nano.a(lib_a-memset.o)
                              c:/program files (x86)/cypress/psoc creator/4.4/psoc creator/import/gnu/arm/5.4.1/bin/../lib/gcc/arm-none-eabi/5.4.1/../../../../arm-none-eabi/lib/armv6-m/crt0.o (memset)

Allocating common symbols
Common symbol       size              file

mode                0x1               .\CortexM0\ARM_GCC_541\Debug\main.o
counter             0x1               .\CortexM0\ARM_GCC_541\Debug\main.o

Discarded input sections

 .text          0x00000000        0x0 c:/program files (x86)/cypress/psoc creator/4.4/psoc creator/import/gnu/arm/5.4.1/bin/../lib/gcc/arm-none-eabi/5.4.1/armv6-m/crti.o
 .data          0x00000000        0x0 c:/program files (x86)/cypress/psoc creator/4.4/psoc creator/import/gnu/arm/5.4.1/bin/../lib/gcc/arm-none-eabi/5.4.1/armv6-m/crti.o
 .bss           0x00000000        0x0 c:/program files (x86)/cypress/psoc creator/4.4/psoc creator/import/gnu/arm/5.4.1/bin/../lib/gcc/arm-none-eabi/5.4.1/armv6-m/crti.o
 .data          0x00000000        0x4 c:/program files (x86)/cypress/psoc creator/4.4/psoc creator/import/gnu/arm/5.4.1/bin/../lib/gcc/arm-none-eabi/5.4.1/armv6-m/crtbegin.o
 .text          0x00000000       0x78 c:/program files (x86)/cypress/psoc creator/4.4/psoc creator/import/gnu/arm/5.4.1/bin/../lib/gcc/arm-none-eabi/5.4.1/../../../../arm-none-eabi/lib/armv6-m/crt0.o
 .data          0x00000000        0x0 c:/program files (x86)/cypress/psoc creator/4.4/psoc creator/import/gnu/arm/5.4.1/bin/../lib/gcc/arm-none-eabi/5.4.1/../../../../arm-none-eabi/lib/armv6-m/crt0.o
 .bss           0x00000000        0x0 c:/program files (x86)/cypress/psoc creator/4.4/psoc creator/import/gnu/arm/5.4.1/bin/../lib/gcc/arm-none-eabi/5.4.1/../../../../arm-none-eabi/lib/armv6-m/crt0.o
 .ARM.extab     0x00000000        0x0 c:/program files (x86)/cypress/psoc creator/4.4/psoc creator/import/gnu/arm/5.4.1/bin/../lib/gcc/arm-none-eabi/5.4.1/../../../../arm-none-eabi/lib/armv6-m/crt0.o
 .ARM.exidx     0x00000000        0x8 c:/program files (x86)/cypress/psoc creator/4.4/psoc creator/import/gnu/arm/5.4.1/bin/../lib/gcc/arm-none-eabi/5.4.1/../../../../arm-none-eabi/lib/armv6-m/crt0.o
 .text          0x00000000        0x0 .\CortexM0\ARM_GCC_541\Debug\main.o
 .data          0x00000000        0x0 .\CortexM0\ARM_GCC_541\Debug\main.o
 .bss           0x00000000        0x0 .\CortexM0\ARM_GCC_541\Debug\main.o
 .text          0x00000000        0x0 .\CortexM0\ARM_GCC_541\Debug\cyfitter_cfg.o
 .data          0x00000000        0x0 .\CortexM0\ARM_GCC_541\Debug\cyfitter_cfg.o
 .bss           0x00000000        0x0 .\CortexM0\ARM_GCC_541\Debug\cyfitter_cfg.o
 .text          0x00000000        0x0 .\CortexM0\ARM_GCC_541\Debug\cybootloader.o
 .data          0x00000000        0x0 .\CortexM0\ARM_GCC_541\Debug\cybootloader.o
 .bss           0x00000000        0x0 .\CortexM0\ARM_GCC_541\Debug\cybootloader.o
 .text          0x00000000        0x0 .\CortexM0\ARM_GCC_541\Debug\cymetadata.o
 .data          0x00000000        0x0 .\CortexM0\ARM_GCC_541\Debug\cymetadata.o
 .bss           0x00000000        0x0 .\CortexM0\ARM_GCC_541\Debug\cymetadata.o
 .text          0x00000000        0x0 .\CortexM0\ARM_GCC_541\Debug\Cm0Start.o
 .data          0x00000000        0x4 .\CortexM0\ARM_GCC_541\Debug\Cm0Start.o
 .bss           0x00000000        0x0 .\CortexM0\ARM_GCC_541\Debug\Cm0Start.o
 .text._exit    0x00000000        0xc .\CortexM0\ARM_GCC_541\Debug\Cm0Start.o
 .text._sbrk    0x00000000       0x30 .\CortexM0\ARM_GCC_541\Debug\Cm0Start.o
 .text          0x00000000        0x0 .\CortexM0\ARM_GCC_541\Debug\Lab2.a(CyLib.o)
 .bss           0x00000000       0x18 .\CortexM0\ARM_GCC_541\Debug\Lab2.a(CyLib.o)
 .text.CySysClkImoStart
                0x00000000       0x14 .\CortexM0\ARM_GCC_541\Debug\Lab2.a(CyLib.o)
 .text.CySysClkImoStop
                0x00000000       0x10 .\CortexM0\ARM_GCC_541\Debug\Lab2.a(CyLib.o)
 .text.CySysClkWriteHfclkDirect
                0x00000000       0x20 .\CortexM0\ARM_GCC_541\Debug\Lab2.a(CyLib.o)
 .text.CySysEnablePumpClock
                0x00000000       0x38 .\CortexM0\ARM_GCC_541\Debug\Lab2.a(CyLib.o)
 .text.CySysClkGetSysclkSource
                0x00000000       0x1c .\CortexM0\ARM_GCC_541\Debug\Lab2.a(CyLib.o)
 .text.CySysClkWriteSysclkDiv
                0x00000000       0x30 .\CortexM0\ARM_GCC_541\Debug\Lab2.a(CyLib.o)
 .text.CySysLvdDisable
                0x00000000       0x20 .\CortexM0\ARM_GCC_541\Debug\Lab2.a(CyLib.o)
 .text.CySysLvdGetInterruptSource
                0x00000000       0x10 .\CortexM0\ARM_GCC_541\Debug\Lab2.a(CyLib.o)
 .text.CySysLvdClearInterrupt
                0x00000000        0xc .\CortexM0\ARM_GCC_541\Debug\Lab2.a(CyLib.o)
 .text.CySysGetResetReason
                0x00000000       0x14 .\CortexM0\ARM_GCC_541\Debug\Lab2.a(CyLib.o)
 .text.CyDisableInts
                0x00000000       0x10 .\CortexM0\ARM_GCC_541\Debug\Lab2.a(CyLib.o)
 .text.CyEnableInts
                0x00000000        0xc .\CortexM0\ARM_GCC_541\Debug\Lab2.a(CyLib.o)
 .text.CyIntGetState
                0x00000000       0x18 .\CortexM0\ARM_GCC_541\Debug\Lab2.a(CyLib.o)
 .text.CyIntDisable
                0x00000000       0x14 .\CortexM0\ARM_GCC_541\Debug\Lab2.a(CyLib.o)
 .text.CyIntSetPending
                0x00000000       0x14 .\CortexM0\ARM_GCC_541\Debug\Lab2.a(CyLib.o)
 .text.CyIntClearPending
                0x00000000       0x14 .\CortexM0\ARM_GCC_541\Debug\Lab2.a(CyLib.o)
 .text.CyIntSetSysVector
                0x00000000       0x20 .\CortexM0\ARM_GCC_541\Debug\Lab2.a(CyLib.o)
 .text.CyIntGetSysVector
                0x00000000       0x1c .\CortexM0\ARM_GCC_541\Debug\Lab2.a(CyLib.o)
 .text.CyIntGetVector
                0x00000000       0x20 .\CortexM0\ARM_GCC_541\Debug\Lab2.a(CyLib.o)
 .text.CyIntSetPriority
                0x00000000       0x4c .\CortexM0\ARM_GCC_541\Debug\Lab2.a(CyLib.o)
 .text.CyIntGetPriority
                0x00000000       0x2c .\CortexM0\ARM_GCC_541\Debug\Lab2.a(CyLib.o)
 .text.CySoftwareReset
                0x00000000       0x18 .\CortexM0\ARM_GCC_541\Debug\Lab2.a(CyLib.o)
 .text.CyDelay  0x00000000       0x30 .\CortexM0\ARM_GCC_541\Debug\Lab2.a(CyLib.o)
 .text.CySysLvdEnable
                0x00000000       0x44 .\CortexM0\ARM_GCC_541\Debug\Lab2.a(CyLib.o)
 .text.CyDelayFreq
                0x00000000       0x4c .\CortexM0\ARM_GCC_541\Debug\Lab2.a(CyLib.o)
 .text.CySysTickStop
                0x00000000       0x10 .\CortexM0\ARM_GCC_541\Debug\Lab2.a(CyLib.o)
 .text.CySysTickEnableInterrupt
                0x00000000       0x10 .\CortexM0\ARM_GCC_541\Debug\Lab2.a(CyLib.o)
 .text.CySysTickEnable
                0x00000000       0x18 .\CortexM0\ARM_GCC_541\Debug\Lab2.a(CyLib.o)
 .text.CySysTickDisableInterrupt
                0x00000000       0x10 .\CortexM0\ARM_GCC_541\Debug\Lab2.a(CyLib.o)
 .text.CySysTickSetReload
                0x00000000       0x10 .\CortexM0\ARM_GCC_541\Debug\Lab2.a(CyLib.o)
 .text.CySysTickGetReload
                0x00000000       0x10 .\CortexM0\ARM_GCC_541\Debug\Lab2.a(CyLib.o)
 .text.CySysTickGetValue
                0x00000000       0x10 .\CortexM0\ARM_GCC_541\Debug\Lab2.a(CyLib.o)
 .text.CySysTickGetCountFlag
                0x00000000       0x10 .\CortexM0\ARM_GCC_541\Debug\Lab2.a(CyLib.o)
 .text.CySysTickServiceCallbacks
                0x00000000       0x28 .\CortexM0\ARM_GCC_541\Debug\Lab2.a(CyLib.o)
 .text.CySysTickClear
                0x00000000        0xc .\CortexM0\ARM_GCC_541\Debug\Lab2.a(CyLib.o)
 .text.CySysTickInit
                0x00000000       0x40 .\CortexM0\ARM_GCC_541\Debug\Lab2.a(CyLib.o)
 .text.CySysTickStart
                0x00000000       0x20 .\CortexM0\ARM_GCC_541\Debug\Lab2.a(CyLib.o)
 .text.CySysTickSetCallback
                0x00000000       0x10 .\CortexM0\ARM_GCC_541\Debug\Lab2.a(CyLib.o)
 .text.CySysTickGetCallback
                0x00000000        0xc .\CortexM0\ARM_GCC_541\Debug\Lab2.a(CyLib.o)
 .text.CyGetUniqueId
                0x00000000       0x70 .\CortexM0\ARM_GCC_541\Debug\Lab2.a(CyLib.o)
 .text          0x00000000        0x0 .\CortexM0\ARM_GCC_541\Debug\Lab2.a(CyLFClk.o)
 .text.CySysClkIloEnabled
                0x00000000       0x14 .\CortexM0\ARM_GCC_541\Debug\Lab2.a(CyLFClk.o)
 .text.CySysClkIloStart
                0x00000000       0x14 .\CortexM0\ARM_GCC_541\Debug\Lab2.a(CyLFClk.o)
 .text.CySysClkIloStartMeasurement
                0x00000000       0x34 .\CortexM0\ARM_GCC_541\Debug\Lab2.a(CyLFClk.o)
 .text.CySysClkIloStopMeasurement
                0x00000000       0x14 .\CortexM0\ARM_GCC_541\Debug\Lab2.a(CyLFClk.o)
 .text.CySysClkIloCompensate
                0x00000000      0x104 .\CortexM0\ARM_GCC_541\Debug\Lab2.a(CyLFClk.o)
 .text.CySysWdtGetEnabledStatus
                0x00000000       0x24 .\CortexM0\ARM_GCC_541\Debug\Lab2.a(CyLFClk.o)
 .text.CySysWdtSetMode
                0x00000000       0x38 .\CortexM0\ARM_GCC_541\Debug\Lab2.a(CyLFClk.o)
 .text.CySysClkLfclkPosedgeRestore
                0x00000000       0x2c .\CortexM0\ARM_GCC_541\Debug\Lab2.a(CyLFClk.o)
 .text.CySysWdtGetMode
                0x00000000       0x14 .\CortexM0\ARM_GCC_541\Debug\Lab2.a(CyLFClk.o)
 .text.CySysWdtSetClearOnMatch
                0x00000000       0x34 .\CortexM0\ARM_GCC_541\Debug\Lab2.a(CyLFClk.o)
 .text.CySysWdtGetClearOnMatch
                0x00000000       0x24 .\CortexM0\ARM_GCC_541\Debug\Lab2.a(CyLFClk.o)
 .text.CySysWdtEnable
                0x00000000       0x40 .\CortexM0\ARM_GCC_541\Debug\Lab2.a(CyLFClk.o)
 .text.CySysWdtDisable
                0x00000000       0x44 .\CortexM0\ARM_GCC_541\Debug\Lab2.a(CyLFClk.o)
 .text.CySysWdtSetCascade
                0x00000000       0x34 .\CortexM0\ARM_GCC_541\Debug\Lab2.a(CyLFClk.o)
 .text.CySysWdtGetCascade
                0x00000000       0x14 .\CortexM0\ARM_GCC_541\Debug\Lab2.a(CyLFClk.o)
 .text.CySysWdtSetMatch
                0x00000000       0x38 .\CortexM0\ARM_GCC_541\Debug\Lab2.a(CyLFClk.o)
 .text.CySysWdtSetToggleBit
                0x00000000       0x30 .\CortexM0\ARM_GCC_541\Debug\Lab2.a(CyLFClk.o)
 .text.CySysWdtGetToggleBit
                0x00000000       0x10 .\CortexM0\ARM_GCC_541\Debug\Lab2.a(CyLFClk.o)
 .text.CySysWdtGetMatch
                0x00000000       0x20 .\CortexM0\ARM_GCC_541\Debug\Lab2.a(CyLFClk.o)
 .text.CySysWdtGetCount
                0x00000000       0x3c .\CortexM0\ARM_GCC_541\Debug\Lab2.a(CyLFClk.o)
 .text.CySysClkLfclkPosedgeCatch
                0x00000000       0x74 .\CortexM0\ARM_GCC_541\Debug\Lab2.a(CyLFClk.o)
 .text.CySysClkIloStop
                0x00000000       0x38 .\CortexM0\ARM_GCC_541\Debug\Lab2.a(CyLFClk.o)
 .text.CySysWdtGetInterruptSource
                0x00000000       0x14 .\CortexM0\ARM_GCC_541\Debug\Lab2.a(CyLFClk.o)
 .text.CySysWdtResetCounters
                0x00000000       0x20 .\CortexM0\ARM_GCC_541\Debug\Lab2.a(CyLFClk.o)
 .text.CySysWdtSetInterruptCallback
                0x00000000       0x20 .\CortexM0\ARM_GCC_541\Debug\Lab2.a(CyLFClk.o)
 .text.CySysWdtGetInterruptCallback
                0x00000000       0x20 .\CortexM0\ARM_GCC_541\Debug\Lab2.a(CyLFClk.o)
 .text.CySysWdtEnableCounterIsr
                0x00000000       0x34 .\CortexM0\ARM_GCC_541\Debug\Lab2.a(CyLFClk.o)
 .text.CySysWdtDisableCounterIsr
                0x00000000       0x28 .\CortexM0\ARM_GCC_541\Debug\Lab2.a(CyLFClk.o)
 .text.CySysWatchdogFeed
                0x00000000       0x60 .\CortexM0\ARM_GCC_541\Debug\Lab2.a(CyLFClk.o)
 .text.CySysTimerDelayUntilMatch
                0x00000000       0x6c .\CortexM0\ARM_GCC_541\Debug\Lab2.a(CyLFClk.o)
 .text.CySysTimerDelay
                0x00000000       0x3c .\CortexM0\ARM_GCC_541\Debug\Lab2.a(CyLFClk.o)
 .rodata        0x00000000        0xc .\CortexM0\ARM_GCC_541\Debug\Lab2.a(CyLFClk.o)
 .text          0x00000000        0x0 .\CortexM0\ARM_GCC_541\Debug\Lab2.a(timer_isr.o)
 .data          0x00000000        0x0 .\CortexM0\ARM_GCC_541\Debug\Lab2.a(timer_isr.o)
 .bss           0x00000000        0x0 .\CortexM0\ARM_GCC_541\Debug\Lab2.a(timer_isr.o)
 .text.timer_isr_Interrupt
                0x00000000        0x4 .\CortexM0\ARM_GCC_541\Debug\Lab2.a(timer_isr.o)
 .text.timer_isr_GetVector
                0x00000000        0xc .\CortexM0\ARM_GCC_541\Debug\Lab2.a(timer_isr.o)
 .text.timer_isr_GetPriority
                0x00000000       0x10 .\CortexM0\ARM_GCC_541\Debug\Lab2.a(timer_isr.o)
 .text.timer_isr_GetState
                0x00000000       0x14 .\CortexM0\ARM_GCC_541\Debug\Lab2.a(timer_isr.o)
 .text.timer_isr_Start
                0x00000000       0x1c .\CortexM0\ARM_GCC_541\Debug\Lab2.a(timer_isr.o)
 .text.timer_isr_Stop
                0x00000000       0x14 .\CortexM0\ARM_GCC_541\Debug\Lab2.a(timer_isr.o)
 .text.timer_isr_SetPending
                0x00000000       0x10 .\CortexM0\ARM_GCC_541\Debug\Lab2.a(timer_isr.o)
 .text.timer_isr_ClearPending
                0x00000000       0x10 .\CortexM0\ARM_GCC_541\Debug\Lab2.a(timer_isr.o)
 .text          0x00000000        0x0 .\CortexM0\ARM_GCC_541\Debug\Lab2.a(Control_Reg.o)
 .data          0x00000000        0x0 .\CortexM0\ARM_GCC_541\Debug\Lab2.a(Control_Reg.o)
 .bss           0x00000000        0x0 .\CortexM0\ARM_GCC_541\Debug\Lab2.a(Control_Reg.o)
 .text.Control_Reg_Read
                0x00000000        0xc .\CortexM0\ARM_GCC_541\Debug\Lab2.a(Control_Reg.o)
 .text          0x00000000        0x0 .\CortexM0\ARM_GCC_541\Debug\Lab2.a(Timer_Counter.o)
 .data          0x00000000        0x0 .\CortexM0\ARM_GCC_541\Debug\Lab2.a(Timer_Counter.o)
 .text.Timer_Counter_Stop
                0x00000000       0x1c .\CortexM0\ARM_GCC_541\Debug\Lab2.a(Timer_Counter.o)
 .text.Timer_Counter_SetMode
                0x00000000       0x28 .\CortexM0\ARM_GCC_541\Debug\Lab2.a(Timer_Counter.o)
 .text.Timer_Counter_SetQDMode
                0x00000000       0x28 .\CortexM0\ARM_GCC_541\Debug\Lab2.a(Timer_Counter.o)
 .text.Timer_Counter_SetPrescaler
                0x00000000       0x28 .\CortexM0\ARM_GCC_541\Debug\Lab2.a(Timer_Counter.o)
 .text.Timer_Counter_SetOneShot
                0x00000000       0x30 .\CortexM0\ARM_GCC_541\Debug\Lab2.a(Timer_Counter.o)
 .text.Timer_Counter_SetPWMMode
                0x00000000       0x10 .\CortexM0\ARM_GCC_541\Debug\Lab2.a(Timer_Counter.o)
 .text.Timer_Counter_SetPWMSyncKill
                0x00000000       0x28 .\CortexM0\ARM_GCC_541\Debug\Lab2.a(Timer_Counter.o)
 .text.Timer_Counter_SetPWMStopOnKill
                0x00000000       0x28 .\CortexM0\ARM_GCC_541\Debug\Lab2.a(Timer_Counter.o)
 .text.Timer_Counter_SetPWMDeadTime
                0x00000000       0x2c .\CortexM0\ARM_GCC_541\Debug\Lab2.a(Timer_Counter.o)
 .text.Timer_Counter_SetPWMInvert
                0x00000000       0x28 .\CortexM0\ARM_GCC_541\Debug\Lab2.a(Timer_Counter.o)
 .text.Timer_Counter_ReadCounter
                0x00000000       0x10 .\CortexM0\ARM_GCC_541\Debug\Lab2.a(Timer_Counter.o)
 .text.Timer_Counter_SetCounterMode
                0x00000000       0x28 .\CortexM0\ARM_GCC_541\Debug\Lab2.a(Timer_Counter.o)
 .text.Timer_Counter_ReadPeriod
                0x00000000       0x10 .\CortexM0\ARM_GCC_541\Debug\Lab2.a(Timer_Counter.o)
 .text.Timer_Counter_SetCompareSwap
                0x00000000       0x24 .\CortexM0\ARM_GCC_541\Debug\Lab2.a(Timer_Counter.o)
 .text.Timer_Counter_WritePeriodBuf
                0x00000000       0x10 .\CortexM0\ARM_GCC_541\Debug\Lab2.a(Timer_Counter.o)
 .text.Timer_Counter_ReadPeriodBuf
                0x00000000       0x10 .\CortexM0\ARM_GCC_541\Debug\Lab2.a(Timer_Counter.o)
 .text.Timer_Counter_SetPeriodSwap
                0x00000000       0x28 .\CortexM0\ARM_GCC_541\Debug\Lab2.a(Timer_Counter.o)
 .text.Timer_Counter_WriteCompare
                0x00000000       0x10 .\CortexM0\ARM_GCC_541\Debug\Lab2.a(Timer_Counter.o)
 .text.Timer_Counter_ReadCompare
                0x00000000       0x10 .\CortexM0\ARM_GCC_541\Debug\Lab2.a(Timer_Counter.o)
 .text.Timer_Counter_WriteCompareBuf
                0x00000000       0x10 .\CortexM0\ARM_GCC_541\Debug\Lab2.a(Timer_Counter.o)
 .text.Timer_Counter_ReadCompareBuf
                0x00000000       0x10 .\CortexM0\ARM_GCC_541\Debug\Lab2.a(Timer_Counter.o)
 .text.Timer_Counter_ReadCapture
                0x00000000       0x10 .\CortexM0\ARM_GCC_541\Debug\Lab2.a(Timer_Counter.o)
 .text.Timer_Counter_ReadCaptureBuf
                0x00000000       0x10 .\CortexM0\ARM_GCC_541\Debug\Lab2.a(Timer_Counter.o)
 .text.Timer_Counter_SetCaptureMode
                0x00000000       0x24 .\CortexM0\ARM_GCC_541\Debug\Lab2.a(Timer_Counter.o)
 .text.Timer_Counter_SetReloadMode
                0x00000000       0x24 .\CortexM0\ARM_GCC_541\Debug\Lab2.a(Timer_Counter.o)
 .text.Timer_Counter_SetStartMode
                0x00000000       0x28 .\CortexM0\ARM_GCC_541\Debug\Lab2.a(Timer_Counter.o)
 .text.Timer_Counter_SetStopMode
                0x00000000       0x24 .\CortexM0\ARM_GCC_541\Debug\Lab2.a(Timer_Counter.o)
 .text.Timer_Counter_SetCountMode
                0x00000000       0x24 .\CortexM0\ARM_GCC_541\Debug\Lab2.a(Timer_Counter.o)
 .text.Timer_Counter_ReadStatus
                0x00000000       0x14 .\CortexM0\ARM_GCC_541\Debug\Lab2.a(Timer_Counter.o)
 .text.Timer_Counter_GetInterruptSourceMasked
                0x00000000        0xc .\CortexM0\ARM_GCC_541\Debug\Lab2.a(Timer_Counter.o)
 .text.Timer_Counter_GetInterruptSource
                0x00000000        0xc .\CortexM0\ARM_GCC_541\Debug\Lab2.a(Timer_Counter.o)
 .text.Timer_Counter_SetInterrupt
                0x00000000        0xc .\CortexM0\ARM_GCC_541\Debug\Lab2.a(Timer_Counter.o)
 .text          0x00000000        0x0 .\CortexM0\ARM_GCC_541\Debug\Lab2.a(Button_1.o)
 .data          0x00000000        0x0 .\CortexM0\ARM_GCC_541\Debug\Lab2.a(Button_1.o)
 .bss           0x00000000        0x0 .\CortexM0\ARM_GCC_541\Debug\Lab2.a(Button_1.o)
 .text.Button_1_SetDriveMode
                0x00000000       0x18 .\CortexM0\ARM_GCC_541\Debug\Lab2.a(Button_1.o)
 .text.Button_1_Write
                0x00000000       0x18 .\CortexM0\ARM_GCC_541\Debug\Lab2.a(Button_1.o)
 .text.Button_1_Read
                0x00000000       0x10 .\CortexM0\ARM_GCC_541\Debug\Lab2.a(Button_1.o)
 .text.Button_1_ReadDataReg
                0x00000000       0x10 .\CortexM0\ARM_GCC_541\Debug\Lab2.a(Button_1.o)
 .text.Button_1_SetInterruptMode
                0x00000000       0x14 .\CortexM0\ARM_GCC_541\Debug\Lab2.a(Button_1.o)
 .text          0x00000000        0x0 .\CortexM0\ARM_GCC_541\Debug\Lab2.a(button_isr.o)
 .data          0x00000000        0x0 .\CortexM0\ARM_GCC_541\Debug\Lab2.a(button_isr.o)
 .bss           0x00000000        0x0 .\CortexM0\ARM_GCC_541\Debug\Lab2.a(button_isr.o)
 .text.button_isr_Interrupt
                0x00000000        0x4 .\CortexM0\ARM_GCC_541\Debug\Lab2.a(button_isr.o)
 .text.button_isr_GetVector
                0x00000000        0xc .\CortexM0\ARM_GCC_541\Debug\Lab2.a(button_isr.o)
 .text.button_isr_GetPriority
                0x00000000       0x10 .\CortexM0\ARM_GCC_541\Debug\Lab2.a(button_isr.o)
 .text.button_isr_GetState
                0x00000000       0x10 .\CortexM0\ARM_GCC_541\Debug\Lab2.a(button_isr.o)
 .text.button_isr_Start
                0x00000000       0x1c .\CortexM0\ARM_GCC_541\Debug\Lab2.a(button_isr.o)
 .text.button_isr_Stop
                0x00000000       0x14 .\CortexM0\ARM_GCC_541\Debug\Lab2.a(button_isr.o)
 .text.button_isr_SetPending
                0x00000000        0xc .\CortexM0\ARM_GCC_541\Debug\Lab2.a(button_isr.o)
 .text.button_isr_ClearPending
                0x00000000        0xc .\CortexM0\ARM_GCC_541\Debug\Lab2.a(button_isr.o)
 .data          0x00000000        0x0 .\CortexM0\ARM_GCC_541\Debug\Lab2.a(CyBootAsmGnu.o)
 .bss           0x00000000        0x0 .\CortexM0\ARM_GCC_541\Debug\Lab2.a(CyBootAsmGnu.o)
 .text          0x00000000      0x114 c:/program files (x86)/cypress/psoc creator/4.4/psoc creator/import/gnu/arm/5.4.1/bin/../lib/gcc/arm-none-eabi/5.4.1/armv6-m\libgcc.a(_udivsi3.o)
 .data          0x00000000        0x0 c:/program files (x86)/cypress/psoc creator/4.4/psoc creator/import/gnu/arm/5.4.1/bin/../lib/gcc/arm-none-eabi/5.4.1/armv6-m\libgcc.a(_udivsi3.o)
 .bss           0x00000000        0x0 c:/program files (x86)/cypress/psoc creator/4.4/psoc creator/import/gnu/arm/5.4.1/bin/../lib/gcc/arm-none-eabi/5.4.1/armv6-m\libgcc.a(_udivsi3.o)
 .text          0x00000000        0x4 c:/program files (x86)/cypress/psoc creator/4.4/psoc creator/import/gnu/arm/5.4.1/bin/../lib/gcc/arm-none-eabi/5.4.1/armv6-m\libgcc.a(_dvmd_tls.o)
 .data          0x00000000        0x0 c:/program files (x86)/cypress/psoc creator/4.4/psoc creator/import/gnu/arm/5.4.1/bin/../lib/gcc/arm-none-eabi/5.4.1/armv6-m\libgcc.a(_dvmd_tls.o)
 .bss           0x00000000        0x0 c:/program files (x86)/cypress/psoc creator/4.4/psoc creator/import/gnu/arm/5.4.1/bin/../lib/gcc/arm-none-eabi/5.4.1/armv6-m\libgcc.a(_dvmd_tls.o)
 .text          0x00000000        0x0 c:/program files (x86)/cypress/psoc creator/4.4/psoc creator/import/gnu/arm/5.4.1/bin/../lib/gcc/arm-none-eabi/5.4.1/../../../../arm-none-eabi/lib/armv6-m\libg_nano.a(lib_a-errno.o)
 .data          0x00000000        0x0 c:/program files (x86)/cypress/psoc creator/4.4/psoc creator/import/gnu/arm/5.4.1/bin/../lib/gcc/arm-none-eabi/5.4.1/../../../../arm-none-eabi/lib/armv6-m\libg_nano.a(lib_a-errno.o)
 .bss           0x00000000        0x0 c:/program files (x86)/cypress/psoc creator/4.4/psoc creator/import/gnu/arm/5.4.1/bin/../lib/gcc/arm-none-eabi/5.4.1/../../../../arm-none-eabi/lib/armv6-m\libg_nano.a(lib_a-errno.o)
 .text          0x00000000        0x0 c:/program files (x86)/cypress/psoc creator/4.4/psoc creator/import/gnu/arm/5.4.1/bin/../lib/gcc/arm-none-eabi/5.4.1/../../../../arm-none-eabi/lib/armv6-m\libg_nano.a(lib_a-exit.o)
 .data          0x00000000        0x0 c:/program files (x86)/cypress/psoc creator/4.4/psoc creator/import/gnu/arm/5.4.1/bin/../lib/gcc/arm-none-eabi/5.4.1/../../../../arm-none-eabi/lib/armv6-m\libg_nano.a(lib_a-exit.o)
 .bss           0x00000000        0x0 c:/program files (x86)/cypress/psoc creator/4.4/psoc creator/import/gnu/arm/5.4.1/bin/../lib/gcc/arm-none-eabi/5.4.1/../../../../arm-none-eabi/lib/armv6-m\libg_nano.a(lib_a-exit.o)
 .text.exit     0x00000000       0x2c c:/program files (x86)/cypress/psoc creator/4.4/psoc creator/import/gnu/arm/5.4.1/bin/../lib/gcc/arm-none-eabi/5.4.1/../../../../arm-none-eabi/lib/armv6-m\libg_nano.a(lib_a-exit.o)
 .text          0x00000000        0x0 c:/program files (x86)/cypress/psoc creator/4.4/psoc creator/import/gnu/arm/5.4.1/bin/../lib/gcc/arm-none-eabi/5.4.1/../../../../arm-none-eabi/lib/armv6-m\libg_nano.a(lib_a-impure.o)
 .data          0x00000000        0x0 c:/program files (x86)/cypress/psoc creator/4.4/psoc creator/import/gnu/arm/5.4.1/bin/../lib/gcc/arm-none-eabi/5.4.1/../../../../arm-none-eabi/lib/armv6-m\libg_nano.a(lib_a-impure.o)
 .bss           0x00000000        0x0 c:/program files (x86)/cypress/psoc creator/4.4/psoc creator/import/gnu/arm/5.4.1/bin/../lib/gcc/arm-none-eabi/5.4.1/../../../../arm-none-eabi/lib/armv6-m\libg_nano.a(lib_a-impure.o)
 .rodata._global_impure_ptr
                0x00000000        0x4 c:/program files (x86)/cypress/psoc creator/4.4/psoc creator/import/gnu/arm/5.4.1/bin/../lib/gcc/arm-none-eabi/5.4.1/../../../../arm-none-eabi/lib/armv6-m\libg_nano.a(lib_a-impure.o)
 .text          0x00000000        0x0 c:/program files (x86)/cypress/psoc creator/4.4/psoc creator/import/gnu/arm/5.4.1/bin/../lib/gcc/arm-none-eabi/5.4.1/../../../../arm-none-eabi/lib/armv6-m\libg_nano.a(lib_a-init.o)
 .data          0x00000000        0x0 c:/program files (x86)/cypress/psoc creator/4.4/psoc creator/import/gnu/arm/5.4.1/bin/../lib/gcc/arm-none-eabi/5.4.1/../../../../arm-none-eabi/lib/armv6-m\libg_nano.a(lib_a-init.o)
 .bss           0x00000000        0x0 c:/program files (x86)/cypress/psoc creator/4.4/psoc creator/import/gnu/arm/5.4.1/bin/../lib/gcc/arm-none-eabi/5.4.1/../../../../arm-none-eabi/lib/armv6-m\libg_nano.a(lib_a-init.o)
 .text          0x00000000        0x0 c:/program files (x86)/cypress/psoc creator/4.4/psoc creator/import/gnu/arm/5.4.1/bin/../lib/gcc/arm-none-eabi/5.4.1/../../../../arm-none-eabi/lib/armv6-m\libg_nano.a(lib_a-memset.o)
 .data          0x00000000        0x0 c:/program files (x86)/cypress/psoc creator/4.4/psoc creator/import/gnu/arm/5.4.1/bin/../lib/gcc/arm-none-eabi/5.4.1/../../../../arm-none-eabi/lib/armv6-m\libg_nano.a(lib_a-memset.o)
 .bss           0x00000000        0x0 c:/program files (x86)/cypress/psoc creator/4.4/psoc creator/import/gnu/arm/5.4.1/bin/../lib/gcc/arm-none-eabi/5.4.1/../../../../arm-none-eabi/lib/armv6-m\libg_nano.a(lib_a-memset.o)
 .text          0x00000000        0x0 c:/program files (x86)/cypress/psoc creator/4.4/psoc creator/import/gnu/arm/5.4.1/bin/../lib/gcc/arm-none-eabi/5.4.1/armv6-m/crtend.o
 .data          0x00000000        0x0 c:/program files (x86)/cypress/psoc creator/4.4/psoc creator/import/gnu/arm/5.4.1/bin/../lib/gcc/arm-none-eabi/5.4.1/armv6-m/crtend.o
 .bss           0x00000000        0x0 c:/program files (x86)/cypress/psoc creator/4.4/psoc creator/import/gnu/arm/5.4.1/bin/../lib/gcc/arm-none-eabi/5.4.1/armv6-m/crtend.o
 .text          0x00000000        0x0 c:/program files (x86)/cypress/psoc creator/4.4/psoc creator/import/gnu/arm/5.4.1/bin/../lib/gcc/arm-none-eabi/5.4.1/armv6-m/crtn.o
 .data          0x00000000        0x0 c:/program files (x86)/cypress/psoc creator/4.4/psoc creator/import/gnu/arm/5.4.1/bin/../lib/gcc/arm-none-eabi/5.4.1/armv6-m/crtn.o
 .bss           0x00000000        0x0 c:/program files (x86)/cypress/psoc creator/4.4/psoc creator/import/gnu/arm/5.4.1/bin/../lib/gcc/arm-none-eabi/5.4.1/armv6-m/crtn.o

Memory Configuration

Name             Origin             Length             Attributes
rom              0x00000000         0x00008000         xr
ram              0x20000000         0x00001000         xrw
*default*        0x00000000         0xffffffff

Linker script and memory map

LOAD c:/program files (x86)/cypress/psoc creator/4.4/psoc creator/import/gnu/arm/5.4.1/bin/../lib/gcc/arm-none-eabi/5.4.1/armv6-m/crti.o
LOAD c:/program files (x86)/cypress/psoc creator/4.4/psoc creator/import/gnu/arm/5.4.1/bin/../lib/gcc/arm-none-eabi/5.4.1/armv6-m/crtbegin.o
LOAD c:/program files (x86)/cypress/psoc creator/4.4/psoc creator/import/gnu/arm/5.4.1/bin/../lib/gcc/arm-none-eabi/5.4.1/../../../../arm-none-eabi/lib/armv6-m/crt0.o
START GROUP
LOAD .\CortexM0\ARM_GCC_541\Debug\main.o
LOAD .\CortexM0\ARM_GCC_541\Debug\cyfitter_cfg.o
LOAD .\CortexM0\ARM_GCC_541\Debug\cybootloader.o
LOAD .\CortexM0\ARM_GCC_541\Debug\cymetadata.o
LOAD .\CortexM0\ARM_GCC_541\Debug\Cm0Start.o
LOAD .\CortexM0\ARM_GCC_541\Debug\Lab2.a
END GROUP
START GROUP
LOAD c:/program files (x86)/cypress/psoc creator/4.4/psoc creator/import/gnu/arm/5.4.1/bin/../lib/gcc/arm-none-eabi/5.4.1/armv6-m\libgcc.a
LOAD c:/program files (x86)/cypress/psoc creator/4.4/psoc creator/import/gnu/arm/5.4.1/bin/../lib/gcc/arm-none-eabi/5.4.1/../../../../arm-none-eabi/lib/armv6-m\libg_nano.a
LOAD c:/program files (x86)/cypress/psoc creator/4.4/psoc creator/import/gnu/arm/5.4.1/bin/../lib/gcc/arm-none-eabi/5.4.1/../../../../arm-none-eabi/lib/armv6-m\libc_nano.a
END GROUP
START GROUP
LOAD c:/program files (x86)/cypress/psoc creator/4.4/psoc creator/import/gnu/arm/5.4.1/bin/../lib/gcc/arm-none-eabi/5.4.1/armv6-m\libgcc.a
LOAD c:/program files (x86)/cypress/psoc creator/4.4/psoc creator/import/gnu/arm/5.4.1/bin/../lib/gcc/arm-none-eabi/5.4.1/../../../../arm-none-eabi/lib/armv6-m\libc_nano.a
END GROUP
LOAD c:/program files (x86)/cypress/psoc creator/4.4/psoc creator/import/gnu/arm/5.4.1/bin/../lib/gcc/arm-none-eabi/5.4.1/armv6-m/crtend.o
LOAD c:/program files (x86)/cypress/psoc creator/4.4/psoc creator/import/gnu/arm/5.4.1/bin/../lib/gcc/arm-none-eabi/5.4.1/armv6-m/crtn.o
START GROUP
LOAD c:/program files (x86)/cypress/psoc creator/4.4/psoc creator/import/gnu/arm/5.4.1/bin/../lib/gcc/arm-none-eabi/5.4.1/armv6-m\libgcc.a
LOAD c:/program files (x86)/cypress/psoc creator/4.4/psoc creator/import/gnu/arm/5.4.1/bin/../lib/gcc/arm-none-eabi/5.4.1/../../../../arm-none-eabi/lib/armv6-m\libc.a
LOAD c:/program files (x86)/cypress/psoc creator/4.4/psoc creator/import/gnu/arm/5.4.1/bin/../lib/gcc/arm-none-eabi/5.4.1/../../../../arm-none-eabi/lib/armv6-m\libnosys.a
END GROUP
                0x00000000                CY_APPL_ORIGIN = 0x0
                0x00000080                CY_FLASH_ROW_SIZE = 0x80
                0x00000001                CY_APPL_NUM = 0x1
                0x00000001                CY_APPL_MAX = 0x1
                0x00000040                CY_METADATA_SIZE = 0x40
                0x00000001                CY_APPL_LOADABLE = 0x1
                0x00000000                CY_CHECKSUM_EXCLUDE_SIZE = ALIGN (0x0, CY_FLASH_ROW_SIZE)
                0x00000000                CY_APP_FOR_STACK_AND_COPIER = 0x0
                [!provide]                PROVIDE (__cy_heap_start, _end)
                0x00000001                PROVIDE (__cy_region_num, ((__cy_regions_end - __cy_regions) / 0x10))
                0x20001000                PROVIDE (__cy_stack, (ORIGIN (ram) + LENGTH (ram)))
                [!provide]                PROVIDE (__cy_heap_end, (__cy_stack - 0x400))

.cybootloader   0x00000000     0x1100
 *(.cybootloader)
 .cybootloader  0x00000000     0x1100 .\CortexM0\ARM_GCC_541\Debug\cybootloader.o
                0x00000000                cy_bootloader
                0x00001100                appl1_start = CY_APPL_ORIGIN?CY_APPL_ORIGIN:ALIGN (CY_FLASH_ROW_SIZE)
                0x00004800                appl2_start = (appl1_start + ALIGN ((((LENGTH (rom) - appl1_start) - (0x2 * CY_FLASH_ROW_SIZE)) / 0x2), CY_FLASH_ROW_SIZE))
                0x00001100                appl_start = (CY_APPL_NUM == 0x1)?appl1_start:appl2_start
                0x00000000                cy_project_type_bootloader = (appl_start == 0x0)?0x1:0x0
                0x00000000                cy_project_type_app_for_stack_and_copier = (CY_APP_FOR_STACK_AND_COPIER == 0x1)?0x1:0x0

.text           0x00001100      0x924
 CREATE_OBJECT_SYMBOLS
                0x00001100                PROVIDE (__cy_interrupt_vector, RomVectors)
 *(.romvectors)
 .romvectors    0x00001100       0x10 .\CortexM0\ARM_GCC_541\Debug\Cm0Start.o
                0x00001100                RomVectors
                0x00000001                ASSERT ((. != __cy_interrupt_vector), No interrupt vector)
                0x00000001                ASSERT (CY_APPL_ORIGIN?(SIZEOF (.cybootloader) <= CY_APPL_ORIGIN):0x1, Wrong image location)
                0x00001110                PROVIDE (__cy_reset, Reset)
 *(.text.Reset)
 .text.Reset    0x00001110       0x10 .\CortexM0\ARM_GCC_541\Debug\Cm0Start.o
                0x00001110                Reset
                0x00000001                ASSERT ((. != __cy_reset), No reset code)
 *(.psocinit)
 .psocinit      0x00001120      0x164 .\CortexM0\ARM_GCC_541\Debug\cyfitter_cfg.o
                0x00001198                cyfitter_cfg
                0x00001284                . = MAX (., 0x100)
 *(.text .text.* .gnu.linkonce.t.*)
 .text          0x00001284       0x60 c:/program files (x86)/cypress/psoc creator/4.4/psoc creator/import/gnu/arm/5.4.1/bin/../lib/gcc/arm-none-eabi/5.4.1/armv6-m/crtbegin.o
 .text.timer_isr_interrupt
                0x000012e4       0x20 .\CortexM0\ARM_GCC_541\Debug\main.o
                0x000012e4                timer_isr_interrupt
 .text.button_isr_interrupt
                0x00001304       0x20 .\CortexM0\ARM_GCC_541\Debug\main.o
                0x00001304                button_isr_interrupt
 .text.main     0x00001324       0xd4 .\CortexM0\ARM_GCC_541\Debug\main.o
                0x00001324                main
 .text.cfg_write_bytes32
                0x000013f8       0x34 .\CortexM0\ARM_GCC_541\Debug\cyfitter_cfg.o
 .text.CYMEMZERO
                0x0000142c        0xc .\CortexM0\ARM_GCC_541\Debug\cyfitter_cfg.o
 .text.IntDefaultHandler
                0x00001438       0x10 .\CortexM0\ARM_GCC_541\Debug\Cm0Start.o
                0x00001438                IntDefaultHandler
 .text.Start_c  0x00001448       0x48 .\CortexM0\ARM_GCC_541\Debug\Cm0Start.o
                0x00001448                Start_c
 .text.initialize_psoc
                0x00001490       0x50 .\CortexM0\ARM_GCC_541\Debug\Cm0Start.o
                0x00001490                initialize_psoc
 .text.CyIntEnable
                0x000014e0       0x14 .\CortexM0\ARM_GCC_541\Debug\Lab2.a(CyLib.o)
                0x000014e0                CyIntEnable
 .text.CyHalt   0x000014f4        0x4 .\CortexM0\ARM_GCC_541\Debug\Lab2.a(CyLib.o)
                0x000014f4                CyHalt
 .text.CyIntSetVector
                0x000014f8       0x24 .\CortexM0\ARM_GCC_541\Debug\Lab2.a(CyLib.o)
                0x000014f8                CyIntSetVector
 .text.CyDelayUs
                0x0000151c       0x14 .\CortexM0\ARM_GCC_541\Debug\Lab2.a(CyLib.o)
                0x0000151c                CyDelayUs
 .text.CySysClkWriteImoFreq
                0x00001530      0x164 .\CortexM0\ARM_GCC_541\Debug\Lab2.a(CyLib.o)
                0x00001530                CySysClkWriteImoFreq
 .text.CySysWdtLocked
                0x00001694       0x14 .\CortexM0\ARM_GCC_541\Debug\Lab2.a(CyLFClk.o)
 .text.CySysWdtLock
                0x000016a8       0x1c .\CortexM0\ARM_GCC_541\Debug\Lab2.a(CyLFClk.o)
                0x000016a8                CySysWdtLock
 .text.CySysWdtUnlock
                0x000016c4       0x30 .\CortexM0\ARM_GCC_541\Debug\Lab2.a(CyLFClk.o)
                0x000016c4                CySysWdtUnlock
 .text.CySysWdtClearInterrupt
                0x000016f4       0x4c .\CortexM0\ARM_GCC_541\Debug\Lab2.a(CyLFClk.o)
                0x000016f4                CySysWdtClearInterrupt
 .text.CySysWdtIsr
                0x00001740       0xa4 .\CortexM0\ARM_GCC_541\Debug\Lab2.a(CyLFClk.o)
                0x00001740                CySysWdtIsr
 .text.timer_isr_SetVector
                0x000017e4        0xc .\CortexM0\ARM_GCC_541\Debug\Lab2.a(timer_isr.o)
                0x000017e4                timer_isr_SetVector
 .text.timer_isr_SetPriority
                0x000017f0       0x20 .\CortexM0\ARM_GCC_541\Debug\Lab2.a(timer_isr.o)
                0x000017f0                timer_isr_SetPriority
 .text.timer_isr_Enable
                0x00001810       0x10 .\CortexM0\ARM_GCC_541\Debug\Lab2.a(timer_isr.o)
                0x00001810                timer_isr_Enable
 .text.timer_isr_Disable
                0x00001820       0x10 .\CortexM0\ARM_GCC_541\Debug\Lab2.a(timer_isr.o)
                0x00001820                timer_isr_Disable
 .text.timer_isr_StartEx
                0x00001830       0x1c .\CortexM0\ARM_GCC_541\Debug\Lab2.a(timer_isr.o)
                0x00001830                timer_isr_StartEx
 .text.Control_Reg_Write
                0x0000184c        0xc .\CortexM0\ARM_GCC_541\Debug\Lab2.a(Control_Reg.o)
                0x0000184c                Control_Reg_Write
 .text.Timer_Counter_WriteCounter
                0x00001858       0x10 .\CortexM0\ARM_GCC_541\Debug\Lab2.a(Timer_Counter.o)
                0x00001858                Timer_Counter_WriteCounter
 .text.Timer_Counter_WritePeriod
                0x00001868       0x10 .\CortexM0\ARM_GCC_541\Debug\Lab2.a(Timer_Counter.o)
                0x00001868                Timer_Counter_WritePeriod
 .text.Timer_Counter_TriggerCommand
                0x00001878       0x1c .\CortexM0\ARM_GCC_541\Debug\Lab2.a(Timer_Counter.o)
                0x00001878                Timer_Counter_TriggerCommand
 .text.Timer_Counter_Enable
                0x00001894       0x24 .\CortexM0\ARM_GCC_541\Debug\Lab2.a(Timer_Counter.o)
                0x00001894                Timer_Counter_Enable
 .text.Timer_Counter_SetInterruptMode
                0x000018b8        0xc .\CortexM0\ARM_GCC_541\Debug\Lab2.a(Timer_Counter.o)
                0x000018b8                Timer_Counter_SetInterruptMode
 .text.Timer_Counter_Init
                0x000018c4       0x30 .\CortexM0\ARM_GCC_541\Debug\Lab2.a(Timer_Counter.o)
                0x000018c4                Timer_Counter_Init
 .text.Timer_Counter_Start
                0x000018f4       0x20 .\CortexM0\ARM_GCC_541\Debug\Lab2.a(Timer_Counter.o)
                0x000018f4                Timer_Counter_Start
 .text.Timer_Counter_ClearInterrupt
                0x00001914        0xc .\CortexM0\ARM_GCC_541\Debug\Lab2.a(Timer_Counter.o)
                0x00001914                Timer_Counter_ClearInterrupt
 .text.Button_1_ClearInterrupt
                0x00001920       0x14 .\CortexM0\ARM_GCC_541\Debug\Lab2.a(Button_1.o)
                0x00001920                Button_1_ClearInterrupt
 .text.button_isr_SetVector
                0x00001934        0xc .\CortexM0\ARM_GCC_541\Debug\Lab2.a(button_isr.o)
                0x00001934                button_isr_SetVector
 .text.button_isr_SetPriority
                0x00001940       0x20 .\CortexM0\ARM_GCC_541\Debug\Lab2.a(button_isr.o)
                0x00001940                button_isr_SetPriority
 .text.button_isr_Enable
                0x00001960        0xc .\CortexM0\ARM_GCC_541\Debug\Lab2.a(button_isr.o)
                0x00001960                button_isr_Enable
 .text.button_isr_Disable
                0x0000196c        0xc .\CortexM0\ARM_GCC_541\Debug\Lab2.a(button_isr.o)
                0x0000196c                button_isr_Disable
 .text.button_isr_StartEx
                0x00001978       0x1c .\CortexM0\ARM_GCC_541\Debug\Lab2.a(button_isr.o)
                0x00001978                button_isr_StartEx
 *fill*         0x00001994        0x4 
 .text          0x00001998       0x24 .\CortexM0\ARM_GCC_541\Debug\Lab2.a(CyBootAsmGnu.o)
                0x00001998                CyDelayCycles
                0x000019ac                CyEnterCriticalSection
                0x000019b4                CyExitCriticalSection
 .text.__errno  0x000019bc        0xc c:/program files (x86)/cypress/psoc creator/4.4/psoc creator/import/gnu/arm/5.4.1/bin/../lib/gcc/arm-none-eabi/5.4.1/../../../../arm-none-eabi/lib/armv6-m\libg_nano.a(lib_a-errno.o)
                0x000019bc                __errno
 .text.__libc_init_array
                0x000019c8       0x4c c:/program files (x86)/cypress/psoc creator/4.4/psoc creator/import/gnu/arm/5.4.1/bin/../lib/gcc/arm-none-eabi/5.4.1/../../../../arm-none-eabi/lib/armv6-m\libg_nano.a(lib_a-init.o)
                0x000019c8                __libc_init_array
 .text.memset   0x00001a14       0x10 c:/program files (x86)/cypress/psoc creator/4.4/psoc creator/import/gnu/arm/5.4.1/bin/../lib/gcc/arm-none-eabi/5.4.1/../../../../arm-none-eabi/lib/armv6-m\libg_nano.a(lib_a-memset.o)
                0x00001a14                memset
 *(.plt)
 *(.gnu.warning)
 *(.glue_7t)
 .glue_7t       0x00001a24        0x0 linker stubs
 *(.glue_7)
 .glue_7        0x00001a24        0x0 linker stubs
 *(.vfp11_veneer)
 .vfp11_veneer  0x00001a24        0x0 linker stubs
 *(.bootloader)
 *(.ARM.extab* .gnu.linkonce.armextab.*)
 *(.gcc_except_table)

.v4_bx          0x00001a24        0x0
 .v4_bx         0x00001a24        0x0 linker stubs

.iplt           0x00001a24        0x0
 .iplt          0x00001a24        0x0 c:/program files (x86)/cypress/psoc creator/4.4/psoc creator/import/gnu/arm/5.4.1/bin/../lib/gcc/arm-none-eabi/5.4.1/armv6-m/crtbegin.o

.eh_frame_hdr
 *(.eh_frame_hdr)

.eh_frame       0x00001a24        0x4
 *(.eh_frame)
 .eh_frame      0x00001a24        0x0 c:/program files (x86)/cypress/psoc creator/4.4/psoc creator/import/gnu/arm/5.4.1/bin/../lib/gcc/arm-none-eabi/5.4.1/armv6-m/crtbegin.o
 .eh_frame      0x00001a24        0x4 c:/program files (x86)/cypress/psoc creator/4.4/psoc creator/import/gnu/arm/5.4.1/bin/../lib/gcc/arm-none-eabi/5.4.1/armv6-m/crtend.o
                [!provide]                PROVIDE (__exidx_start, .)

.ARM.exidx
 *(.ARM.exidx* .gnu.linkonce.armexidx.*)
                0x00001a28                __exidx_end = .

.rodata         0x00001a28      0x138
 *(.rodata .rodata.* .gnu.linkonce.r.*)
 .rodata        0x00001a28       0x90 .\CortexM0\ARM_GCC_541\Debug\main.o
 .rodata        0x00001ab8       0x40 .\CortexM0\ARM_GCC_541\Debug\cyfitter_cfg.o
 .rodata        0x00001af8       0x2e .\CortexM0\ARM_GCC_541\Debug\Lab2.a(CyLib.o)
                0x00001af8                cyImoFreqMhz2Reg
 .rodata.str1.1
                0x00001b26        0x2 c:/program files (x86)/cypress/psoc creator/4.4/psoc creator/import/gnu/arm/5.4.1/bin/../lib/gcc/arm-none-eabi/5.4.1/../../../../arm-none-eabi/lib/armv6-m\libg_nano.a(lib_a-impure.o)
                0x00001b28                . = ALIGN (0x4)
 *(.init)
 .init          0x00001b28        0x4 c:/program files (x86)/cypress/psoc creator/4.4/psoc creator/import/gnu/arm/5.4.1/bin/../lib/gcc/arm-none-eabi/5.4.1/armv6-m/crti.o
                0x00001b28                _init
 .init          0x00001b2c        0x8 c:/program files (x86)/cypress/psoc creator/4.4/psoc creator/import/gnu/arm/5.4.1/bin/../lib/gcc/arm-none-eabi/5.4.1/armv6-m/crtn.o
                0x00001b34                . = ALIGN (0x4)
                0x00001b34                __preinit_array_start = .
 *(.preinit_array)
                0x00001b34                __preinit_array_end = .
                0x00001b34                . = ALIGN (0x4)
                0x00001b34                __init_array_start = .
 *(SORT(.init_array.*))
 *(.init_array)
 .init_array    0x00001b34        0x4 c:/program files (x86)/cypress/psoc creator/4.4/psoc creator/import/gnu/arm/5.4.1/bin/../lib/gcc/arm-none-eabi/5.4.1/armv6-m/crtbegin.o
 .init_array    0x00001b38        0x4 .\CortexM0\ARM_GCC_541\Debug\Cm0Start.o
                0x00001b3c                __init_array_end = .
                0x00001b3c                . = ALIGN (0x4)
 *(.fini)
 .fini          0x00001b3c        0x4 c:/program files (x86)/cypress/psoc creator/4.4/psoc creator/import/gnu/arm/5.4.1/bin/../lib/gcc/arm-none-eabi/5.4.1/armv6-m/crti.o
                0x00001b3c                _fini
 .fini          0x00001b40        0x8 c:/program files (x86)/cypress/psoc creator/4.4/psoc creator/import/gnu/arm/5.4.1/bin/../lib/gcc/arm-none-eabi/5.4.1/armv6-m/crtn.o
                0x00001b48                . = ALIGN (0x4)
                0x00001b48                __fini_array_start = .
 *(.fini_array)
 .fini_array    0x00001b48        0x4 c:/program files (x86)/cypress/psoc creator/4.4/psoc creator/import/gnu/arm/5.4.1/bin/../lib/gcc/arm-none-eabi/5.4.1/armv6-m/crtbegin.o
 *(SORT(.fini_array.*))
                0x00001b4c                __fini_array_end = .
                0x00001b4c                . = ALIGN (0x4)
 *crtbegin.o(.ctors)
 *(EXCLUDE_FILE(*crtend.o) .ctors)
 *(SORT(.ctors.*))
 *crtend.o(.ctors)
                0x00001b4c                . = ALIGN (0x4)
 *crtbegin.o(.dtors)
 *(EXCLUDE_FILE(*crtend.o) .dtors)
 *(SORT(.dtors.*))
 *crtend.o(.dtors)
                0x00001b4c                . = ALIGN (0x4)
                0x00001b4c                __cy_regions = .
                0x00001b4c        0x4 LONG 0x1b60 __cy_region_init_ram
                0x00001b50        0x4 LONG 0x200000c8 __cy_region_start_data
                0x00001b54        0x4 LONG 0x80 __cy_region_init_size_ram
                0x00001b58        0x4 LONG 0x40 __cy_region_zero_size_ram
                0x00001b5c                __cy_regions_end = .
                0x00001b60                . = ALIGN (0x8)
 *fill*         0x00001b5c        0x4 
                0x00001b60                _etext = .

.ramvectors     0x20000000       0xc0
                0x20000000                __cy_region_start_ram = .
 *(.ramvectors)
 .ramvectors    0x20000000       0xc0 .\CortexM0\ARM_GCC_541\Debug\Cm0Start.o
                0x20000000                CyRamVectors

.btldr_run      0x200000c0        0x4
 *(.bootloaderruntype)
 .bootloaderruntype
                0x200000c0        0x4 .\CortexM0\ARM_GCC_541\Debug\Cm0Start.o
                0x200000c0                cyBtldrRunType

.noinit
 *(.noinit)

.data           0x200000c8       0x80 load address 0x00001b60
                0x200000c8                __cy_region_start_data = .
 *(.jcr)
 .jcr           0x200000c8        0x0 c:/program files (x86)/cypress/psoc creator/4.4/psoc creator/import/gnu/arm/5.4.1/bin/../lib/gcc/arm-none-eabi/5.4.1/armv6-m/crtbegin.o
 .jcr           0x200000c8        0x4 c:/program files (x86)/cypress/psoc creator/4.4/psoc creator/import/gnu/arm/5.4.1/bin/../lib/gcc/arm-none-eabi/5.4.1/armv6-m/crtend.o
 *(.got.plt)
 *(.got)
 *(.shdata)
 *(.data .data.* .gnu.linkonce.d.*)
 .data          0x200000cc       0x14 .\CortexM0\ARM_GCC_541\Debug\Lab2.a(CyLib.o)
                0x200000cc                CySysClkPumpConfig
                0x200000d0                cydelay32kMs
                0x200000d4                cydelayFreqKhz
                0x200000d8                cydelayFreqMhz
                0x200000dc                cydelayFreqHz
 .data          0x200000e0        0x4 .\CortexM0\ARM_GCC_541\Debug\Lab2.a(CyLFClk.o)
 .data.impure_data
                0x200000e4       0x60 c:/program files (x86)/cypress/psoc creator/4.4/psoc creator/import/gnu/arm/5.4.1/bin/../lib/gcc/arm-none-eabi/5.4.1/../../../../arm-none-eabi/lib/armv6-m\libg_nano.a(lib_a-impure.o)
 .data._impure_ptr
                0x20000144        0x4 c:/program files (x86)/cypress/psoc creator/4.4/psoc creator/import/gnu/arm/5.4.1/bin/../lib/gcc/arm-none-eabi/5.4.1/../../../../arm-none-eabi/lib/armv6-m\libg_nano.a(lib_a-impure.o)
                0x20000144                _impure_ptr
                0x20000148                . = ALIGN (0x8)
 *(.ram)
                0x20000148                _edata = .

.igot.plt       0x20000148        0x0 load address 0x00001be0
 .igot.plt      0x20000148        0x0 c:/program files (x86)/cypress/psoc creator/4.4/psoc creator/import/gnu/arm/5.4.1/bin/../lib/gcc/arm-none-eabi/5.4.1/armv6-m/crtbegin.o

.bss            0x20000148       0x40 load address 0x00001be0
                0x20000148                PROVIDE (__bss_start__, .)
 *(.shbss)
 *(.bss .bss.* .gnu.linkonce.b.*)
 .bss           0x20000148       0x1c c:/program files (x86)/cypress/psoc creator/4.4/psoc creator/import/gnu/arm/5.4.1/bin/../lib/gcc/arm-none-eabi/5.4.1/armv6-m/crtbegin.o
 .bss           0x20000164       0x20 .\CortexM0\ARM_GCC_541\Debug\Lab2.a(CyLFClk.o)
 .bss           0x20000184        0x1 .\CortexM0\ARM_GCC_541\Debug\Lab2.a(Timer_Counter.o)
                0x20000184                Timer_Counter_initVar
 *(COMMON)
 COMMON         0x20000185        0x2 .\CortexM0\ARM_GCC_541\Debug\main.o
                0x20000185                mode
                0x20000186                counter
                0x20000188                . = ALIGN (0x8)
 *fill*         0x20000187        0x1 
 *(.ram.b)
                0x20000188                _end = .
                0x20000188                __end = .
                0x20000188                PROVIDE (end, .)
                0x20000188                PROVIDE (__bss_end__, .)
                0x00001b60                __cy_region_init_ram = LOADADDR (.data)
                0x00000080                __cy_region_init_size_ram = (_edata - ADDR (.data))
                0x00000040                __cy_region_zero_size_ram = (_end - _edata)

.heap           0x20000188       0x80 load address 0x00001be0
                0x20000188                . = _end
                0x20000208                . = (. + 0x80)
 *fill*         0x20000188       0x80 
                0x20000208                __cy_heap_limit = .

.stack          0x20000c00      0x400
                0x20000c00                __cy_stack_limit = .
                0x20001000                . = (. + 0x400)
 *fill*         0x20000c00      0x400 
                0x00000001                ASSERT ((__cy_stack_limit >= __cy_heap_limit), region RAM overflowed with stack)

.cy_checksum_exclude
                0x00007f80        0x0
 *(.cy_checksum_exclude)
                0x00000000                cy_checksum_exclude_size = (CY_APPL_LOADABLE == 0x1)?SIZEOF (.cy_checksum_exclude):0x0
                0x00000001                ASSERT ((cy_checksum_exclude_size <= CY_CHECKSUM_EXCLUDE_SIZE), CY_BOOT: Section .cy_checksum_exclude size exceedes specified limit.)
                0xf0000000                cyloadermeta_start = (cy_project_type_bootloader || cy_project_type_app_for_stack_and_copier)?(LENGTH (rom) - CY_METADATA_SIZE):0xf0000000

.cyloadermeta   0xf0000000       0x40
 *(.cyloadermeta)
 .cyloadermeta  0xf0000000       0x40 .\CortexM0\ARM_GCC_541\Debug\cybootloader.o
                0xf0000000                cy_meta_loader
                0x00007fc0                cyloadablemeta_start = cy_project_type_app_for_stack_and_copier?((LENGTH (rom) - CY_FLASH_ROW_SIZE) - CY_METADATA_SIZE):((LENGTH (rom) - (CY_FLASH_ROW_SIZE * (CY_APPL_NUM - 0x1))) - CY_METADATA_SIZE)

.cyloadablemeta
                0x00007fc0       0x40
 *(.cyloadablemeta)
 .cyloadablemeta
                0x00007fc0       0x40 .\CortexM0\ARM_GCC_541\Debug\cymetadata.o
                0x00007fc0                cy_meta_loadable

.cyflashprotect
                0x90400000       0x20
 *(.cyflashprotect)
 .cyflashprotect
                0x90400000       0x20 .\CortexM0\ARM_GCC_541\Debug\cybootloader.o
                0x90400000                cy_meta_flashprotect

.cymeta         0x90500000        0xc
 *(.cymeta)
 .cymeta        0x90500000        0xc .\CortexM0\ARM_GCC_541\Debug\cybootloader.o
                0x90500000                cy_metadata

.cychipprotect  0x90600000        0x1
 *(.cychipprotect)
 .cychipprotect
                0x90600000        0x1 .\CortexM0\ARM_GCC_541\Debug\cybootloader.o
                0x90600000                cy_meta_chipprotect

.rel.dyn        0x00008000        0x0 load address 0x90600004
 .rel.iplt      0x00008000        0x0 c:/program files (x86)/cypress/psoc creator/4.4/psoc creator/import/gnu/arm/5.4.1/bin/../lib/gcc/arm-none-eabi/5.4.1/armv6-m/crtbegin.o

.stab
 *(.stab)

.stabstr
 *(.stabstr)

.debug
 *(.debug)

.line
 *(.line)

.debug_srcinfo
 *(.debug_srcinfo)

.debug_sfnames
 *(.debug_sfnames)

.debug_aranges  0x00000000      0x680
 *(.debug_aranges)
 .debug_aranges
                0x00000000       0x30 .\CortexM0\ARM_GCC_541\Debug\main.o
 .debug_aranges
                0x00000030       0x38 .\CortexM0\ARM_GCC_541\Debug\cyfitter_cfg.o
 .debug_aranges
                0x00000068       0x18 .\CortexM0\ARM_GCC_541\Debug\cybootloader.o
 .debug_aranges
                0x00000080       0x18 .\CortexM0\ARM_GCC_541\Debug\cymetadata.o
 .debug_aranges
                0x00000098       0x48 .\CortexM0\ARM_GCC_541\Debug\Cm0Start.o
 .debug_aranges
                0x000000e0      0x180 .\CortexM0\ARM_GCC_541\Debug\Lab2.a(CyLib.o)
 .debug_aranges
                0x00000260      0x138 .\CortexM0\ARM_GCC_541\Debug\Lab2.a(CyLFClk.o)
 .debug_aranges
                0x00000398       0x80 .\CortexM0\ARM_GCC_541\Debug\Lab2.a(timer_isr.o)
 .debug_aranges
                0x00000418       0x28 .\CortexM0\ARM_GCC_541\Debug\Lab2.a(Control_Reg.o)
 .debug_aranges
                0x00000440      0x158 .\CortexM0\ARM_GCC_541\Debug\Lab2.a(Timer_Counter.o)
 .debug_aranges
                0x00000598       0x48 .\CortexM0\ARM_GCC_541\Debug\Lab2.a(Button_1.o)
 .debug_aranges
                0x000005e0       0x80 .\CortexM0\ARM_GCC_541\Debug\Lab2.a(button_isr.o)
 .debug_aranges
                0x00000660       0x20 .\CortexM0\ARM_GCC_541\Debug\Lab2.a(CyBootAsmGnu.o)

.debug_pubnames
 *(.debug_pubnames)

.debug_info     0x00000000     0x3602
 *(.debug_info .gnu.linkonce.wi.*)
 .debug_info    0x00000000      0x2ce .\CortexM0\ARM_GCC_541\Debug\main.o
 .debug_info    0x000002ce      0x3a0 .\CortexM0\ARM_GCC_541\Debug\cyfitter_cfg.o
 .debug_info    0x0000066e      0x153 .\CortexM0\ARM_GCC_541\Debug\cybootloader.o
 .debug_info    0x000007c1       0xac .\CortexM0\ARM_GCC_541\Debug\cymetadata.o
 .debug_info    0x0000086d      0x3b3 .\CortexM0\ARM_GCC_541\Debug\Cm0Start.o
 .debug_info    0x00000c20      0xaed .\CortexM0\ARM_GCC_541\Debug\Lab2.a(CyLib.o)
 .debug_info    0x0000170d      0xcfe .\CortexM0\ARM_GCC_541\Debug\Lab2.a(CyLFClk.o)
 .debug_info    0x0000240b      0x305 .\CortexM0\ARM_GCC_541\Debug\Lab2.a(timer_isr.o)
 .debug_info    0x00002710       0xd6 .\CortexM0\ARM_GCC_541\Debug\Lab2.a(Control_Reg.o)
 .debug_info    0x000027e6      0x8f6 .\CortexM0\ARM_GCC_541\Debug\Lab2.a(Timer_Counter.o)
 .debug_info    0x000030dc      0x19d .\CortexM0\ARM_GCC_541\Debug\Lab2.a(Button_1.o)
 .debug_info    0x00003279      0x305 .\CortexM0\ARM_GCC_541\Debug\Lab2.a(button_isr.o)
 .debug_info    0x0000357e       0x84 .\CortexM0\ARM_GCC_541\Debug\Lab2.a(CyBootAsmGnu.o)

.debug_abbrev   0x00000000      0xeb4
 *(.debug_abbrev)
 .debug_abbrev  0x00000000       0xd2 .\CortexM0\ARM_GCC_541\Debug\main.o
 .debug_abbrev  0x000000d2      0x199 .\CortexM0\ARM_GCC_541\Debug\cyfitter_cfg.o
 .debug_abbrev  0x0000026b       0x77 .\CortexM0\ARM_GCC_541\Debug\cybootloader.o
 .debug_abbrev  0x000002e2       0x5d .\CortexM0\ARM_GCC_541\Debug\cymetadata.o
 .debug_abbrev  0x0000033f      0x1e8 .\CortexM0\ARM_GCC_541\Debug\Cm0Start.o
 .debug_abbrev  0x00000527      0x1d3 .\CortexM0\ARM_GCC_541\Debug\Lab2.a(CyLib.o)
 .debug_abbrev  0x000006fa      0x210 .\CortexM0\ARM_GCC_541\Debug\Lab2.a(CyLFClk.o)
 .debug_abbrev  0x0000090a      0x19a .\CortexM0\ARM_GCC_541\Debug\Lab2.a(timer_isr.o)
 .debug_abbrev  0x00000aa4       0x81 .\CortexM0\ARM_GCC_541\Debug\Lab2.a(Control_Reg.o)
 .debug_abbrev  0x00000b25      0x119 .\CortexM0\ARM_GCC_541\Debug\Lab2.a(Timer_Counter.o)
 .debug_abbrev  0x00000c3e       0xc8 .\CortexM0\ARM_GCC_541\Debug\Lab2.a(Button_1.o)
 .debug_abbrev  0x00000d06      0x19a .\CortexM0\ARM_GCC_541\Debug\Lab2.a(button_isr.o)
 .debug_abbrev  0x00000ea0       0x14 .\CortexM0\ARM_GCC_541\Debug\Lab2.a(CyBootAsmGnu.o)

.debug_line     0x00000000     0x16b0
 *(.debug_line)
 .debug_line    0x00000000       0xf8 .\CortexM0\ARM_GCC_541\Debug\main.o
 .debug_line    0x000000f8      0x161 .\CortexM0\ARM_GCC_541\Debug\cyfitter_cfg.o
 .debug_line    0x00000259       0x53 .\CortexM0\ARM_GCC_541\Debug\cybootloader.o
 .debug_line    0x000002ac      0x141 .\CortexM0\ARM_GCC_541\Debug\cymetadata.o
 .debug_line    0x000003ed      0x238 .\CortexM0\ARM_GCC_541\Debug\Cm0Start.o
 .debug_line    0x00000625      0x460 .\CortexM0\ARM_GCC_541\Debug\Lab2.a(CyLib.o)
 .debug_line    0x00000a85      0x466 .\CortexM0\ARM_GCC_541\Debug\Lab2.a(CyLFClk.o)
 .debug_line    0x00000eeb      0x155 .\CortexM0\ARM_GCC_541\Debug\Lab2.a(timer_isr.o)
 .debug_line    0x00001040       0x74 .\CortexM0\ARM_GCC_541\Debug\Lab2.a(Control_Reg.o)
 .debug_line    0x000010b4      0x381 .\CortexM0\ARM_GCC_541\Debug\Lab2.a(Timer_Counter.o)
 .debug_line    0x00001435       0xc0 .\CortexM0\ARM_GCC_541\Debug\Lab2.a(Button_1.o)
 .debug_line    0x000014f5      0x152 .\CortexM0\ARM_GCC_541\Debug\Lab2.a(button_isr.o)
 .debug_line    0x00001647       0x69 .\CortexM0\ARM_GCC_541\Debug\Lab2.a(CyBootAsmGnu.o)

.debug_frame    0x00000000     0x1048
 *(.debug_frame)
 .debug_frame   0x00000000       0x64 .\CortexM0\ARM_GCC_541\Debug\main.o
 .debug_frame   0x00000064       0x8c .\CortexM0\ARM_GCC_541\Debug\cyfitter_cfg.o
 .debug_frame   0x000000f0       0xbc .\CortexM0\ARM_GCC_541\Debug\Cm0Start.o
 .debug_frame   0x000001ac      0x3e0 .\CortexM0\ARM_GCC_541\Debug\Lab2.a(CyLib.o)
 .debug_frame   0x0000058c      0x3a8 .\CortexM0\ARM_GCC_541\Debug\Lab2.a(CyLFClk.o)
 .debug_frame   0x00000934      0x110 .\CortexM0\ARM_GCC_541\Debug\Lab2.a(timer_isr.o)
 .debug_frame   0x00000a44       0x30 .\CortexM0\ARM_GCC_541\Debug\Lab2.a(Control_Reg.o)
 .debug_frame   0x00000a74      0x3a0 .\CortexM0\ARM_GCC_541\Debug\Lab2.a(Timer_Counter.o)
 .debug_frame   0x00000e14       0x70 .\CortexM0\ARM_GCC_541\Debug\Lab2.a(Button_1.o)
 .debug_frame   0x00000e84      0x110 .\CortexM0\ARM_GCC_541\Debug\Lab2.a(button_isr.o)
 .debug_frame   0x00000f94       0x20 c:/program files (x86)/cypress/psoc creator/4.4/psoc creator/import/gnu/arm/5.4.1/bin/../lib/gcc/arm-none-eabi/5.4.1/armv6-m\libgcc.a(_udivsi3.o)
 .debug_frame   0x00000fb4       0x20 c:/program files (x86)/cypress/psoc creator/4.4/psoc creator/import/gnu/arm/5.4.1/bin/../lib/gcc/arm-none-eabi/5.4.1/../../../../arm-none-eabi/lib/armv6-m\libg_nano.a(lib_a-errno.o)
 .debug_frame   0x00000fd4       0x28 c:/program files (x86)/cypress/psoc creator/4.4/psoc creator/import/gnu/arm/5.4.1/bin/../lib/gcc/arm-none-eabi/5.4.1/../../../../arm-none-eabi/lib/armv6-m\libg_nano.a(lib_a-exit.o)
 .debug_frame   0x00000ffc       0x2c c:/program files (x86)/cypress/psoc creator/4.4/psoc creator/import/gnu/arm/5.4.1/bin/../lib/gcc/arm-none-eabi/5.4.1/../../../../arm-none-eabi/lib/armv6-m\libg_nano.a(lib_a-init.o)
 .debug_frame   0x00001028       0x20 c:/program files (x86)/cypress/psoc creator/4.4/psoc creator/import/gnu/arm/5.4.1/bin/../lib/gcc/arm-none-eabi/5.4.1/../../../../arm-none-eabi/lib/armv6-m\libg_nano.a(lib_a-memset.o)

.debug_str      0x00000000     0x172c
 *(.debug_str)
 .debug_str     0x00000000      0x1fe .\CortexM0\ARM_GCC_541\Debug\main.o
                                0x23e (size before relaxing)
 .debug_str     0x000001fe      0x11a .\CortexM0\ARM_GCC_541\Debug\cyfitter_cfg.o
                                0x2b9 (size before relaxing)
 .debug_str     0x00000318       0x78 .\CortexM0\ARM_GCC_541\Debug\cybootloader.o
                                0x1e1 (size before relaxing)
 .debug_str     0x00000390       0x3f .\CortexM0\ARM_GCC_541\Debug\cymetadata.o
                                0x198 (size before relaxing)
 .debug_str     0x000003cf      0x149 .\CortexM0\ARM_GCC_541\Debug\Cm0Start.o
                                0x304 (size before relaxing)
 .debug_str     0x00000518      0x4ca .\CortexM0\ARM_GCC_541\Debug\Lab2.a(CyLib.o)
                                0x6aa (size before relaxing)
 .debug_str     0x000009e2      0x52b .\CortexM0\ARM_GCC_541\Debug\Lab2.a(CyLFClk.o)
                                0x731 (size before relaxing)
 .debug_str     0x00000f0d      0x11b .\CortexM0\ARM_GCC_541\Debug\Lab2.a(timer_isr.o)
                                0x316 (size before relaxing)
 .debug_str     0x00001028       0x3e .\CortexM0\ARM_GCC_541\Debug\Lab2.a(Control_Reg.o)
                                0x1b5 (size before relaxing)
 .debug_str     0x00001066      0x505 .\CortexM0\ARM_GCC_541\Debug\Lab2.a(Timer_Counter.o)
                                0x6f5 (size before relaxing)
 .debug_str     0x0000156b       0xa8 .\CortexM0\ARM_GCC_541\Debug\Lab2.a(Button_1.o)
                                0x23f (size before relaxing)
 .debug_str     0x00001613      0x119 .\CortexM0\ARM_GCC_541\Debug\Lab2.a(button_isr.o)
                                0x324 (size before relaxing)

.debug_loc      0x00000000     0x18a2
 *(.debug_loc)
 .debug_loc     0x00000000      0x118 .\CortexM0\ARM_GCC_541\Debug\cyfitter_cfg.o
 .debug_loc     0x00000118      0x14f .\CortexM0\ARM_GCC_541\Debug\Cm0Start.o
 .debug_loc     0x00000267      0x599 .\CortexM0\ARM_GCC_541\Debug\Lab2.a(CyLib.o)
 .debug_loc     0x00000800      0x9b5 .\CortexM0\ARM_GCC_541\Debug\Lab2.a(CyLFClk.o)
 .debug_loc     0x000011b5       0x82 .\CortexM0\ARM_GCC_541\Debug\Lab2.a(timer_isr.o)
 .debug_loc     0x00001237      0x547 .\CortexM0\ARM_GCC_541\Debug\Lab2.a(Timer_Counter.o)
 .debug_loc     0x0000177e       0xa2 .\CortexM0\ARM_GCC_541\Debug\Lab2.a(Button_1.o)
 .debug_loc     0x00001820       0x82 .\CortexM0\ARM_GCC_541\Debug\Lab2.a(button_isr.o)

.debug_macinfo
 *(.debug_macinfo)

.debug_ranges   0x00000000      0x590
 *(.debug_ranges)
 .debug_ranges  0x00000000       0x20 .\CortexM0\ARM_GCC_541\Debug\main.o
 .debug_ranges  0x00000020       0x28 .\CortexM0\ARM_GCC_541\Debug\cyfitter_cfg.o
 .debug_ranges  0x00000048       0x38 .\CortexM0\ARM_GCC_541\Debug\Cm0Start.o
 .debug_ranges  0x00000080      0x170 .\CortexM0\ARM_GCC_541\Debug\Lab2.a(CyLib.o)
 .debug_ranges  0x000001f0      0x128 .\CortexM0\ARM_GCC_541\Debug\Lab2.a(CyLFClk.o)
 .debug_ranges  0x00000318       0x70 .\CortexM0\ARM_GCC_541\Debug\Lab2.a(timer_isr.o)
 .debug_ranges  0x00000388       0x18 .\CortexM0\ARM_GCC_541\Debug\Lab2.a(Control_Reg.o)
 .debug_ranges  0x000003a0      0x148 .\CortexM0\ARM_GCC_541\Debug\Lab2.a(Timer_Counter.o)
 .debug_ranges  0x000004e8       0x38 .\CortexM0\ARM_GCC_541\Debug\Lab2.a(Button_1.o)
 .debug_ranges  0x00000520       0x70 .\CortexM0\ARM_GCC_541\Debug\Lab2.a(button_isr.o)

.comment        0x00000000       0x6e
 .comment       0x00000000       0x6e .\CortexM0\ARM_GCC_541\Debug\main.o
                                 0x6f (size before relaxing)
 .comment       0x0000006e       0x6f .\CortexM0\ARM_GCC_541\Debug\cyfitter_cfg.o
 .comment       0x0000006e       0x6f .\CortexM0\ARM_GCC_541\Debug\cybootloader.o
 .comment       0x0000006e       0x6f .\CortexM0\ARM_GCC_541\Debug\cymetadata.o
 .comment       0x0000006e       0x6f .\CortexM0\ARM_GCC_541\Debug\Cm0Start.o
 .comment       0x0000006e       0x6f .\CortexM0\ARM_GCC_541\Debug\Lab2.a(CyLib.o)
 .comment       0x0000006e       0x6f .\CortexM0\ARM_GCC_541\Debug\Lab2.a(CyLFClk.o)
 .comment       0x0000006e       0x6f .\CortexM0\ARM_GCC_541\Debug\Lab2.a(timer_isr.o)
 .comment       0x0000006e       0x6f .\CortexM0\ARM_GCC_541\Debug\Lab2.a(Control_Reg.o)
 .comment       0x0000006e       0x6f .\CortexM0\ARM_GCC_541\Debug\Lab2.a(Timer_Counter.o)
 .comment       0x0000006e       0x6f .\CortexM0\ARM_GCC_541\Debug\Lab2.a(Button_1.o)
 .comment       0x0000006e       0x6f .\CortexM0\ARM_GCC_541\Debug\Lab2.a(button_isr.o)

.debug_weaknames
 *(.debug_weaknames)

.debug_funcnames
 *(.debug_funcnames)

.debug_typenames
 *(.debug_typenames)

.debug_varnames
 *(.debug_varnames)

.note.gnu.arm.ident
 *(.note.gnu.arm.ident)

.ARM.attributes
                0x00000000       0x28
 *(.ARM.attributes)
 .ARM.attributes
                0x00000000       0x1e c:/program files (x86)/cypress/psoc creator/4.4/psoc creator/import/gnu/arm/5.4.1/bin/../lib/gcc/arm-none-eabi/5.4.1/armv6-m/crti.o
 .ARM.attributes
                0x0000001e       0x2c c:/program files (x86)/cypress/psoc creator/4.4/psoc creator/import/gnu/arm/5.4.1/bin/../lib/gcc/arm-none-eabi/5.4.1/armv6-m/crtbegin.o
 .ARM.attributes
                0x0000004a       0x1b c:/program files (x86)/cypress/psoc creator/4.4/psoc creator/import/gnu/arm/5.4.1/bin/../lib/gcc/arm-none-eabi/5.4.1/../../../../arm-none-eabi/lib/armv6-m/crt0.o
 .ARM.attributes
                0x00000065       0x31 .\CortexM0\ARM_GCC_541\Debug\main.o
 .ARM.attributes
                0x00000096       0x31 .\CortexM0\ARM_GCC_541\Debug\cyfitter_cfg.o
 .ARM.attributes
                0x000000c7       0x31 .\CortexM0\ARM_GCC_541\Debug\cybootloader.o
 .ARM.attributes
                0x000000f8       0x31 .\CortexM0\ARM_GCC_541\Debug\cymetadata.o
 .ARM.attributes
                0x00000129       0x31 .\CortexM0\ARM_GCC_541\Debug\Cm0Start.o
 .ARM.attributes
                0x0000015a       0x31 .\CortexM0\ARM_GCC_541\Debug\Lab2.a(CyLib.o)
 .ARM.attributes
                0x0000018b       0x31 .\CortexM0\ARM_GCC_541\Debug\Lab2.a(CyLFClk.o)
 .ARM.attributes
                0x000001bc       0x31 .\CortexM0\ARM_GCC_541\Debug\Lab2.a(timer_isr.o)
 .ARM.attributes
                0x000001ed       0x31 .\CortexM0\ARM_GCC_541\Debug\Lab2.a(Control_Reg.o)
 .ARM.attributes
                0x0000021e       0x31 .\CortexM0\ARM_GCC_541\Debug\Lab2.a(Timer_Counter.o)
 .ARM.attributes
                0x0000024f       0x31 .\CortexM0\ARM_GCC_541\Debug\Lab2.a(Button_1.o)
 .ARM.attributes
                0x00000280       0x31 .\CortexM0\ARM_GCC_541\Debug\Lab2.a(button_isr.o)
 .ARM.attributes
                0x000002b1       0x21 .\CortexM0\ARM_GCC_541\Debug\Lab2.a(CyBootAsmGnu.o)
 .ARM.attributes
                0x000002d2       0x1e c:/program files (x86)/cypress/psoc creator/4.4/psoc creator/import/gnu/arm/5.4.1/bin/../lib/gcc/arm-none-eabi/5.4.1/armv6-m\libgcc.a(_udivsi3.o)
 .ARM.attributes
                0x000002f0       0x1e c:/program files (x86)/cypress/psoc creator/4.4/psoc creator/import/gnu/arm/5.4.1/bin/../lib/gcc/arm-none-eabi/5.4.1/armv6-m\libgcc.a(_dvmd_tls.o)
 .ARM.attributes
                0x0000030e       0x2c c:/program files (x86)/cypress/psoc creator/4.4/psoc creator/import/gnu/arm/5.4.1/bin/../lib/gcc/arm-none-eabi/5.4.1/../../../../arm-none-eabi/lib/armv6-m\libg_nano.a(lib_a-errno.o)
 .ARM.attributes
                0x0000033a       0x2c c:/program files (x86)/cypress/psoc creator/4.4/psoc creator/import/gnu/arm/5.4.1/bin/../lib/gcc/arm-none-eabi/5.4.1/../../../../arm-none-eabi/lib/armv6-m\libg_nano.a(lib_a-exit.o)
 .ARM.attributes
                0x00000366       0x2c c:/program files (x86)/cypress/psoc creator/4.4/psoc creator/import/gnu/arm/5.4.1/bin/../lib/gcc/arm-none-eabi/5.4.1/../../../../arm-none-eabi/lib/armv6-m\libg_nano.a(lib_a-impure.o)
 .ARM.attributes
                0x00000392       0x2c c:/program files (x86)/cypress/psoc creator/4.4/psoc creator/import/gnu/arm/5.4.1/bin/../lib/gcc/arm-none-eabi/5.4.1/../../../../arm-none-eabi/lib/armv6-m\libg_nano.a(lib_a-init.o)
 .ARM.attributes
                0x000003be       0x2c c:/program files (x86)/cypress/psoc creator/4.4/psoc creator/import/gnu/arm/5.4.1/bin/../lib/gcc/arm-none-eabi/5.4.1/../../../../arm-none-eabi/lib/armv6-m\libg_nano.a(lib_a-memset.o)
 .ARM.attributes
                0x000003ea       0x2c c:/program files (x86)/cypress/psoc creator/4.4/psoc creator/import/gnu/arm/5.4.1/bin/../lib/gcc/arm-none-eabi/5.4.1/armv6-m/crtend.o
 .ARM.attributes
                0x00000416       0x1e c:/program files (x86)/cypress/psoc creator/4.4/psoc creator/import/gnu/arm/5.4.1/bin/../lib/gcc/arm-none-eabi/5.4.1/armv6-m/crtn.o

/DISCARD/
 *(.note.GNU-stack)
OUTPUT(C:\Users\bibiw\Documents\PSoC Creator\Labs\Lab2.cydsn\CortexM0\ARM_GCC_541\Debug\Lab2.elf elf32-littlearm)
