ARM GAS  C:\Users\bibiw\AppData\Local\Temp\ccgfjXIt.s 			page 1


   1              		.syntax unified
   2              		.cpu cortex-m0
   3              		.fpu softvfp
   4              		.eabi_attribute 20, 1
   5              		.eabi_attribute 21, 1
   6              		.eabi_attribute 23, 3
   7              		.eabi_attribute 24, 1
   8              		.eabi_attribute 25, 1
   9              		.eabi_attribute 26, 1
  10              		.eabi_attribute 30, 1
  11              		.eabi_attribute 34, 0
  12              		.eabi_attribute 18, 4
  13              		.thumb
  14              		.syntax unified
  15              		.file	"cyfitter_cfg.c"
  16              		.text
  17              	.Ltext0:
  18              		.cfi_sections	.debug_frame
  19              		.section	.text.cfg_write_bytes32,"ax",%progbits
  20              		.align	2
  21              		.code	16
  22              		.thumb_func
  23              		.type	cfg_write_bytes32, %function
  24              	cfg_write_bytes32:
  25              	.LFB3:
  26              		.file 1 "Generated_Source\\PSoC4\\cyfitter_cfg.c"
   1:Generated_Source\PSoC4/cyfitter_cfg.c **** 
   2:Generated_Source\PSoC4/cyfitter_cfg.c **** /*******************************************************************************
   3:Generated_Source\PSoC4/cyfitter_cfg.c **** * File Name: cyfitter_cfg.c
   4:Generated_Source\PSoC4/cyfitter_cfg.c **** * 
   5:Generated_Source\PSoC4/cyfitter_cfg.c **** * PSoC Creator  4.4
   6:Generated_Source\PSoC4/cyfitter_cfg.c **** *
   7:Generated_Source\PSoC4/cyfitter_cfg.c **** * Description:
   8:Generated_Source\PSoC4/cyfitter_cfg.c **** * This file contains device initialization code.
   9:Generated_Source\PSoC4/cyfitter_cfg.c **** * Except for the user defined sections in CyClockStartupError(), this file should not be modified.
  10:Generated_Source\PSoC4/cyfitter_cfg.c **** * This file is automatically generated by PSoC Creator.
  11:Generated_Source\PSoC4/cyfitter_cfg.c **** *
  12:Generated_Source\PSoC4/cyfitter_cfg.c **** ********************************************************************************
  13:Generated_Source\PSoC4/cyfitter_cfg.c **** * Copyright (c) 2007-2020 Cypress Semiconductor.  All rights reserved.
  14:Generated_Source\PSoC4/cyfitter_cfg.c **** * You may use this file only in accordance with the license, terms, conditions, 
  15:Generated_Source\PSoC4/cyfitter_cfg.c **** * disclaimers, and limitations in the end user license agreement accompanying 
  16:Generated_Source\PSoC4/cyfitter_cfg.c **** * the software package with which this file was provided.
  17:Generated_Source\PSoC4/cyfitter_cfg.c **** ********************************************************************************/
  18:Generated_Source\PSoC4/cyfitter_cfg.c **** 
  19:Generated_Source\PSoC4/cyfitter_cfg.c **** #include <string.h>
  20:Generated_Source\PSoC4/cyfitter_cfg.c **** #include "cytypes.h"
  21:Generated_Source\PSoC4/cyfitter_cfg.c **** #include "cydevice_trm.h"
  22:Generated_Source\PSoC4/cyfitter_cfg.c **** #include "cyfitter.h"
  23:Generated_Source\PSoC4/cyfitter_cfg.c **** #include "CyLib.h"
  24:Generated_Source\PSoC4/cyfitter_cfg.c **** #include "CyLFClk.h"
  25:Generated_Source\PSoC4/cyfitter_cfg.c **** #include "cyfitter_cfg.h"
  26:Generated_Source\PSoC4/cyfitter_cfg.c **** #include "cyapicallbacks.h"
  27:Generated_Source\PSoC4/cyfitter_cfg.c **** 
  28:Generated_Source\PSoC4/cyfitter_cfg.c **** 
  29:Generated_Source\PSoC4/cyfitter_cfg.c **** #if defined(__GNUC__) || defined(__ARMCC_VERSION)
  30:Generated_Source\PSoC4/cyfitter_cfg.c ****     #define CYPACKED 
  31:Generated_Source\PSoC4/cyfitter_cfg.c ****     #define CYPACKED_ATTR __attribute__ ((packed))
ARM GAS  C:\Users\bibiw\AppData\Local\Temp\ccgfjXIt.s 			page 2


  32:Generated_Source\PSoC4/cyfitter_cfg.c ****     #define CYALIGNED __attribute__ ((aligned))
  33:Generated_Source\PSoC4/cyfitter_cfg.c ****     #define CY_CFG_UNUSED __attribute__ ((unused))
  34:Generated_Source\PSoC4/cyfitter_cfg.c ****     #ifndef CY_CFG_SECTION
  35:Generated_Source\PSoC4/cyfitter_cfg.c ****         #define CY_CFG_SECTION __attribute__ ((section(".psocinit")))
  36:Generated_Source\PSoC4/cyfitter_cfg.c ****     #endif
  37:Generated_Source\PSoC4/cyfitter_cfg.c ****     
  38:Generated_Source\PSoC4/cyfitter_cfg.c ****     #if defined(__ARMCC_VERSION)
  39:Generated_Source\PSoC4/cyfitter_cfg.c ****         #define CY_CFG_MEMORY_BARRIER() __memory_changed()
  40:Generated_Source\PSoC4/cyfitter_cfg.c ****     #else
  41:Generated_Source\PSoC4/cyfitter_cfg.c ****         #define CY_CFG_MEMORY_BARRIER() __sync_synchronize()
  42:Generated_Source\PSoC4/cyfitter_cfg.c ****     #endif
  43:Generated_Source\PSoC4/cyfitter_cfg.c ****     
  44:Generated_Source\PSoC4/cyfitter_cfg.c **** #elif defined(__ICCARM__)
  45:Generated_Source\PSoC4/cyfitter_cfg.c ****     #include <intrinsics.h>
  46:Generated_Source\PSoC4/cyfitter_cfg.c **** 
  47:Generated_Source\PSoC4/cyfitter_cfg.c ****     #define CYPACKED __packed
  48:Generated_Source\PSoC4/cyfitter_cfg.c ****     #define CYPACKED_ATTR 
  49:Generated_Source\PSoC4/cyfitter_cfg.c ****     #define CYALIGNED _Pragma("data_alignment=4")
  50:Generated_Source\PSoC4/cyfitter_cfg.c ****     #define CY_CFG_UNUSED _Pragma("diag_suppress=Pe177")
  51:Generated_Source\PSoC4/cyfitter_cfg.c ****     #define CY_CFG_SECTION _Pragma("location=\".psocinit\"")
  52:Generated_Source\PSoC4/cyfitter_cfg.c ****     
  53:Generated_Source\PSoC4/cyfitter_cfg.c ****     #define CY_CFG_MEMORY_BARRIER() __DMB()
  54:Generated_Source\PSoC4/cyfitter_cfg.c ****     
  55:Generated_Source\PSoC4/cyfitter_cfg.c **** #else
  56:Generated_Source\PSoC4/cyfitter_cfg.c ****     #error Unsupported toolchain
  57:Generated_Source\PSoC4/cyfitter_cfg.c **** #endif
  58:Generated_Source\PSoC4/cyfitter_cfg.c **** 
  59:Generated_Source\PSoC4/cyfitter_cfg.c **** #ifndef CYCODE
  60:Generated_Source\PSoC4/cyfitter_cfg.c ****     #define CYCODE
  61:Generated_Source\PSoC4/cyfitter_cfg.c **** #endif
  62:Generated_Source\PSoC4/cyfitter_cfg.c **** #ifndef CYDATA
  63:Generated_Source\PSoC4/cyfitter_cfg.c ****     #define CYDATA
  64:Generated_Source\PSoC4/cyfitter_cfg.c **** #endif
  65:Generated_Source\PSoC4/cyfitter_cfg.c **** #ifndef CYFAR
  66:Generated_Source\PSoC4/cyfitter_cfg.c ****     #define CYFAR
  67:Generated_Source\PSoC4/cyfitter_cfg.c **** #endif
  68:Generated_Source\PSoC4/cyfitter_cfg.c **** #ifndef CYXDATA
  69:Generated_Source\PSoC4/cyfitter_cfg.c ****     #define CYXDATA
  70:Generated_Source\PSoC4/cyfitter_cfg.c **** #endif
  71:Generated_Source\PSoC4/cyfitter_cfg.c **** 
  72:Generated_Source\PSoC4/cyfitter_cfg.c **** 
  73:Generated_Source\PSoC4/cyfitter_cfg.c **** CY_CFG_UNUSED
  74:Generated_Source\PSoC4/cyfitter_cfg.c **** static void CYMEMZERO(void *s, size_t n);
  75:Generated_Source\PSoC4/cyfitter_cfg.c **** CY_CFG_UNUSED
  76:Generated_Source\PSoC4/cyfitter_cfg.c **** static void CYMEMZERO(void *s, size_t n)
  77:Generated_Source\PSoC4/cyfitter_cfg.c **** {
  78:Generated_Source\PSoC4/cyfitter_cfg.c **** 	(void)memset(s, 0, n);
  79:Generated_Source\PSoC4/cyfitter_cfg.c **** }
  80:Generated_Source\PSoC4/cyfitter_cfg.c **** CY_CFG_UNUSED
  81:Generated_Source\PSoC4/cyfitter_cfg.c **** static void CYCONFIGCPY(void *dest, const void *src, size_t n);
  82:Generated_Source\PSoC4/cyfitter_cfg.c **** CY_CFG_UNUSED
  83:Generated_Source\PSoC4/cyfitter_cfg.c **** static void CYCONFIGCPY(void *dest, const void *src, size_t n)
  84:Generated_Source\PSoC4/cyfitter_cfg.c **** {
  85:Generated_Source\PSoC4/cyfitter_cfg.c **** 	(void)memcpy(dest, src, n);
  86:Generated_Source\PSoC4/cyfitter_cfg.c **** }
  87:Generated_Source\PSoC4/cyfitter_cfg.c **** CY_CFG_UNUSED
  88:Generated_Source\PSoC4/cyfitter_cfg.c **** static void CYCONFIGCPYCODE(void *dest, const void *src, size_t n);
ARM GAS  C:\Users\bibiw\AppData\Local\Temp\ccgfjXIt.s 			page 3


  89:Generated_Source\PSoC4/cyfitter_cfg.c **** CY_CFG_UNUSED
  90:Generated_Source\PSoC4/cyfitter_cfg.c **** static void CYCONFIGCPYCODE(void *dest, const void *src, size_t n)
  91:Generated_Source\PSoC4/cyfitter_cfg.c **** {
  92:Generated_Source\PSoC4/cyfitter_cfg.c **** 	(void)memcpy(dest, src, n);
  93:Generated_Source\PSoC4/cyfitter_cfg.c **** }
  94:Generated_Source\PSoC4/cyfitter_cfg.c **** 
  95:Generated_Source\PSoC4/cyfitter_cfg.c **** 
  96:Generated_Source\PSoC4/cyfitter_cfg.c **** 
  97:Generated_Source\PSoC4/cyfitter_cfg.c **** 
  98:Generated_Source\PSoC4/cyfitter_cfg.c **** /* Clock startup error codes                                                   */
  99:Generated_Source\PSoC4/cyfitter_cfg.c **** #define CYCLOCKSTART_NO_ERROR    0u
 100:Generated_Source\PSoC4/cyfitter_cfg.c **** #define CYCLOCKSTART_XTAL_ERROR  1u
 101:Generated_Source\PSoC4/cyfitter_cfg.c **** #define CYCLOCKSTART_32KHZ_ERROR 2u
 102:Generated_Source\PSoC4/cyfitter_cfg.c **** #define CYCLOCKSTART_PLL_ERROR   3u
 103:Generated_Source\PSoC4/cyfitter_cfg.c **** #define CYCLOCKSTART_FLL_ERROR   4u
 104:Generated_Source\PSoC4/cyfitter_cfg.c **** #define CYCLOCKSTART_WCO_ERROR   5u
 105:Generated_Source\PSoC4/cyfitter_cfg.c **** 
 106:Generated_Source\PSoC4/cyfitter_cfg.c **** 
 107:Generated_Source\PSoC4/cyfitter_cfg.c **** #ifdef CY_NEED_CYCLOCKSTARTUPERROR
 108:Generated_Source\PSoC4/cyfitter_cfg.c **** /*******************************************************************************
 109:Generated_Source\PSoC4/cyfitter_cfg.c **** * Function Name: CyClockStartupError
 110:Generated_Source\PSoC4/cyfitter_cfg.c **** ********************************************************************************
 111:Generated_Source\PSoC4/cyfitter_cfg.c **** * Summary:
 112:Generated_Source\PSoC4/cyfitter_cfg.c **** *  If an error is encountered during clock configuration (crystal startup error,
 113:Generated_Source\PSoC4/cyfitter_cfg.c **** *  PLL lock error, etc.), the system will end up here.  Unless reimplemented by
 114:Generated_Source\PSoC4/cyfitter_cfg.c **** *  the customer, this function will stop in an infinite loop.
 115:Generated_Source\PSoC4/cyfitter_cfg.c **** *
 116:Generated_Source\PSoC4/cyfitter_cfg.c **** * Parameters:
 117:Generated_Source\PSoC4/cyfitter_cfg.c **** *   void
 118:Generated_Source\PSoC4/cyfitter_cfg.c **** *
 119:Generated_Source\PSoC4/cyfitter_cfg.c **** * Return:
 120:Generated_Source\PSoC4/cyfitter_cfg.c **** *   void
 121:Generated_Source\PSoC4/cyfitter_cfg.c **** *
 122:Generated_Source\PSoC4/cyfitter_cfg.c **** *******************************************************************************/
 123:Generated_Source\PSoC4/cyfitter_cfg.c **** CY_CFG_UNUSED
 124:Generated_Source\PSoC4/cyfitter_cfg.c **** static void CyClockStartupError(uint8 errorCode);
 125:Generated_Source\PSoC4/cyfitter_cfg.c **** CY_CFG_UNUSED
 126:Generated_Source\PSoC4/cyfitter_cfg.c **** static void CyClockStartupError(uint8 errorCode)
 127:Generated_Source\PSoC4/cyfitter_cfg.c **** {
 128:Generated_Source\PSoC4/cyfitter_cfg.c ****     /* To remove the compiler warning if errorCode not used.                */
 129:Generated_Source\PSoC4/cyfitter_cfg.c ****     errorCode = errorCode;
 130:Generated_Source\PSoC4/cyfitter_cfg.c **** 
 131:Generated_Source\PSoC4/cyfitter_cfg.c ****     /* If we have a clock startup error (bad MHz crystal, PLL lock, etc.),  */
 132:Generated_Source\PSoC4/cyfitter_cfg.c ****     /* we will end up here to allow the customer to implement something to  */
 133:Generated_Source\PSoC4/cyfitter_cfg.c ****     /* deal with the clock condition.                                       */
 134:Generated_Source\PSoC4/cyfitter_cfg.c **** 
 135:Generated_Source\PSoC4/cyfitter_cfg.c **** #ifdef CY_CFG_CLOCK_STARTUP_ERROR_CALLBACK
 136:Generated_Source\PSoC4/cyfitter_cfg.c ****     CY_CFG_Clock_Startup_ErrorCallback();
 137:Generated_Source\PSoC4/cyfitter_cfg.c **** #else
 138:Generated_Source\PSoC4/cyfitter_cfg.c ****     /*  If not using CY_CFG_CLOCK_STARTUP_ERROR_CALLBACK, place your clock startup code here. */
 139:Generated_Source\PSoC4/cyfitter_cfg.c ****     /* `#START CyClockStartupError` */
 140:Generated_Source\PSoC4/cyfitter_cfg.c **** 
 141:Generated_Source\PSoC4/cyfitter_cfg.c **** 
 142:Generated_Source\PSoC4/cyfitter_cfg.c **** 
 143:Generated_Source\PSoC4/cyfitter_cfg.c ****     /* `#END` */
 144:Generated_Source\PSoC4/cyfitter_cfg.c **** 
 145:Generated_Source\PSoC4/cyfitter_cfg.c ****     while(1) {}
ARM GAS  C:\Users\bibiw\AppData\Local\Temp\ccgfjXIt.s 			page 4


 146:Generated_Source\PSoC4/cyfitter_cfg.c **** #endif /* CY_CFG_CLOCK_STARTUP_ERROR_CALLBACK */
 147:Generated_Source\PSoC4/cyfitter_cfg.c **** }
 148:Generated_Source\PSoC4/cyfitter_cfg.c **** #endif
 149:Generated_Source\PSoC4/cyfitter_cfg.c **** 
 150:Generated_Source\PSoC4/cyfitter_cfg.c **** #define CY_CFG_BASE_ADDR_COUNT 3u
 151:Generated_Source\PSoC4/cyfitter_cfg.c **** CYPACKED typedef struct
 152:Generated_Source\PSoC4/cyfitter_cfg.c **** {
 153:Generated_Source\PSoC4/cyfitter_cfg.c **** 	uint8 offset;
 154:Generated_Source\PSoC4/cyfitter_cfg.c **** 	uint8 value;
 155:Generated_Source\PSoC4/cyfitter_cfg.c **** } CYPACKED_ATTR cy_cfg_addrvalue_t;
 156:Generated_Source\PSoC4/cyfitter_cfg.c **** 
 157:Generated_Source\PSoC4/cyfitter_cfg.c **** 
 158:Generated_Source\PSoC4/cyfitter_cfg.c **** 
 159:Generated_Source\PSoC4/cyfitter_cfg.c **** /*******************************************************************************
 160:Generated_Source\PSoC4/cyfitter_cfg.c **** * Function Name: cfg_write_bytes32
 161:Generated_Source\PSoC4/cyfitter_cfg.c **** ********************************************************************************
 162:Generated_Source\PSoC4/cyfitter_cfg.c **** * Summary:
 163:Generated_Source\PSoC4/cyfitter_cfg.c **** *  This function is used for setting up the chip configuration areas that
 164:Generated_Source\PSoC4/cyfitter_cfg.c **** *  contain relatively sparse data.
 165:Generated_Source\PSoC4/cyfitter_cfg.c **** *
 166:Generated_Source\PSoC4/cyfitter_cfg.c **** * Parameters:
 167:Generated_Source\PSoC4/cyfitter_cfg.c **** *   void
 168:Generated_Source\PSoC4/cyfitter_cfg.c **** *
 169:Generated_Source\PSoC4/cyfitter_cfg.c **** * Return:
 170:Generated_Source\PSoC4/cyfitter_cfg.c **** *   void
 171:Generated_Source\PSoC4/cyfitter_cfg.c **** *
 172:Generated_Source\PSoC4/cyfitter_cfg.c **** *******************************************************************************/
 173:Generated_Source\PSoC4/cyfitter_cfg.c **** static void cfg_write_bytes32(const uint32 addr_table[], const cy_cfg_addrvalue_t data_table[]);
 174:Generated_Source\PSoC4/cyfitter_cfg.c **** static void cfg_write_bytes32(const uint32 addr_table[], const cy_cfg_addrvalue_t data_table[])
 175:Generated_Source\PSoC4/cyfitter_cfg.c **** {
  27              		.loc 1 175 0
  28              		.cfi_startproc
  29              		@ args = 0, pretend = 0, frame = 0
  30              		@ frame_needed = 0, uses_anonymous_args = 0
  31              	.LVL0:
  32 0000 F0B5     		push	{r4, r5, r6, r7, lr}
  33              		.cfi_def_cfa_offset 20
  34              		.cfi_offset 4, -20
  35              		.cfi_offset 5, -16
  36              		.cfi_offset 6, -12
  37              		.cfi_offset 7, -8
  38              		.cfi_offset 14, -4
  39              	.LVL1:
 176:Generated_Source\PSoC4/cyfitter_cfg.c **** 	/* For 32-bit little-endian architectures */
 177:Generated_Source\PSoC4/cyfitter_cfg.c **** 	uint32 i, j = 0u;
  40              		.loc 1 177 0
  41 0002 0025     		movs	r5, #0
 178:Generated_Source\PSoC4/cyfitter_cfg.c **** 	for (i = 0u; i < CY_CFG_BASE_ADDR_COUNT; i++)
  42              		.loc 1 178 0
  43 0004 0027     		movs	r7, #0
  44 0006 11E0     		b	.L2
  45              	.LVL2:
  46              	.L5:
  47              	.LBB2:
 179:Generated_Source\PSoC4/cyfitter_cfg.c **** 	{
 180:Generated_Source\PSoC4/cyfitter_cfg.c **** 		uint32 baseAddr = addr_table[i];
  48              		.loc 1 180 0
ARM GAS  C:\Users\bibiw\AppData\Local\Temp\ccgfjXIt.s 			page 5


  49 0008 BB00     		lsls	r3, r7, #2
  50 000a C658     		ldr	r6, [r0, r3]
  51              	.LVL3:
 181:Generated_Source\PSoC4/cyfitter_cfg.c **** 		uint8 count = (uint8)baseAddr;
  52              		.loc 1 181 0
  53 000c F3B2     		uxtb	r3, r6
  54              	.LVL4:
 182:Generated_Source\PSoC4/cyfitter_cfg.c **** 		baseAddr &= 0xFFFFFF00u;
  55              		.loc 1 182 0
  56 000e FF22     		movs	r2, #255
  57 0010 9643     		bics	r6, r2
  58              	.LVL5:
 183:Generated_Source\PSoC4/cyfitter_cfg.c **** 		while (count != 0u)
  59              		.loc 1 183 0
  60 0012 08E0     		b	.L3
  61              	.L4:
 184:Generated_Source\PSoC4/cyfitter_cfg.c **** 		{
 185:Generated_Source\PSoC4/cyfitter_cfg.c **** 			CY_SET_REG8((void *)(baseAddr + data_table[j].offset), data_table[j].value);
  62              		.loc 1 185 0
  63 0014 6A00     		lsls	r2, r5, #1
  64 0016 8A18     		adds	r2, r1, r2
  65 0018 1478     		ldrb	r4, [r2]
  66 001a A419     		adds	r4, r4, r6
  67 001c 5278     		ldrb	r2, [r2, #1]
  68 001e 2270     		strb	r2, [r4]
 186:Generated_Source\PSoC4/cyfitter_cfg.c **** 			j++;
  69              		.loc 1 186 0
  70 0020 0135     		adds	r5, r5, #1
  71              	.LVL6:
 187:Generated_Source\PSoC4/cyfitter_cfg.c **** 			count--;
  72              		.loc 1 187 0
  73 0022 013B     		subs	r3, r3, #1
  74              	.LVL7:
  75 0024 DBB2     		uxtb	r3, r3
  76              	.LVL8:
  77              	.L3:
 183:Generated_Source\PSoC4/cyfitter_cfg.c **** 		{
  78              		.loc 1 183 0
  79 0026 002B     		cmp	r3, #0
  80 0028 F4D1     		bne	.L4
  81              	.LBE2:
 178:Generated_Source\PSoC4/cyfitter_cfg.c **** 	{
  82              		.loc 1 178 0 discriminator 2
  83 002a 0137     		adds	r7, r7, #1
  84              	.LVL9:
  85              	.L2:
 178:Generated_Source\PSoC4/cyfitter_cfg.c **** 	{
  86              		.loc 1 178 0 is_stmt 0 discriminator 1
  87 002c 022F     		cmp	r7, #2
  88 002e EBD9     		bls	.L5
 188:Generated_Source\PSoC4/cyfitter_cfg.c **** 		}
 189:Generated_Source\PSoC4/cyfitter_cfg.c **** 	}
 190:Generated_Source\PSoC4/cyfitter_cfg.c **** }
  89              		.loc 1 190 0 is_stmt 1
  90              		@ sp needed
  91              	.LVL10:
  92              	.LVL11:
ARM GAS  C:\Users\bibiw\AppData\Local\Temp\ccgfjXIt.s 			page 6


  93 0030 F0BD     		pop	{r4, r5, r6, r7, pc}
  94              		.cfi_endproc
  95              	.LFE3:
  96              		.size	cfg_write_bytes32, .-cfg_write_bytes32
  97 0032 C046     		.section	.text.CYMEMZERO,"ax",%progbits
  98              		.align	2
  99              		.code	16
 100              		.thumb_func
 101              		.type	CYMEMZERO, %function
 102              	CYMEMZERO:
 103              	.LFB0:
  77:Generated_Source\PSoC4/cyfitter_cfg.c **** 	(void)memset(s, 0, n);
 104              		.loc 1 77 0
 105              		.cfi_startproc
 106              		@ args = 0, pretend = 0, frame = 0
 107              		@ frame_needed = 0, uses_anonymous_args = 0
 108              	.LVL12:
 109 0000 10B5     		push	{r4, lr}
 110              		.cfi_def_cfa_offset 8
 111              		.cfi_offset 4, -8
 112              		.cfi_offset 14, -4
 113 0002 0A00     		movs	r2, r1
  78:Generated_Source\PSoC4/cyfitter_cfg.c **** }
 114              		.loc 1 78 0
 115 0004 0021     		movs	r1, #0
 116              	.LVL13:
 117 0006 FFF7FEFF 		bl	memset
 118              	.LVL14:
  79:Generated_Source\PSoC4/cyfitter_cfg.c **** CY_CFG_UNUSED
 119              		.loc 1 79 0
 120              		@ sp needed
 121 000a 10BD     		pop	{r4, pc}
 122              		.cfi_endproc
 123              	.LFE0:
 124              		.size	CYMEMZERO, .-CYMEMZERO
 125              		.section	.psocinit,"ax",%progbits
 126              		.align	2
 127              		.code	16
 128              		.thumb_func
 129              		.type	ClockSetup, %function
 130              	ClockSetup:
 131              	.LFB4:
 191:Generated_Source\PSoC4/cyfitter_cfg.c **** 
 192:Generated_Source\PSoC4/cyfitter_cfg.c **** 
 193:Generated_Source\PSoC4/cyfitter_cfg.c **** /*******************************************************************************
 194:Generated_Source\PSoC4/cyfitter_cfg.c **** * Function Name: ClockSetup
 195:Generated_Source\PSoC4/cyfitter_cfg.c **** ********************************************************************************
 196:Generated_Source\PSoC4/cyfitter_cfg.c **** *
 197:Generated_Source\PSoC4/cyfitter_cfg.c **** * Summary:
 198:Generated_Source\PSoC4/cyfitter_cfg.c **** *   Performs the initialization of all of the clocks in the device based on the
 199:Generated_Source\PSoC4/cyfitter_cfg.c **** *   settings in the Clock tab of the DWR.  This includes enabling the requested
 200:Generated_Source\PSoC4/cyfitter_cfg.c **** *   clocks and setting the necessary dividers to produce the desired frequency. 
 201:Generated_Source\PSoC4/cyfitter_cfg.c **** *
 202:Generated_Source\PSoC4/cyfitter_cfg.c **** * Parameters:
 203:Generated_Source\PSoC4/cyfitter_cfg.c **** *   void
 204:Generated_Source\PSoC4/cyfitter_cfg.c **** *
 205:Generated_Source\PSoC4/cyfitter_cfg.c **** * Return:
ARM GAS  C:\Users\bibiw\AppData\Local\Temp\ccgfjXIt.s 			page 7


 206:Generated_Source\PSoC4/cyfitter_cfg.c **** *   void
 207:Generated_Source\PSoC4/cyfitter_cfg.c **** *
 208:Generated_Source\PSoC4/cyfitter_cfg.c **** *******************************************************************************/
 209:Generated_Source\PSoC4/cyfitter_cfg.c **** static void ClockSetup(void);
 210:Generated_Source\PSoC4/cyfitter_cfg.c **** CY_CFG_SECTION
 211:Generated_Source\PSoC4/cyfitter_cfg.c **** static void ClockSetup(void)
 212:Generated_Source\PSoC4/cyfitter_cfg.c **** {
 132              		.loc 1 212 0
 133              		.cfi_startproc
 134              		@ args = 0, pretend = 0, frame = 0
 135              		@ frame_needed = 0, uses_anonymous_args = 0
 136 0000 70B5     		push	{r4, r5, r6, lr}
 137              		.cfi_def_cfa_offset 16
 138              		.cfi_offset 4, -16
 139              		.cfi_offset 5, -12
 140              		.cfi_offset 6, -8
 141              		.cfi_offset 14, -4
 213:Generated_Source\PSoC4/cyfitter_cfg.c **** 	/* Enable HALF_EN before trimming for the flash accelerator. */
 214:Generated_Source\PSoC4/cyfitter_cfg.c **** 	CY_SET_REG32((void CYXDATA *)(CYREG_CLK_SELECT), (CY_GET_REG32((void *)CYREG_CLK_SELECT) | 0x00040
 142              		.loc 1 214 0
 143 0002 114C     		ldr	r4, .L8
 144 0004 2368     		ldr	r3, [r4]
 145 0006 8022     		movs	r2, #128
 146 0008 D202     		lsls	r2, r2, #11
 147 000a 1343     		orrs	r3, r2
 148 000c 2360     		str	r3, [r4]
 215:Generated_Source\PSoC4/cyfitter_cfg.c **** 
 216:Generated_Source\PSoC4/cyfitter_cfg.c **** 	/* Setup and trim IMO based on desired frequency. */
 217:Generated_Source\PSoC4/cyfitter_cfg.c **** 	CySysClkWriteImoFreq(24u);
 149              		.loc 1 217 0
 150 000e 1820     		movs	r0, #24
 151 0010 FFF7FEFF 		bl	CySysClkWriteImoFreq
 152              	.LVL15:
 218:Generated_Source\PSoC4/cyfitter_cfg.c **** 
 219:Generated_Source\PSoC4/cyfitter_cfg.c **** 	/* Disable HALF_EN since it is not required at this IMO frequency. */
 220:Generated_Source\PSoC4/cyfitter_cfg.c **** 	CY_SET_REG32((void CYXDATA *)(CYREG_CLK_SELECT), (CY_GET_REG32((void *)CYREG_CLK_SELECT) & 0xFFFBF
 153              		.loc 1 220 0
 154 0014 2268     		ldr	r2, [r4]
 155 0016 0D4B     		ldr	r3, .L8+4
 156 0018 1340     		ands	r3, r2
 157 001a 2360     		str	r3, [r4]
 221:Generated_Source\PSoC4/cyfitter_cfg.c **** 	/* CYDEV_CLK_ILO_CONFIG Starting address: CYDEV_CLK_ILO_CONFIG */
 222:Generated_Source\PSoC4/cyfitter_cfg.c **** 	CY_SET_REG32((void *)(CYREG_CLK_ILO_CONFIG), 0x80000006u);
 158              		.loc 1 222 0
 159 001c 0C4A     		ldr	r2, .L8+8
 160 001e 0D4B     		ldr	r3, .L8+12
 161 0020 1A60     		str	r2, [r3]
 223:Generated_Source\PSoC4/cyfitter_cfg.c **** 
 224:Generated_Source\PSoC4/cyfitter_cfg.c **** 
 225:Generated_Source\PSoC4/cyfitter_cfg.c **** 	/* CYDEV_CLK_IMO_CONFIG Starting address: CYDEV_CLK_IMO_CONFIG */
 226:Generated_Source\PSoC4/cyfitter_cfg.c **** 	CY_SET_REG32((void *)(CYREG_CLK_IMO_CONFIG), 0x80000000u);
 162              		.loc 1 226 0
 163 0022 063A     		subs	r2, r2, #6
 164 0024 0C4B     		ldr	r3, .L8+16
 165 0026 1A60     		str	r2, [r3]
 227:Generated_Source\PSoC4/cyfitter_cfg.c **** 
 228:Generated_Source\PSoC4/cyfitter_cfg.c **** 	/* CYDEV_CLK_SELECT Starting address: CYDEV_CLK_SELECT */
ARM GAS  C:\Users\bibiw\AppData\Local\Temp\ccgfjXIt.s 			page 8


 229:Generated_Source\PSoC4/cyfitter_cfg.c **** 	CY_SET_REG32((void *)(CYREG_CLK_SELECT), 0x00000000u);
 166              		.loc 1 229 0
 167 0028 0025     		movs	r5, #0
 168 002a 2560     		str	r5, [r4]
 230:Generated_Source\PSoC4/cyfitter_cfg.c **** 
 231:Generated_Source\PSoC4/cyfitter_cfg.c **** 	/* CYDEV_CLK_DIVIDER_A00 Starting address: CYDEV_CLK_DIVIDER_A00 */
 232:Generated_Source\PSoC4/cyfitter_cfg.c **** 	CY_SET_REG32((void *)(CYREG_CLK_DIVIDER_A00), 0x80000001u);
 169              		.loc 1 232 0
 170 002c 0B4A     		ldr	r2, .L8+20
 171 002e 0C4B     		ldr	r3, .L8+24
 172 0030 1A60     		str	r2, [r3]
 233:Generated_Source\PSoC4/cyfitter_cfg.c **** 
 234:Generated_Source\PSoC4/cyfitter_cfg.c **** 	(void)CyIntSetVector(9u, &CySysWdtIsr);
 173              		.loc 1 234 0
 174 0032 0C49     		ldr	r1, .L8+28
 175 0034 0920     		movs	r0, #9
 176 0036 FFF7FEFF 		bl	CyIntSetVector
 177              	.LVL16:
 235:Generated_Source\PSoC4/cyfitter_cfg.c **** 	CyIntEnable(9u);
 178              		.loc 1 235 0
 179 003a 0920     		movs	r0, #9
 180 003c FFF7FEFF 		bl	CyIntEnable
 181              	.LVL17:
 236:Generated_Source\PSoC4/cyfitter_cfg.c **** 	CY_SET_REG32((void *)(CYREG_WDT_CONFIG), 0x00000000u);
 182              		.loc 1 236 0
 183 0040 094B     		ldr	r3, .L8+32
 184 0042 1D60     		str	r5, [r3]
 237:Generated_Source\PSoC4/cyfitter_cfg.c **** }
 185              		.loc 1 237 0
 186              		@ sp needed
 187 0044 70BD     		pop	{r4, r5, r6, pc}
 188              	.L9:
 189 0046 C046     		.align	2
 190              	.L8:
 191 0048 00010B40 		.word	1074462976
 192 004c FFFFFBFF 		.word	-262145
 193 0050 06000080 		.word	-2147483642
 194 0054 04010B40 		.word	1074462980
 195 0058 08010B40 		.word	1074462984
 196 005c 01000080 		.word	-2147483647
 197 0060 00000240 		.word	1073872896
 198 0064 00000000 		.word	CySysWdtIsr
 199 0068 0C020B40 		.word	1074463244
 200              		.cfi_endproc
 201              	.LFE4:
 202              		.size	ClockSetup, .-ClockSetup
 203              		.align	2
 204              		.global	cyfitter_cfg
 205              		.code	16
 206              		.thumb_func
 207              		.type	cyfitter_cfg, %function
 208              	cyfitter_cfg:
 209              	.LFB6:
 238:Generated_Source\PSoC4/cyfitter_cfg.c **** 
 239:Generated_Source\PSoC4/cyfitter_cfg.c **** 
 240:Generated_Source\PSoC4/cyfitter_cfg.c **** /* Analog API Functions */
 241:Generated_Source\PSoC4/cyfitter_cfg.c **** 
ARM GAS  C:\Users\bibiw\AppData\Local\Temp\ccgfjXIt.s 			page 9


 242:Generated_Source\PSoC4/cyfitter_cfg.c **** 
 243:Generated_Source\PSoC4/cyfitter_cfg.c **** /*******************************************************************************
 244:Generated_Source\PSoC4/cyfitter_cfg.c **** * Function Name: AnalogSetDefault
 245:Generated_Source\PSoC4/cyfitter_cfg.c **** ********************************************************************************
 246:Generated_Source\PSoC4/cyfitter_cfg.c **** *
 247:Generated_Source\PSoC4/cyfitter_cfg.c **** * Summary:
 248:Generated_Source\PSoC4/cyfitter_cfg.c **** *  Sets up the analog portions of the chip to default values based on chip
 249:Generated_Source\PSoC4/cyfitter_cfg.c **** *  configuration options from the project.
 250:Generated_Source\PSoC4/cyfitter_cfg.c **** *
 251:Generated_Source\PSoC4/cyfitter_cfg.c **** * Parameters:
 252:Generated_Source\PSoC4/cyfitter_cfg.c **** *  void
 253:Generated_Source\PSoC4/cyfitter_cfg.c **** *
 254:Generated_Source\PSoC4/cyfitter_cfg.c **** * Return:
 255:Generated_Source\PSoC4/cyfitter_cfg.c **** *  void
 256:Generated_Source\PSoC4/cyfitter_cfg.c **** *
 257:Generated_Source\PSoC4/cyfitter_cfg.c **** *******************************************************************************/
 258:Generated_Source\PSoC4/cyfitter_cfg.c **** static void AnalogSetDefault(void);
 259:Generated_Source\PSoC4/cyfitter_cfg.c **** static void AnalogSetDefault(void)
 260:Generated_Source\PSoC4/cyfitter_cfg.c **** {
 261:Generated_Source\PSoC4/cyfitter_cfg.c **** }
 262:Generated_Source\PSoC4/cyfitter_cfg.c **** 
 263:Generated_Source\PSoC4/cyfitter_cfg.c **** 
 264:Generated_Source\PSoC4/cyfitter_cfg.c **** 
 265:Generated_Source\PSoC4/cyfitter_cfg.c **** 
 266:Generated_Source\PSoC4/cyfitter_cfg.c **** /*******************************************************************************
 267:Generated_Source\PSoC4/cyfitter_cfg.c **** * Function Name: cyfitter_cfg
 268:Generated_Source\PSoC4/cyfitter_cfg.c **** ********************************************************************************
 269:Generated_Source\PSoC4/cyfitter_cfg.c **** * Summary:
 270:Generated_Source\PSoC4/cyfitter_cfg.c **** *  This function is called by the start-up code for the selected device. It
 271:Generated_Source\PSoC4/cyfitter_cfg.c **** *  performs all of the necessary device configuration based on the design
 272:Generated_Source\PSoC4/cyfitter_cfg.c **** *  settings.  This includes settings from the Design Wide Resources (DWR) such
 273:Generated_Source\PSoC4/cyfitter_cfg.c **** *  as Clocks and Pins as well as any component configuration that is necessary.
 274:Generated_Source\PSoC4/cyfitter_cfg.c **** *
 275:Generated_Source\PSoC4/cyfitter_cfg.c **** * Parameters:
 276:Generated_Source\PSoC4/cyfitter_cfg.c **** *   void
 277:Generated_Source\PSoC4/cyfitter_cfg.c **** *
 278:Generated_Source\PSoC4/cyfitter_cfg.c **** * Return:
 279:Generated_Source\PSoC4/cyfitter_cfg.c **** *   void
 280:Generated_Source\PSoC4/cyfitter_cfg.c **** *
 281:Generated_Source\PSoC4/cyfitter_cfg.c **** *******************************************************************************/
 282:Generated_Source\PSoC4/cyfitter_cfg.c **** CY_CFG_SECTION
 283:Generated_Source\PSoC4/cyfitter_cfg.c **** void cyfitter_cfg(void)
 284:Generated_Source\PSoC4/cyfitter_cfg.c **** {
 210              		.loc 1 284 0
 211              		.cfi_startproc
 212              		@ args = 0, pretend = 0, frame = 0
 213              		@ frame_needed = 0, uses_anonymous_args = 0
 214 006c 10B5     		push	{r4, lr}
 215              		.cfi_def_cfa_offset 8
 216              		.cfi_offset 4, -8
 217              		.cfi_offset 14, -4
 285:Generated_Source\PSoC4/cyfitter_cfg.c **** 	/* Disable interrupts by default. Let user enable if/when they want. */
 286:Generated_Source\PSoC4/cyfitter_cfg.c **** 	CyGlobalIntDisable;
 218              		.loc 1 286 0
 219              		.syntax divided
 220              	@ 286 "Generated_Source\PSoC4\cyfitter_cfg.c" 1
 221 006e 72B6     		CPSID   i
ARM GAS  C:\Users\bibiw\AppData\Local\Temp\ccgfjXIt.s 			page 10


 222              	@ 0 "" 2
 223              	.LVL18:
 224              		.thumb
 225              		.syntax unified
 226              	.LBB3:
 287:Generated_Source\PSoC4/cyfitter_cfg.c **** 
 288:Generated_Source\PSoC4/cyfitter_cfg.c **** 	{
 289:Generated_Source\PSoC4/cyfitter_cfg.c **** 		static const uint32 CYCODE cy_cfg_addr_table[] = {
 290:Generated_Source\PSoC4/cyfitter_cfg.c **** 			0x400F3202u, /* Base address: 0x400F3200 Count: 2 */
 291:Generated_Source\PSoC4/cyfitter_cfg.c **** 			0x400F330Bu, /* Base address: 0x400F3300 Count: 11 */
 292:Generated_Source\PSoC4/cyfitter_cfg.c **** 			0x400F410Cu, /* Base address: 0x400F4100 Count: 12 */
 293:Generated_Source\PSoC4/cyfitter_cfg.c **** 		};
 294:Generated_Source\PSoC4/cyfitter_cfg.c **** 
 295:Generated_Source\PSoC4/cyfitter_cfg.c **** 		static const cy_cfg_addrvalue_t CYCODE cy_cfg_data_table[] = {
 296:Generated_Source\PSoC4/cyfitter_cfg.c **** 			{0x5Bu, 0x04u},
 297:Generated_Source\PSoC4/cyfitter_cfg.c **** 			{0x5Fu, 0x01u},
 298:Generated_Source\PSoC4/cyfitter_cfg.c **** 			{0x5Cu, 0x11u},
 299:Generated_Source\PSoC4/cyfitter_cfg.c **** 			{0x5Eu, 0x80u},
 300:Generated_Source\PSoC4/cyfitter_cfg.c **** 			{0x5Fu, 0x08u},
 301:Generated_Source\PSoC4/cyfitter_cfg.c **** 			{0x66u, 0x80u},
 302:Generated_Source\PSoC4/cyfitter_cfg.c **** 			{0x83u, 0x08u},
 303:Generated_Source\PSoC4/cyfitter_cfg.c **** 			{0x86u, 0xC0u},
 304:Generated_Source\PSoC4/cyfitter_cfg.c **** 			{0x8Cu, 0x11u},
 305:Generated_Source\PSoC4/cyfitter_cfg.c **** 			{0xD6u, 0xF0u},
 306:Generated_Source\PSoC4/cyfitter_cfg.c **** 			{0xD8u, 0x10u},
 307:Generated_Source\PSoC4/cyfitter_cfg.c **** 			{0xE0u, 0x10u},
 308:Generated_Source\PSoC4/cyfitter_cfg.c **** 			{0xE4u, 0x10u},
 309:Generated_Source\PSoC4/cyfitter_cfg.c **** 			{0x02u, 0x20u},
 310:Generated_Source\PSoC4/cyfitter_cfg.c **** 			{0x03u, 0x02u},
 311:Generated_Source\PSoC4/cyfitter_cfg.c **** 			{0x04u, 0x88u},
 312:Generated_Source\PSoC4/cyfitter_cfg.c **** 			{0x08u, 0x01u},
 313:Generated_Source\PSoC4/cyfitter_cfg.c **** 			{0x83u, 0x02u},
 314:Generated_Source\PSoC4/cyfitter_cfg.c **** 			{0x84u, 0x01u},
 315:Generated_Source\PSoC4/cyfitter_cfg.c **** 			{0x86u, 0x20u},
 316:Generated_Source\PSoC4/cyfitter_cfg.c **** 			{0x8Cu, 0x44u},
 317:Generated_Source\PSoC4/cyfitter_cfg.c **** 			{0xC0u, 0xF0u},
 318:Generated_Source\PSoC4/cyfitter_cfg.c **** 			{0xC2u, 0x10u},
 319:Generated_Source\PSoC4/cyfitter_cfg.c **** 			{0xE0u, 0x60u},
 320:Generated_Source\PSoC4/cyfitter_cfg.c **** 			{0xE4u, 0x40u},
 321:Generated_Source\PSoC4/cyfitter_cfg.c **** 		};
 322:Generated_Source\PSoC4/cyfitter_cfg.c **** 
 323:Generated_Source\PSoC4/cyfitter_cfg.c **** 
 324:Generated_Source\PSoC4/cyfitter_cfg.c **** 
 325:Generated_Source\PSoC4/cyfitter_cfg.c **** 		CYPACKED typedef struct {
 326:Generated_Source\PSoC4/cyfitter_cfg.c **** 			void CYFAR *address;
 327:Generated_Source\PSoC4/cyfitter_cfg.c **** 			uint16 size;
 328:Generated_Source\PSoC4/cyfitter_cfg.c **** 		} CYPACKED_ATTR cfg_memset_t;
 329:Generated_Source\PSoC4/cyfitter_cfg.c **** 
 330:Generated_Source\PSoC4/cyfitter_cfg.c **** 		static const cfg_memset_t CYCODE cfg_memset_list[] = {
 331:Generated_Source\PSoC4/cyfitter_cfg.c **** 			/* address, size */
 332:Generated_Source\PSoC4/cyfitter_cfg.c **** 			{(void CYFAR *)(CYDEV_UDB_P0_U0_BASE), 1024u},
 333:Generated_Source\PSoC4/cyfitter_cfg.c **** 			{(void CYFAR *)(CYDEV_UDB_DSI0_BASE), 1024u},
 334:Generated_Source\PSoC4/cyfitter_cfg.c **** 		};
 335:Generated_Source\PSoC4/cyfitter_cfg.c **** 
 336:Generated_Source\PSoC4/cyfitter_cfg.c **** 		uint8 CYDATA i;
 337:Generated_Source\PSoC4/cyfitter_cfg.c **** 
 338:Generated_Source\PSoC4/cyfitter_cfg.c **** 		/* Zero out critical memory blocks before beginning configuration */
ARM GAS  C:\Users\bibiw\AppData\Local\Temp\ccgfjXIt.s 			page 11


 339:Generated_Source\PSoC4/cyfitter_cfg.c **** 		for (i = 0u; i < (sizeof(cfg_memset_list)/sizeof(cfg_memset_list[0])); i++)
 227              		.loc 1 339 0
 228 0070 0024     		movs	r4, #0
 229 0072 0FE0     		b	.L11
 230              	.LVL19:
 231              	.L12:
 232              	.LBB4:
 340:Generated_Source\PSoC4/cyfitter_cfg.c **** 		{
 341:Generated_Source\PSoC4/cyfitter_cfg.c **** 			const cfg_memset_t CYCODE * CYDATA ms = &cfg_memset_list[i];
 342:Generated_Source\PSoC4/cyfitter_cfg.c **** 			CYMEMZERO(ms->address, (size_t)(uint32)(ms->size));
 233              		.loc 1 342 0 discriminator 3
 234 0074 1C48     		ldr	r0, .L13
 235 0076 6200     		lsls	r2, r4, #1
 236 0078 1319     		adds	r3, r2, r4
 237 007a 5900     		lsls	r1, r3, #1
 238 007c 0B00     		movs	r3, r1
 239 007e 4118     		adds	r1, r0, r1
 240 0080 8988     		ldrh	r1, [r1, #4]
 241 0082 1A5A     		ldrh	r2, [r3, r0]
 242 0084 C318     		adds	r3, r0, r3
 243 0086 5888     		ldrh	r0, [r3, #2]
 244 0088 0004     		lsls	r0, r0, #16
 245 008a 1043     		orrs	r0, r2
 246 008c FFF7FEFF 		bl	CYMEMZERO
 247              	.LVL20:
 248              	.LBE4:
 339:Generated_Source\PSoC4/cyfitter_cfg.c **** 		{
 249              		.loc 1 339 0 discriminator 3
 250 0090 0134     		adds	r4, r4, #1
 251              	.LVL21:
 252 0092 E4B2     		uxtb	r4, r4
 253              	.LVL22:
 254              	.L11:
 339:Generated_Source\PSoC4/cyfitter_cfg.c **** 		{
 255              		.loc 1 339 0 is_stmt 0 discriminator 1
 256 0094 012C     		cmp	r4, #1
 257 0096 EDD9     		bls	.L12
 343:Generated_Source\PSoC4/cyfitter_cfg.c **** 		}
 344:Generated_Source\PSoC4/cyfitter_cfg.c **** 
 345:Generated_Source\PSoC4/cyfitter_cfg.c **** 		cfg_write_bytes32(cy_cfg_addr_table, cy_cfg_data_table);
 258              		.loc 1 345 0 is_stmt 1
 259 0098 1348     		ldr	r0, .L13
 260 009a 0100     		movs	r1, r0
 261 009c 0C31     		adds	r1, r1, #12
 262 009e 4030     		adds	r0, r0, #64
 263 00a0 FFF7FEFF 		bl	cfg_write_bytes32
 264              	.LVL23:
 346:Generated_Source\PSoC4/cyfitter_cfg.c **** 
 347:Generated_Source\PSoC4/cyfitter_cfg.c **** 		/* HSIOM Starting address: CYDEV_HSIOM_BASE */
 348:Generated_Source\PSoC4/cyfitter_cfg.c **** 		CY_SET_REG32((void *)(CYREG_HSIOM_PORT_SEL3), 0x0000EE00u);
 265              		.loc 1 348 0
 266 00a4 EE22     		movs	r2, #238
 267 00a6 1202     		lsls	r2, r2, #8
 268 00a8 104B     		ldr	r3, .L13+4
 269 00aa 1A60     		str	r2, [r3]
 349:Generated_Source\PSoC4/cyfitter_cfg.c **** 
 350:Generated_Source\PSoC4/cyfitter_cfg.c **** 		/* UDB_PA_1 Starting address: CYDEV_UDB_PA1_BASE */
ARM GAS  C:\Users\bibiw\AppData\Local\Temp\ccgfjXIt.s 			page 12


 351:Generated_Source\PSoC4/cyfitter_cfg.c **** 		CY_SET_REG32((void *)(CYDEV_UDB_PA1_BASE), 0x00990000u);
 270              		.loc 1 351 0
 271 00ac 9923     		movs	r3, #153
 272 00ae 1B04     		lsls	r3, r3, #16
 273 00b0 0F4A     		ldr	r2, .L13+8
 274 00b2 1360     		str	r3, [r2]
 352:Generated_Source\PSoC4/cyfitter_cfg.c **** 
 353:Generated_Source\PSoC4/cyfitter_cfg.c **** 		/* UDB_PA_3 Starting address: CYDEV_UDB_PA3_BASE */
 354:Generated_Source\PSoC4/cyfitter_cfg.c **** 		CY_SET_REG32((void *)(CYDEV_UDB_PA3_BASE), 0x00990000u);
 275              		.loc 1 354 0
 276 00b4 0F4A     		ldr	r2, .L13+12
 277 00b6 1360     		str	r3, [r2]
 355:Generated_Source\PSoC4/cyfitter_cfg.c **** 
 356:Generated_Source\PSoC4/cyfitter_cfg.c **** 		/* Enable UDB array and digital routing */
 357:Generated_Source\PSoC4/cyfitter_cfg.c **** 		CY_SET_XTND_REG8((void *)CYREG_UDB_UDBIF_WAIT_CFG, (uint8)((CY_GET_XTND_REG8((void *)CYREG_UDB_UD
 278              		.loc 1 357 0
 279 00b8 0F49     		ldr	r1, .L13+16
 280 00ba 0B78     		ldrb	r3, [r1]
 281 00bc 3C22     		movs	r2, #60
 282 00be 9343     		bics	r3, r2
 283 00c0 1422     		movs	r2, #20
 284 00c2 1343     		orrs	r3, r2
 285 00c4 DBB2     		uxtb	r3, r3
 286 00c6 0B70     		strb	r3, [r1]
 358:Generated_Source\PSoC4/cyfitter_cfg.c **** 		CY_SET_XTND_REG8((void *)CYREG_UDB_UDBIF_BANK_CTL, (uint8)(CY_GET_XTND_REG8((void *)CYREG_UDB_UDB
 287              		.loc 1 358 0
 288 00c8 0C4A     		ldr	r2, .L13+20
 289 00ca 1178     		ldrb	r1, [r2]
 290 00cc 1623     		movs	r3, #22
 291 00ce 0B43     		orrs	r3, r1
 292 00d0 DBB2     		uxtb	r3, r3
 293 00d2 1370     		strb	r3, [r2]
 294              	.LBE3:
 359:Generated_Source\PSoC4/cyfitter_cfg.c **** 	}
 360:Generated_Source\PSoC4/cyfitter_cfg.c **** 
 361:Generated_Source\PSoC4/cyfitter_cfg.c **** 	/* Perform second pass device configuration. These items must be configured in specific order afte
 362:Generated_Source\PSoC4/cyfitter_cfg.c **** 	/* IOPINS0_1 Starting address: CYDEV_PRT1_BASE */
 363:Generated_Source\PSoC4/cyfitter_cfg.c **** 	CY_SET_REG32((void *)(CYREG_PRT1_PC), 0x00036DB6u);
 295              		.loc 1 363 0
 296 00d4 0A4A     		ldr	r2, .L13+24
 297 00d6 0B4B     		ldr	r3, .L13+28
 298 00d8 1A60     		str	r2, [r3]
 364:Generated_Source\PSoC4/cyfitter_cfg.c **** 
 365:Generated_Source\PSoC4/cyfitter_cfg.c **** 	/* IOPINS0_3 Starting address: CYDEV_PRT3_BASE */
 366:Generated_Source\PSoC4/cyfitter_cfg.c **** 	CY_SET_REG32((void *)(CYREG_PRT3_PC), 0x00000D80u);
 299              		.loc 1 366 0
 300 00da D822     		movs	r2, #216
 301 00dc 1201     		lsls	r2, r2, #4
 302 00de 0A4B     		ldr	r3, .L13+32
 303 00e0 1A60     		str	r2, [r3]
 367:Generated_Source\PSoC4/cyfitter_cfg.c **** 
 368:Generated_Source\PSoC4/cyfitter_cfg.c **** 
 369:Generated_Source\PSoC4/cyfitter_cfg.c **** 	/* Setup clocks based on selections from Clock DWR */
 370:Generated_Source\PSoC4/cyfitter_cfg.c **** 	ClockSetup();
 304              		.loc 1 370 0
 305 00e2 FFF78DFF 		bl	ClockSetup
 306              	.LVL24:
ARM GAS  C:\Users\bibiw\AppData\Local\Temp\ccgfjXIt.s 			page 13


 371:Generated_Source\PSoC4/cyfitter_cfg.c **** 
 372:Generated_Source\PSoC4/cyfitter_cfg.c **** 	/* Perform basic analog initialization to defaults */
 373:Generated_Source\PSoC4/cyfitter_cfg.c **** 	AnalogSetDefault();
 374:Generated_Source\PSoC4/cyfitter_cfg.c **** 
 375:Generated_Source\PSoC4/cyfitter_cfg.c **** }
 307              		.loc 1 375 0
 308              		@ sp needed
 309              	.LVL25:
 310 00e6 10BD     		pop	{r4, pc}
 311              	.L14:
 312              		.align	2
 313              	.L13:
 314 00e8 00000000 		.word	.LANCHOR0
 315 00ec 0C000140 		.word	1073807372
 316 00f0 10500F40 		.word	1074745360
 317 00f4 30500F40 		.word	1074745392
 318 00f8 01700F40 		.word	1074753537
 319 00fc 00700F40 		.word	1074753536
 320 0100 B66D0300 		.word	224694
 321 0104 08010440 		.word	1074004232
 322 0108 08030440 		.word	1074004744
 323              		.cfi_endproc
 324              	.LFE6:
 325              		.size	cyfitter_cfg, .-cyfitter_cfg
 326              		.section	.rodata
 327              		.align	2
 328              		.set	.LANCHOR0,. + 0
 329              		.type	cfg_memset_list.4870, %object
 330              		.size	cfg_memset_list.4870, 12
 331              	cfg_memset_list.4870:
 332 0000 00300F40 		.word	1074737152
 333 0004 0004     		.short	1024
 334 0006 00400F40 		.4byte	1074741248
 335 000a 0004     		.short	1024
 336              		.type	cy_cfg_data_table.4865, %object
 337              		.size	cy_cfg_data_table.4865, 50
 338              	cy_cfg_data_table.4865:
 339 000c 5B       		.byte	91
 340 000d 04       		.byte	4
 341 000e 5F       		.byte	95
 342 000f 01       		.byte	1
 343 0010 5C       		.byte	92
 344 0011 11       		.byte	17
 345 0012 5E       		.byte	94
 346 0013 80       		.byte	-128
 347 0014 5F       		.byte	95
 348 0015 08       		.byte	8
 349 0016 66       		.byte	102
 350 0017 80       		.byte	-128
 351 0018 83       		.byte	-125
 352 0019 08       		.byte	8
 353 001a 86       		.byte	-122
 354 001b C0       		.byte	-64
 355 001c 8C       		.byte	-116
 356 001d 11       		.byte	17
 357 001e D6       		.byte	-42
 358 001f F0       		.byte	-16
ARM GAS  C:\Users\bibiw\AppData\Local\Temp\ccgfjXIt.s 			page 14


 359 0020 D8       		.byte	-40
 360 0021 10       		.byte	16
 361 0022 E0       		.byte	-32
 362 0023 10       		.byte	16
 363 0024 E4       		.byte	-28
 364 0025 10       		.byte	16
 365 0026 02       		.byte	2
 366 0027 20       		.byte	32
 367 0028 03       		.byte	3
 368 0029 02       		.byte	2
 369 002a 04       		.byte	4
 370 002b 88       		.byte	-120
 371 002c 08       		.byte	8
 372 002d 01       		.byte	1
 373 002e 83       		.byte	-125
 374 002f 02       		.byte	2
 375 0030 84       		.byte	-124
 376 0031 01       		.byte	1
 377 0032 86       		.byte	-122
 378 0033 20       		.byte	32
 379 0034 8C       		.byte	-116
 380 0035 44       		.byte	68
 381 0036 C0       		.byte	-64
 382 0037 F0       		.byte	-16
 383 0038 C2       		.byte	-62
 384 0039 10       		.byte	16
 385 003a E0       		.byte	-32
 386 003b 60       		.byte	96
 387 003c E4       		.byte	-28
 388 003d 40       		.byte	64
 389 003e 0000     		.space	2
 390              		.type	cy_cfg_addr_table.4864, %object
 391              		.size	cy_cfg_addr_table.4864, 12
 392              	cy_cfg_addr_table.4864:
 393 0040 02320F40 		.word	1074737666
 394 0044 0B330F40 		.word	1074737931
 395 0048 0C410F40 		.word	1074741516
 396              		.text
 397              	.Letext0:
 398              		.file 2 "c:\\program files (x86)\\cypress\\psoc creator\\4.4\\psoc creator\\import\\gnu\\arm\\5.4.
 399              		.file 3 "Generated_Source\\PSoC4\\cytypes.h"
 400              		.file 4 "Generated_Source\\PSoC4\\CyLib.h"
 401              		.section	.debug_info,"",%progbits
 402              	.Ldebug_info0:
 403 0000 9C030000 		.4byte	0x39c
 404 0004 0400     		.2byte	0x4
 405 0006 00000000 		.4byte	.Ldebug_abbrev0
 406 000a 04       		.byte	0x4
 407 000b 01       		.uleb128 0x1
 408 000c 30010000 		.4byte	.LASF39
 409 0010 0C       		.byte	0xc
 410 0011 93020000 		.4byte	.LASF40
 411 0015 45020000 		.4byte	.LASF41
 412 0019 00000000 		.4byte	.Ldebug_ranges0+0
 413 001d 00000000 		.4byte	0
 414 0021 00000000 		.4byte	.Ldebug_line0
 415 0025 02       		.uleb128 0x2
ARM GAS  C:\Users\bibiw\AppData\Local\Temp\ccgfjXIt.s 			page 15


 416 0026 04       		.byte	0x4
 417 0027 05       		.byte	0x5
 418 0028 696E7400 		.ascii	"int\000"
 419 002c 03       		.uleb128 0x3
 420 002d 06000000 		.4byte	.LASF12
 421 0031 02       		.byte	0x2
 422 0032 D8       		.byte	0xd8
 423 0033 37000000 		.4byte	0x37
 424 0037 04       		.uleb128 0x4
 425 0038 04       		.byte	0x4
 426 0039 07       		.byte	0x7
 427 003a F7000000 		.4byte	.LASF0
 428 003e 04       		.uleb128 0x4
 429 003f 08       		.byte	0x8
 430 0040 05       		.byte	0x5
 431 0041 F0010000 		.4byte	.LASF1
 432 0045 04       		.uleb128 0x4
 433 0046 08       		.byte	0x8
 434 0047 04       		.byte	0x4
 435 0048 7B020000 		.4byte	.LASF2
 436 004c 04       		.uleb128 0x4
 437 004d 01       		.byte	0x1
 438 004e 06       		.byte	0x6
 439 004f 87020000 		.4byte	.LASF3
 440 0053 04       		.uleb128 0x4
 441 0054 01       		.byte	0x1
 442 0055 08       		.byte	0x8
 443 0056 99000000 		.4byte	.LASF4
 444 005a 04       		.uleb128 0x4
 445 005b 02       		.byte	0x2
 446 005c 05       		.byte	0x5
 447 005d 1D020000 		.4byte	.LASF5
 448 0061 04       		.uleb128 0x4
 449 0062 02       		.byte	0x2
 450 0063 07       		.byte	0x7
 451 0064 DD010000 		.4byte	.LASF6
 452 0068 04       		.uleb128 0x4
 453 0069 04       		.byte	0x4
 454 006a 05       		.byte	0x5
 455 006b 3C020000 		.4byte	.LASF7
 456 006f 04       		.uleb128 0x4
 457 0070 04       		.byte	0x4
 458 0071 07       		.byte	0x7
 459 0072 77000000 		.4byte	.LASF8
 460 0076 04       		.uleb128 0x4
 461 0077 08       		.byte	0x8
 462 0078 07       		.byte	0x7
 463 0079 19010000 		.4byte	.LASF9
 464 007d 04       		.uleb128 0x4
 465 007e 04       		.byte	0x4
 466 007f 07       		.byte	0x7
 467 0080 D4010000 		.4byte	.LASF10
 468 0084 05       		.uleb128 0x5
 469 0085 04       		.byte	0x4
 470 0086 04       		.uleb128 0x4
 471 0087 01       		.byte	0x1
 472 0088 08       		.byte	0x8
ARM GAS  C:\Users\bibiw\AppData\Local\Temp\ccgfjXIt.s 			page 16


 473 0089 FE010000 		.4byte	.LASF11
 474 008d 06       		.uleb128 0x6
 475 008e 89000000 		.4byte	.LASF13
 476 0092 03       		.byte	0x3
 477 0093 FB01     		.2byte	0x1fb
 478 0095 53000000 		.4byte	0x53
 479 0099 06       		.uleb128 0x6
 480 009a DE000000 		.4byte	.LASF14
 481 009e 03       		.byte	0x3
 482 009f FC01     		.2byte	0x1fc
 483 00a1 61000000 		.4byte	0x61
 484 00a5 06       		.uleb128 0x6
 485 00a6 F0000000 		.4byte	.LASF15
 486 00aa 03       		.byte	0x3
 487 00ab FD01     		.2byte	0x1fd
 488 00ad 6F000000 		.4byte	0x6f
 489 00b1 04       		.uleb128 0x4
 490 00b2 04       		.byte	0x4
 491 00b3 04       		.byte	0x4
 492 00b4 57000000 		.4byte	.LASF16
 493 00b8 04       		.uleb128 0x4
 494 00b9 08       		.byte	0x8
 495 00ba 04       		.byte	0x4
 496 00bb AE000000 		.4byte	.LASF17
 497 00bf 06       		.uleb128 0x6
 498 00c0 72000000 		.4byte	.LASF18
 499 00c4 03       		.byte	0x3
 500 00c5 A502     		.2byte	0x2a5
 501 00c7 CB000000 		.4byte	0xcb
 502 00cb 07       		.uleb128 0x7
 503 00cc 8D000000 		.4byte	0x8d
 504 00d0 06       		.uleb128 0x6
 505 00d1 00000000 		.4byte	.LASF19
 506 00d5 03       		.byte	0x3
 507 00d6 A702     		.2byte	0x2a7
 508 00d8 DC000000 		.4byte	0xdc
 509 00dc 07       		.uleb128 0x7
 510 00dd A5000000 		.4byte	0xa5
 511 00e1 08       		.uleb128 0x8
 512 00e2 02       		.byte	0x2
 513 00e3 01       		.byte	0x1
 514 00e4 97       		.byte	0x97
 515 00e5 02010000 		.4byte	0x102
 516 00e9 09       		.uleb128 0x9
 517 00ea 16020000 		.4byte	.LASF20
 518 00ee 01       		.byte	0x1
 519 00ef 99       		.byte	0x99
 520 00f0 8D000000 		.4byte	0x8d
 521 00f4 00       		.byte	0
 522 00f5 09       		.uleb128 0x9
 523 00f6 1C000000 		.4byte	.LASF21
 524 00fa 01       		.byte	0x1
 525 00fb 9A       		.byte	0x9a
 526 00fc 8D000000 		.4byte	0x8d
 527 0100 01       		.byte	0x1
 528 0101 00       		.byte	0
 529 0102 03       		.uleb128 0x3
ARM GAS  C:\Users\bibiw\AppData\Local\Temp\ccgfjXIt.s 			page 17


 530 0103 03020000 		.4byte	.LASF22
 531 0107 01       		.byte	0x1
 532 0108 9B       		.byte	0x9b
 533 0109 E1000000 		.4byte	0xe1
 534 010d 0A       		.uleb128 0xa
 535 010e B5000000 		.4byte	.LASF27
 536 0112 01       		.byte	0x1
 537 0113 AE       		.byte	0xae
 538 0114 00000000 		.4byte	.LFB3
 539 0118 32000000 		.4byte	.LFE3-.LFB3
 540 011c 01       		.uleb128 0x1
 541 011d 9C       		.byte	0x9c
 542 011e 7F010000 		.4byte	0x17f
 543 0122 0B       		.uleb128 0xb
 544 0123 D3000000 		.4byte	.LASF23
 545 0127 01       		.byte	0x1
 546 0128 AE       		.byte	0xae
 547 0129 7F010000 		.4byte	0x17f
 548 012d 01       		.uleb128 0x1
 549 012e 50       		.byte	0x50
 550 012f 0B       		.uleb128 0xb
 551 0130 E5000000 		.4byte	.LASF24
 552 0134 01       		.byte	0x1
 553 0135 AE       		.byte	0xae
 554 0136 8A010000 		.4byte	0x18a
 555 013a 01       		.uleb128 0x1
 556 013b 51       		.byte	0x51
 557 013c 0C       		.uleb128 0xc
 558 013d 6900     		.ascii	"i\000"
 559 013f 01       		.byte	0x1
 560 0140 B1       		.byte	0xb1
 561 0141 A5000000 		.4byte	0xa5
 562 0145 00000000 		.4byte	.LLST0
 563 0149 0C       		.uleb128 0xc
 564 014a 6A00     		.ascii	"j\000"
 565 014c 01       		.byte	0x1
 566 014d B1       		.byte	0xb1
 567 014e A5000000 		.4byte	0xa5
 568 0152 1F000000 		.4byte	.LLST1
 569 0156 0D       		.uleb128 0xd
 570 0157 08000000 		.4byte	.LBB2
 571 015b 22000000 		.4byte	.LBE2-.LBB2
 572 015f 0E       		.uleb128 0xe
 573 0160 CB010000 		.4byte	.LASF25
 574 0164 01       		.byte	0x1
 575 0165 B4       		.byte	0xb4
 576 0166 A5000000 		.4byte	0xa5
 577 016a 3E000000 		.4byte	.LLST2
 578 016e 0E       		.uleb128 0xe
 579 016f 22000000 		.4byte	.LASF26
 580 0173 01       		.byte	0x1
 581 0174 B5       		.byte	0xb5
 582 0175 8D000000 		.4byte	0x8d
 583 0179 51000000 		.4byte	.LLST3
 584 017d 00       		.byte	0
 585 017e 00       		.byte	0
 586 017f 0F       		.uleb128 0xf
ARM GAS  C:\Users\bibiw\AppData\Local\Temp\ccgfjXIt.s 			page 18


 587 0180 04       		.byte	0x4
 588 0181 85010000 		.4byte	0x185
 589 0185 10       		.uleb128 0x10
 590 0186 A5000000 		.4byte	0xa5
 591 018a 0F       		.uleb128 0xf
 592 018b 04       		.byte	0x4
 593 018c 90010000 		.4byte	0x190
 594 0190 10       		.uleb128 0x10
 595 0191 02010000 		.4byte	0x102
 596 0195 0A       		.uleb128 0xa
 597 0196 8F000000 		.4byte	.LASF28
 598 019a 01       		.byte	0x1
 599 019b 4C       		.byte	0x4c
 600 019c 00000000 		.4byte	.LFB0
 601 01a0 0C000000 		.4byte	.LFE0-.LFB0
 602 01a4 01       		.uleb128 0x1
 603 01a5 9C       		.byte	0x9c
 604 01a6 E2010000 		.4byte	0x1e2
 605 01aa 11       		.uleb128 0x11
 606 01ab 7300     		.ascii	"s\000"
 607 01ad 01       		.byte	0x1
 608 01ae 4C       		.byte	0x4c
 609 01af 84000000 		.4byte	0x84
 610 01b3 6F000000 		.4byte	.LLST4
 611 01b7 11       		.uleb128 0x11
 612 01b8 6E00     		.ascii	"n\000"
 613 01ba 01       		.byte	0x1
 614 01bb 4C       		.byte	0x4c
 615 01bc 2C000000 		.4byte	0x2c
 616 01c0 90000000 		.4byte	.LLST5
 617 01c4 12       		.uleb128 0x12
 618 01c5 0A000000 		.4byte	.LVL14
 619 01c9 75030000 		.4byte	0x375
 620 01cd 13       		.uleb128 0x13
 621 01ce 01       		.uleb128 0x1
 622 01cf 50       		.byte	0x50
 623 01d0 03       		.uleb128 0x3
 624 01d1 F3       		.byte	0xf3
 625 01d2 01       		.uleb128 0x1
 626 01d3 50       		.byte	0x50
 627 01d4 13       		.uleb128 0x13
 628 01d5 01       		.uleb128 0x1
 629 01d6 51       		.byte	0x51
 630 01d7 01       		.uleb128 0x1
 631 01d8 30       		.byte	0x30
 632 01d9 13       		.uleb128 0x13
 633 01da 01       		.uleb128 0x1
 634 01db 52       		.byte	0x52
 635 01dc 03       		.uleb128 0x3
 636 01dd F3       		.byte	0xf3
 637 01de 01       		.uleb128 0x1
 638 01df 51       		.byte	0x51
 639 01e0 00       		.byte	0
 640 01e1 00       		.byte	0
 641 01e2 0A       		.uleb128 0xa
 642 01e3 28000000 		.4byte	.LASF29
 643 01e7 01       		.byte	0x1
ARM GAS  C:\Users\bibiw\AppData\Local\Temp\ccgfjXIt.s 			page 19


 644 01e8 D3       		.byte	0xd3
 645 01e9 00000000 		.4byte	.LFB4
 646 01ed 6C000000 		.4byte	.LFE4-.LFB4
 647 01f1 01       		.uleb128 0x1
 648 01f2 9C       		.byte	0x9c
 649 01f3 2D020000 		.4byte	0x22d
 650 01f7 14       		.uleb128 0x14
 651 01f8 14000000 		.4byte	.LVL15
 652 01fc 7E030000 		.4byte	0x37e
 653 0200 0A020000 		.4byte	0x20a
 654 0204 13       		.uleb128 0x13
 655 0205 01       		.uleb128 0x1
 656 0206 50       		.byte	0x50
 657 0207 01       		.uleb128 0x1
 658 0208 48       		.byte	0x48
 659 0209 00       		.byte	0
 660 020a 14       		.uleb128 0x14
 661 020b 3A000000 		.4byte	.LVL16
 662 020f 89030000 		.4byte	0x389
 663 0213 1D020000 		.4byte	0x21d
 664 0217 13       		.uleb128 0x13
 665 0218 01       		.uleb128 0x1
 666 0219 50       		.byte	0x50
 667 021a 01       		.uleb128 0x1
 668 021b 39       		.byte	0x39
 669 021c 00       		.byte	0
 670 021d 12       		.uleb128 0x12
 671 021e 40000000 		.4byte	.LVL17
 672 0222 94030000 		.4byte	0x394
 673 0226 13       		.uleb128 0x13
 674 0227 01       		.uleb128 0x1
 675 0228 50       		.byte	0x50
 676 0229 01       		.uleb128 0x1
 677 022a 39       		.byte	0x39
 678 022b 00       		.byte	0
 679 022c 00       		.byte	0
 680 022d 15       		.uleb128 0x15
 681 022e 04010000 		.4byte	.LASF42
 682 0232 01       		.byte	0x1
 683 0233 1B01     		.2byte	0x11b
 684 0235 6C000000 		.4byte	.LFB6
 685 0239 A0000000 		.4byte	.LFE6-.LFB6
 686 023d 01       		.uleb128 0x1
 687 023e 9C       		.byte	0x9c
 688 023f 4B030000 		.4byte	0x34b
 689 0243 16       		.uleb128 0x16
 690 0244 70000000 		.4byte	.LBB3
 691 0248 64000000 		.4byte	.LBE3-.LBB3
 692 024c 41030000 		.4byte	0x341
 693 0250 17       		.uleb128 0x17
 694 0251 33000000 		.4byte	.LASF30
 695 0255 01       		.byte	0x1
 696 0256 2101     		.2byte	0x121
 697 0258 5B030000 		.4byte	0x35b
 698 025c 05       		.uleb128 0x5
 699 025d 03       		.byte	0x3
 700 025e 40000000 		.4byte	cy_cfg_addr_table.4864
ARM GAS  C:\Users\bibiw\AppData\Local\Temp\ccgfjXIt.s 			page 20


 701 0262 17       		.uleb128 0x17
 702 0263 45000000 		.4byte	.LASF31
 703 0267 01       		.byte	0x1
 704 0268 2701     		.2byte	0x127
 705 026a 70030000 		.4byte	0x370
 706 026e 05       		.uleb128 0x5
 707 026f 03       		.byte	0x3
 708 0270 0C000000 		.4byte	cy_cfg_data_table.4865
 709 0274 18       		.uleb128 0x18
 710 0275 06       		.byte	0x6
 711 0276 01       		.byte	0x1
 712 0277 4501     		.2byte	0x145
 713 0279 98020000 		.4byte	0x298
 714 027d 19       		.uleb128 0x19
 715 027e 11010000 		.4byte	.LASF32
 716 0282 01       		.byte	0x1
 717 0283 4601     		.2byte	0x146
 718 0285 84000000 		.4byte	0x84
 719 0289 00       		.byte	0
 720 028a 19       		.uleb128 0x19
 721 028b 6D000000 		.4byte	.LASF33
 722 028f 01       		.byte	0x1
 723 0290 4701     		.2byte	0x147
 724 0292 99000000 		.4byte	0x99
 725 0296 04       		.byte	0x4
 726 0297 00       		.byte	0
 727 0298 06       		.uleb128 0x6
 728 0299 BE010000 		.4byte	.LASF34
 729 029d 01       		.byte	0x1
 730 029e 4801     		.2byte	0x148
 731 02a0 74020000 		.4byte	0x274
 732 02a4 1A       		.uleb128 0x1a
 733 02a5 B4020000 		.4byte	0x2b4
 734 02a9 B4020000 		.4byte	0x2b4
 735 02ad 1B       		.uleb128 0x1b
 736 02ae 7D000000 		.4byte	0x7d
 737 02b2 01       		.byte	0x1
 738 02b3 00       		.byte	0
 739 02b4 10       		.uleb128 0x10
 740 02b5 98020000 		.4byte	0x298
 741 02b9 17       		.uleb128 0x17
 742 02ba 5D000000 		.4byte	.LASF35
 743 02be 01       		.byte	0x1
 744 02bf 4A01     		.2byte	0x14a
 745 02c1 CB020000 		.4byte	0x2cb
 746 02c5 05       		.uleb128 0x5
 747 02c6 03       		.byte	0x3
 748 02c7 00000000 		.4byte	cfg_memset_list.4870
 749 02cb 10       		.uleb128 0x10
 750 02cc A4020000 		.4byte	0x2a4
 751 02d0 1C       		.uleb128 0x1c
 752 02d1 6900     		.ascii	"i\000"
 753 02d3 01       		.byte	0x1
 754 02d4 5001     		.2byte	0x150
 755 02d6 8D000000 		.4byte	0x8d
 756 02da BC000000 		.4byte	.LLST6
 757 02de 16       		.uleb128 0x16
ARM GAS  C:\Users\bibiw\AppData\Local\Temp\ccgfjXIt.s 			page 21


 758 02df 74000000 		.4byte	.LBB4
 759 02e3 1C000000 		.4byte	.LBE4-.LBB4
 760 02e7 24030000 		.4byte	0x324
 761 02eb 1C       		.uleb128 0x1c
 762 02ec 6D7300   		.ascii	"ms\000"
 763 02ef 01       		.byte	0x1
 764 02f0 5501     		.2byte	0x155
 765 02f2 FA020000 		.4byte	0x2fa
 766 02f6 E6000000 		.4byte	.LLST7
 767 02fa 0F       		.uleb128 0xf
 768 02fb 04       		.byte	0x4
 769 02fc B4020000 		.4byte	0x2b4
 770 0300 12       		.uleb128 0x12
 771 0301 90000000 		.4byte	.LVL20
 772 0305 95010000 		.4byte	0x195
 773 0309 13       		.uleb128 0x13
 774 030a 01       		.uleb128 0x1
 775 030b 51       		.byte	0x51
 776 030c 15       		.uleb128 0x15
 777 030d 74       		.byte	0x74
 778 030e 00       		.sleb128 0
 779 030f 31       		.byte	0x31
 780 0310 24       		.byte	0x24
 781 0311 74       		.byte	0x74
 782 0312 00       		.sleb128 0
 783 0313 22       		.byte	0x22
 784 0314 31       		.byte	0x31
 785 0315 24       		.byte	0x24
 786 0316 03       		.byte	0x3
 787 0317 04000000 		.4byte	.LANCHOR0+4
 788 031b 22       		.byte	0x22
 789 031c 94       		.byte	0x94
 790 031d 02       		.byte	0x2
 791 031e 0A       		.byte	0xa
 792 031f FFFF     		.2byte	0xffff
 793 0321 1A       		.byte	0x1a
 794 0322 00       		.byte	0
 795 0323 00       		.byte	0
 796 0324 12       		.uleb128 0x12
 797 0325 A4000000 		.4byte	.LVL23
 798 0329 0D010000 		.4byte	0x10d
 799 032d 13       		.uleb128 0x13
 800 032e 01       		.uleb128 0x1
 801 032f 50       		.byte	0x50
 802 0330 05       		.uleb128 0x5
 803 0331 03       		.byte	0x3
 804 0332 40000000 		.4byte	.LANCHOR0+64
 805 0336 13       		.uleb128 0x13
 806 0337 01       		.uleb128 0x1
 807 0338 51       		.byte	0x51
 808 0339 05       		.uleb128 0x5
 809 033a 03       		.byte	0x3
 810 033b 0C000000 		.4byte	.LANCHOR0+12
 811 033f 00       		.byte	0
 812 0340 00       		.byte	0
 813 0341 1D       		.uleb128 0x1d
 814 0342 E6000000 		.4byte	.LVL24
ARM GAS  C:\Users\bibiw\AppData\Local\Temp\ccgfjXIt.s 			page 22


 815 0346 E2010000 		.4byte	0x1e2
 816 034a 00       		.byte	0
 817 034b 1A       		.uleb128 0x1a
 818 034c 85010000 		.4byte	0x185
 819 0350 5B030000 		.4byte	0x35b
 820 0354 1B       		.uleb128 0x1b
 821 0355 7D000000 		.4byte	0x7d
 822 0359 02       		.byte	0x2
 823 035a 00       		.byte	0
 824 035b 10       		.uleb128 0x10
 825 035c 4B030000 		.4byte	0x34b
 826 0360 1A       		.uleb128 0x1a
 827 0361 90010000 		.4byte	0x190
 828 0365 70030000 		.4byte	0x370
 829 0369 1B       		.uleb128 0x1b
 830 036a 7D000000 		.4byte	0x7d
 831 036e 18       		.byte	0x18
 832 036f 00       		.byte	0
 833 0370 10       		.uleb128 0x10
 834 0371 60030000 		.4byte	0x360
 835 0375 1E       		.uleb128 0x1e
 836 0376 A7000000 		.4byte	.LASF43
 837 037a A7000000 		.4byte	.LASF43
 838 037e 1F       		.uleb128 0x1f
 839 037f 27020000 		.4byte	.LASF36
 840 0383 27020000 		.4byte	.LASF36
 841 0387 04       		.byte	0x4
 842 0388 6C       		.byte	0x6c
 843 0389 1F       		.uleb128 0x1f
 844 038a 0D000000 		.4byte	.LASF37
 845 038e 0D000000 		.4byte	.LASF37
 846 0392 04       		.byte	0x4
 847 0393 D0       		.byte	0xd0
 848 0394 1F       		.uleb128 0x1f
 849 0395 C7000000 		.4byte	.LASF38
 850 0399 C7000000 		.4byte	.LASF38
 851 039d 04       		.byte	0x4
 852 039e D6       		.byte	0xd6
 853 039f 00       		.byte	0
 854              		.section	.debug_abbrev,"",%progbits
 855              	.Ldebug_abbrev0:
 856 0000 01       		.uleb128 0x1
 857 0001 11       		.uleb128 0x11
 858 0002 01       		.byte	0x1
 859 0003 25       		.uleb128 0x25
 860 0004 0E       		.uleb128 0xe
 861 0005 13       		.uleb128 0x13
 862 0006 0B       		.uleb128 0xb
 863 0007 03       		.uleb128 0x3
 864 0008 0E       		.uleb128 0xe
 865 0009 1B       		.uleb128 0x1b
 866 000a 0E       		.uleb128 0xe
 867 000b 55       		.uleb128 0x55
 868 000c 17       		.uleb128 0x17
 869 000d 11       		.uleb128 0x11
 870 000e 01       		.uleb128 0x1
 871 000f 10       		.uleb128 0x10
ARM GAS  C:\Users\bibiw\AppData\Local\Temp\ccgfjXIt.s 			page 23


 872 0010 17       		.uleb128 0x17
 873 0011 00       		.byte	0
 874 0012 00       		.byte	0
 875 0013 02       		.uleb128 0x2
 876 0014 24       		.uleb128 0x24
 877 0015 00       		.byte	0
 878 0016 0B       		.uleb128 0xb
 879 0017 0B       		.uleb128 0xb
 880 0018 3E       		.uleb128 0x3e
 881 0019 0B       		.uleb128 0xb
 882 001a 03       		.uleb128 0x3
 883 001b 08       		.uleb128 0x8
 884 001c 00       		.byte	0
 885 001d 00       		.byte	0
 886 001e 03       		.uleb128 0x3
 887 001f 16       		.uleb128 0x16
 888 0020 00       		.byte	0
 889 0021 03       		.uleb128 0x3
 890 0022 0E       		.uleb128 0xe
 891 0023 3A       		.uleb128 0x3a
 892 0024 0B       		.uleb128 0xb
 893 0025 3B       		.uleb128 0x3b
 894 0026 0B       		.uleb128 0xb
 895 0027 49       		.uleb128 0x49
 896 0028 13       		.uleb128 0x13
 897 0029 00       		.byte	0
 898 002a 00       		.byte	0
 899 002b 04       		.uleb128 0x4
 900 002c 24       		.uleb128 0x24
 901 002d 00       		.byte	0
 902 002e 0B       		.uleb128 0xb
 903 002f 0B       		.uleb128 0xb
 904 0030 3E       		.uleb128 0x3e
 905 0031 0B       		.uleb128 0xb
 906 0032 03       		.uleb128 0x3
 907 0033 0E       		.uleb128 0xe
 908 0034 00       		.byte	0
 909 0035 00       		.byte	0
 910 0036 05       		.uleb128 0x5
 911 0037 0F       		.uleb128 0xf
 912 0038 00       		.byte	0
 913 0039 0B       		.uleb128 0xb
 914 003a 0B       		.uleb128 0xb
 915 003b 00       		.byte	0
 916 003c 00       		.byte	0
 917 003d 06       		.uleb128 0x6
 918 003e 16       		.uleb128 0x16
 919 003f 00       		.byte	0
 920 0040 03       		.uleb128 0x3
 921 0041 0E       		.uleb128 0xe
 922 0042 3A       		.uleb128 0x3a
 923 0043 0B       		.uleb128 0xb
 924 0044 3B       		.uleb128 0x3b
 925 0045 05       		.uleb128 0x5
 926 0046 49       		.uleb128 0x49
 927 0047 13       		.uleb128 0x13
 928 0048 00       		.byte	0
ARM GAS  C:\Users\bibiw\AppData\Local\Temp\ccgfjXIt.s 			page 24


 929 0049 00       		.byte	0
 930 004a 07       		.uleb128 0x7
 931 004b 35       		.uleb128 0x35
 932 004c 00       		.byte	0
 933 004d 49       		.uleb128 0x49
 934 004e 13       		.uleb128 0x13
 935 004f 00       		.byte	0
 936 0050 00       		.byte	0
 937 0051 08       		.uleb128 0x8
 938 0052 13       		.uleb128 0x13
 939 0053 01       		.byte	0x1
 940 0054 0B       		.uleb128 0xb
 941 0055 0B       		.uleb128 0xb
 942 0056 3A       		.uleb128 0x3a
 943 0057 0B       		.uleb128 0xb
 944 0058 3B       		.uleb128 0x3b
 945 0059 0B       		.uleb128 0xb
 946 005a 01       		.uleb128 0x1
 947 005b 13       		.uleb128 0x13
 948 005c 00       		.byte	0
 949 005d 00       		.byte	0
 950 005e 09       		.uleb128 0x9
 951 005f 0D       		.uleb128 0xd
 952 0060 00       		.byte	0
 953 0061 03       		.uleb128 0x3
 954 0062 0E       		.uleb128 0xe
 955 0063 3A       		.uleb128 0x3a
 956 0064 0B       		.uleb128 0xb
 957 0065 3B       		.uleb128 0x3b
 958 0066 0B       		.uleb128 0xb
 959 0067 49       		.uleb128 0x49
 960 0068 13       		.uleb128 0x13
 961 0069 38       		.uleb128 0x38
 962 006a 0B       		.uleb128 0xb
 963 006b 00       		.byte	0
 964 006c 00       		.byte	0
 965 006d 0A       		.uleb128 0xa
 966 006e 2E       		.uleb128 0x2e
 967 006f 01       		.byte	0x1
 968 0070 03       		.uleb128 0x3
 969 0071 0E       		.uleb128 0xe
 970 0072 3A       		.uleb128 0x3a
 971 0073 0B       		.uleb128 0xb
 972 0074 3B       		.uleb128 0x3b
 973 0075 0B       		.uleb128 0xb
 974 0076 27       		.uleb128 0x27
 975 0077 19       		.uleb128 0x19
 976 0078 11       		.uleb128 0x11
 977 0079 01       		.uleb128 0x1
 978 007a 12       		.uleb128 0x12
 979 007b 06       		.uleb128 0x6
 980 007c 40       		.uleb128 0x40
 981 007d 18       		.uleb128 0x18
 982 007e 9742     		.uleb128 0x2117
 983 0080 19       		.uleb128 0x19
 984 0081 01       		.uleb128 0x1
 985 0082 13       		.uleb128 0x13
ARM GAS  C:\Users\bibiw\AppData\Local\Temp\ccgfjXIt.s 			page 25


 986 0083 00       		.byte	0
 987 0084 00       		.byte	0
 988 0085 0B       		.uleb128 0xb
 989 0086 05       		.uleb128 0x5
 990 0087 00       		.byte	0
 991 0088 03       		.uleb128 0x3
 992 0089 0E       		.uleb128 0xe
 993 008a 3A       		.uleb128 0x3a
 994 008b 0B       		.uleb128 0xb
 995 008c 3B       		.uleb128 0x3b
 996 008d 0B       		.uleb128 0xb
 997 008e 49       		.uleb128 0x49
 998 008f 13       		.uleb128 0x13
 999 0090 02       		.uleb128 0x2
 1000 0091 18       		.uleb128 0x18
 1001 0092 00       		.byte	0
 1002 0093 00       		.byte	0
 1003 0094 0C       		.uleb128 0xc
 1004 0095 34       		.uleb128 0x34
 1005 0096 00       		.byte	0
 1006 0097 03       		.uleb128 0x3
 1007 0098 08       		.uleb128 0x8
 1008 0099 3A       		.uleb128 0x3a
 1009 009a 0B       		.uleb128 0xb
 1010 009b 3B       		.uleb128 0x3b
 1011 009c 0B       		.uleb128 0xb
 1012 009d 49       		.uleb128 0x49
 1013 009e 13       		.uleb128 0x13
 1014 009f 02       		.uleb128 0x2
 1015 00a0 17       		.uleb128 0x17
 1016 00a1 00       		.byte	0
 1017 00a2 00       		.byte	0
 1018 00a3 0D       		.uleb128 0xd
 1019 00a4 0B       		.uleb128 0xb
 1020 00a5 01       		.byte	0x1
 1021 00a6 11       		.uleb128 0x11
 1022 00a7 01       		.uleb128 0x1
 1023 00a8 12       		.uleb128 0x12
 1024 00a9 06       		.uleb128 0x6
 1025 00aa 00       		.byte	0
 1026 00ab 00       		.byte	0
 1027 00ac 0E       		.uleb128 0xe
 1028 00ad 34       		.uleb128 0x34
 1029 00ae 00       		.byte	0
 1030 00af 03       		.uleb128 0x3
 1031 00b0 0E       		.uleb128 0xe
 1032 00b1 3A       		.uleb128 0x3a
 1033 00b2 0B       		.uleb128 0xb
 1034 00b3 3B       		.uleb128 0x3b
 1035 00b4 0B       		.uleb128 0xb
 1036 00b5 49       		.uleb128 0x49
 1037 00b6 13       		.uleb128 0x13
 1038 00b7 02       		.uleb128 0x2
 1039 00b8 17       		.uleb128 0x17
 1040 00b9 00       		.byte	0
 1041 00ba 00       		.byte	0
 1042 00bb 0F       		.uleb128 0xf
ARM GAS  C:\Users\bibiw\AppData\Local\Temp\ccgfjXIt.s 			page 26


 1043 00bc 0F       		.uleb128 0xf
 1044 00bd 00       		.byte	0
 1045 00be 0B       		.uleb128 0xb
 1046 00bf 0B       		.uleb128 0xb
 1047 00c0 49       		.uleb128 0x49
 1048 00c1 13       		.uleb128 0x13
 1049 00c2 00       		.byte	0
 1050 00c3 00       		.byte	0
 1051 00c4 10       		.uleb128 0x10
 1052 00c5 26       		.uleb128 0x26
 1053 00c6 00       		.byte	0
 1054 00c7 49       		.uleb128 0x49
 1055 00c8 13       		.uleb128 0x13
 1056 00c9 00       		.byte	0
 1057 00ca 00       		.byte	0
 1058 00cb 11       		.uleb128 0x11
 1059 00cc 05       		.uleb128 0x5
 1060 00cd 00       		.byte	0
 1061 00ce 03       		.uleb128 0x3
 1062 00cf 08       		.uleb128 0x8
 1063 00d0 3A       		.uleb128 0x3a
 1064 00d1 0B       		.uleb128 0xb
 1065 00d2 3B       		.uleb128 0x3b
 1066 00d3 0B       		.uleb128 0xb
 1067 00d4 49       		.uleb128 0x49
 1068 00d5 13       		.uleb128 0x13
 1069 00d6 02       		.uleb128 0x2
 1070 00d7 17       		.uleb128 0x17
 1071 00d8 00       		.byte	0
 1072 00d9 00       		.byte	0
 1073 00da 12       		.uleb128 0x12
 1074 00db 898201   		.uleb128 0x4109
 1075 00de 01       		.byte	0x1
 1076 00df 11       		.uleb128 0x11
 1077 00e0 01       		.uleb128 0x1
 1078 00e1 31       		.uleb128 0x31
 1079 00e2 13       		.uleb128 0x13
 1080 00e3 00       		.byte	0
 1081 00e4 00       		.byte	0
 1082 00e5 13       		.uleb128 0x13
 1083 00e6 8A8201   		.uleb128 0x410a
 1084 00e9 00       		.byte	0
 1085 00ea 02       		.uleb128 0x2
 1086 00eb 18       		.uleb128 0x18
 1087 00ec 9142     		.uleb128 0x2111
 1088 00ee 18       		.uleb128 0x18
 1089 00ef 00       		.byte	0
 1090 00f0 00       		.byte	0
 1091 00f1 14       		.uleb128 0x14
 1092 00f2 898201   		.uleb128 0x4109
 1093 00f5 01       		.byte	0x1
 1094 00f6 11       		.uleb128 0x11
 1095 00f7 01       		.uleb128 0x1
 1096 00f8 31       		.uleb128 0x31
 1097 00f9 13       		.uleb128 0x13
 1098 00fa 01       		.uleb128 0x1
 1099 00fb 13       		.uleb128 0x13
ARM GAS  C:\Users\bibiw\AppData\Local\Temp\ccgfjXIt.s 			page 27


 1100 00fc 00       		.byte	0
 1101 00fd 00       		.byte	0
 1102 00fe 15       		.uleb128 0x15
 1103 00ff 2E       		.uleb128 0x2e
 1104 0100 01       		.byte	0x1
 1105 0101 3F       		.uleb128 0x3f
 1106 0102 19       		.uleb128 0x19
 1107 0103 03       		.uleb128 0x3
 1108 0104 0E       		.uleb128 0xe
 1109 0105 3A       		.uleb128 0x3a
 1110 0106 0B       		.uleb128 0xb
 1111 0107 3B       		.uleb128 0x3b
 1112 0108 05       		.uleb128 0x5
 1113 0109 27       		.uleb128 0x27
 1114 010a 19       		.uleb128 0x19
 1115 010b 11       		.uleb128 0x11
 1116 010c 01       		.uleb128 0x1
 1117 010d 12       		.uleb128 0x12
 1118 010e 06       		.uleb128 0x6
 1119 010f 40       		.uleb128 0x40
 1120 0110 18       		.uleb128 0x18
 1121 0111 9742     		.uleb128 0x2117
 1122 0113 19       		.uleb128 0x19
 1123 0114 01       		.uleb128 0x1
 1124 0115 13       		.uleb128 0x13
 1125 0116 00       		.byte	0
 1126 0117 00       		.byte	0
 1127 0118 16       		.uleb128 0x16
 1128 0119 0B       		.uleb128 0xb
 1129 011a 01       		.byte	0x1
 1130 011b 11       		.uleb128 0x11
 1131 011c 01       		.uleb128 0x1
 1132 011d 12       		.uleb128 0x12
 1133 011e 06       		.uleb128 0x6
 1134 011f 01       		.uleb128 0x1
 1135 0120 13       		.uleb128 0x13
 1136 0121 00       		.byte	0
 1137 0122 00       		.byte	0
 1138 0123 17       		.uleb128 0x17
 1139 0124 34       		.uleb128 0x34
 1140 0125 00       		.byte	0
 1141 0126 03       		.uleb128 0x3
 1142 0127 0E       		.uleb128 0xe
 1143 0128 3A       		.uleb128 0x3a
 1144 0129 0B       		.uleb128 0xb
 1145 012a 3B       		.uleb128 0x3b
 1146 012b 05       		.uleb128 0x5
 1147 012c 49       		.uleb128 0x49
 1148 012d 13       		.uleb128 0x13
 1149 012e 02       		.uleb128 0x2
 1150 012f 18       		.uleb128 0x18
 1151 0130 00       		.byte	0
 1152 0131 00       		.byte	0
 1153 0132 18       		.uleb128 0x18
 1154 0133 13       		.uleb128 0x13
 1155 0134 01       		.byte	0x1
 1156 0135 0B       		.uleb128 0xb
ARM GAS  C:\Users\bibiw\AppData\Local\Temp\ccgfjXIt.s 			page 28


 1157 0136 0B       		.uleb128 0xb
 1158 0137 3A       		.uleb128 0x3a
 1159 0138 0B       		.uleb128 0xb
 1160 0139 3B       		.uleb128 0x3b
 1161 013a 05       		.uleb128 0x5
 1162 013b 01       		.uleb128 0x1
 1163 013c 13       		.uleb128 0x13
 1164 013d 00       		.byte	0
 1165 013e 00       		.byte	0
 1166 013f 19       		.uleb128 0x19
 1167 0140 0D       		.uleb128 0xd
 1168 0141 00       		.byte	0
 1169 0142 03       		.uleb128 0x3
 1170 0143 0E       		.uleb128 0xe
 1171 0144 3A       		.uleb128 0x3a
 1172 0145 0B       		.uleb128 0xb
 1173 0146 3B       		.uleb128 0x3b
 1174 0147 05       		.uleb128 0x5
 1175 0148 49       		.uleb128 0x49
 1176 0149 13       		.uleb128 0x13
 1177 014a 38       		.uleb128 0x38
 1178 014b 0B       		.uleb128 0xb
 1179 014c 00       		.byte	0
 1180 014d 00       		.byte	0
 1181 014e 1A       		.uleb128 0x1a
 1182 014f 01       		.uleb128 0x1
 1183 0150 01       		.byte	0x1
 1184 0151 49       		.uleb128 0x49
 1185 0152 13       		.uleb128 0x13
 1186 0153 01       		.uleb128 0x1
 1187 0154 13       		.uleb128 0x13
 1188 0155 00       		.byte	0
 1189 0156 00       		.byte	0
 1190 0157 1B       		.uleb128 0x1b
 1191 0158 21       		.uleb128 0x21
 1192 0159 00       		.byte	0
 1193 015a 49       		.uleb128 0x49
 1194 015b 13       		.uleb128 0x13
 1195 015c 2F       		.uleb128 0x2f
 1196 015d 0B       		.uleb128 0xb
 1197 015e 00       		.byte	0
 1198 015f 00       		.byte	0
 1199 0160 1C       		.uleb128 0x1c
 1200 0161 34       		.uleb128 0x34
 1201 0162 00       		.byte	0
 1202 0163 03       		.uleb128 0x3
 1203 0164 08       		.uleb128 0x8
 1204 0165 3A       		.uleb128 0x3a
 1205 0166 0B       		.uleb128 0xb
 1206 0167 3B       		.uleb128 0x3b
 1207 0168 05       		.uleb128 0x5
 1208 0169 49       		.uleb128 0x49
 1209 016a 13       		.uleb128 0x13
 1210 016b 02       		.uleb128 0x2
 1211 016c 17       		.uleb128 0x17
 1212 016d 00       		.byte	0
 1213 016e 00       		.byte	0
ARM GAS  C:\Users\bibiw\AppData\Local\Temp\ccgfjXIt.s 			page 29


 1214 016f 1D       		.uleb128 0x1d
 1215 0170 898201   		.uleb128 0x4109
 1216 0173 00       		.byte	0
 1217 0174 11       		.uleb128 0x11
 1218 0175 01       		.uleb128 0x1
 1219 0176 31       		.uleb128 0x31
 1220 0177 13       		.uleb128 0x13
 1221 0178 00       		.byte	0
 1222 0179 00       		.byte	0
 1223 017a 1E       		.uleb128 0x1e
 1224 017b 2E       		.uleb128 0x2e
 1225 017c 00       		.byte	0
 1226 017d 3F       		.uleb128 0x3f
 1227 017e 19       		.uleb128 0x19
 1228 017f 3C       		.uleb128 0x3c
 1229 0180 19       		.uleb128 0x19
 1230 0181 6E       		.uleb128 0x6e
 1231 0182 0E       		.uleb128 0xe
 1232 0183 03       		.uleb128 0x3
 1233 0184 0E       		.uleb128 0xe
 1234 0185 00       		.byte	0
 1235 0186 00       		.byte	0
 1236 0187 1F       		.uleb128 0x1f
 1237 0188 2E       		.uleb128 0x2e
 1238 0189 00       		.byte	0
 1239 018a 3F       		.uleb128 0x3f
 1240 018b 19       		.uleb128 0x19
 1241 018c 3C       		.uleb128 0x3c
 1242 018d 19       		.uleb128 0x19
 1243 018e 6E       		.uleb128 0x6e
 1244 018f 0E       		.uleb128 0xe
 1245 0190 03       		.uleb128 0x3
 1246 0191 0E       		.uleb128 0xe
 1247 0192 3A       		.uleb128 0x3a
 1248 0193 0B       		.uleb128 0xb
 1249 0194 3B       		.uleb128 0x3b
 1250 0195 0B       		.uleb128 0xb
 1251 0196 00       		.byte	0
 1252 0197 00       		.byte	0
 1253 0198 00       		.byte	0
 1254              		.section	.debug_loc,"",%progbits
 1255              	.Ldebug_loc0:
 1256              	.LLST0:
 1257 0000 02000000 		.4byte	.LVL1
 1258 0004 08000000 		.4byte	.LVL2
 1259 0008 0200     		.2byte	0x2
 1260 000a 30       		.byte	0x30
 1261 000b 9F       		.byte	0x9f
 1262 000c 08000000 		.4byte	.LVL2
 1263 0010 30000000 		.4byte	.LVL11
 1264 0014 0100     		.2byte	0x1
 1265 0016 57       		.byte	0x57
 1266 0017 00000000 		.4byte	0
 1267 001b 00000000 		.4byte	0
 1268              	.LLST1:
 1269 001f 02000000 		.4byte	.LVL1
 1270 0023 08000000 		.4byte	.LVL2
ARM GAS  C:\Users\bibiw\AppData\Local\Temp\ccgfjXIt.s 			page 30


 1271 0027 0200     		.2byte	0x2
 1272 0029 30       		.byte	0x30
 1273 002a 9F       		.byte	0x9f
 1274 002b 08000000 		.4byte	.LVL2
 1275 002f 30000000 		.4byte	.LVL10
 1276 0033 0100     		.2byte	0x1
 1277 0035 55       		.byte	0x55
 1278 0036 00000000 		.4byte	0
 1279 003a 00000000 		.4byte	0
 1280              	.LLST2:
 1281 003e 0C000000 		.4byte	.LVL3
 1282 0042 2C000000 		.4byte	.LVL9
 1283 0046 0100     		.2byte	0x1
 1284 0048 56       		.byte	0x56
 1285 0049 00000000 		.4byte	0
 1286 004d 00000000 		.4byte	0
 1287              	.LLST3:
 1288 0051 0E000000 		.4byte	.LVL4
 1289 0055 24000000 		.4byte	.LVL7
 1290 0059 0100     		.2byte	0x1
 1291 005b 53       		.byte	0x53
 1292 005c 26000000 		.4byte	.LVL8
 1293 0060 2C000000 		.4byte	.LVL9
 1294 0064 0100     		.2byte	0x1
 1295 0066 53       		.byte	0x53
 1296 0067 00000000 		.4byte	0
 1297 006b 00000000 		.4byte	0
 1298              	.LLST4:
 1299 006f 00000000 		.4byte	.LVL12
 1300 0073 09000000 		.4byte	.LVL14-1
 1301 0077 0100     		.2byte	0x1
 1302 0079 50       		.byte	0x50
 1303 007a 09000000 		.4byte	.LVL14-1
 1304 007e 0C000000 		.4byte	.LFE0
 1305 0082 0400     		.2byte	0x4
 1306 0084 F3       		.byte	0xf3
 1307 0085 01       		.uleb128 0x1
 1308 0086 50       		.byte	0x50
 1309 0087 9F       		.byte	0x9f
 1310 0088 00000000 		.4byte	0
 1311 008c 00000000 		.4byte	0
 1312              	.LLST5:
 1313 0090 00000000 		.4byte	.LVL12
 1314 0094 06000000 		.4byte	.LVL13
 1315 0098 0100     		.2byte	0x1
 1316 009a 51       		.byte	0x51
 1317 009b 06000000 		.4byte	.LVL13
 1318 009f 09000000 		.4byte	.LVL14-1
 1319 00a3 0100     		.2byte	0x1
 1320 00a5 52       		.byte	0x52
 1321 00a6 09000000 		.4byte	.LVL14-1
 1322 00aa 0C000000 		.4byte	.LFE0
 1323 00ae 0400     		.2byte	0x4
 1324 00b0 F3       		.byte	0xf3
 1325 00b1 01       		.uleb128 0x1
 1326 00b2 51       		.byte	0x51
 1327 00b3 9F       		.byte	0x9f
ARM GAS  C:\Users\bibiw\AppData\Local\Temp\ccgfjXIt.s 			page 31


 1328 00b4 00000000 		.4byte	0
 1329 00b8 00000000 		.4byte	0
 1330              	.LLST6:
 1331 00bc 70000000 		.4byte	.LVL18
 1332 00c0 74000000 		.4byte	.LVL19
 1333 00c4 0200     		.2byte	0x2
 1334 00c6 30       		.byte	0x30
 1335 00c7 9F       		.byte	0x9f
 1336 00c8 74000000 		.4byte	.LVL19
 1337 00cc 92000000 		.4byte	.LVL21
 1338 00d0 0100     		.2byte	0x1
 1339 00d2 54       		.byte	0x54
 1340 00d3 94000000 		.4byte	.LVL22
 1341 00d7 E6000000 		.4byte	.LVL25
 1342 00db 0100     		.2byte	0x1
 1343 00dd 54       		.byte	0x54
 1344 00de 00000000 		.4byte	0
 1345 00e2 00000000 		.4byte	0
 1346              	.LLST7:
 1347 00e6 74000000 		.4byte	.LVL19
 1348 00ea 92000000 		.4byte	.LVL21
 1349 00ee 0B00     		.2byte	0xb
 1350 00f0 74       		.byte	0x74
 1351 00f1 00       		.sleb128 0
 1352 00f2 36       		.byte	0x36
 1353 00f3 1E       		.byte	0x1e
 1354 00f4 03       		.byte	0x3
 1355 00f5 00000000 		.4byte	cfg_memset_list.4870
 1356 00f9 22       		.byte	0x22
 1357 00fa 9F       		.byte	0x9f
 1358 00fb 92000000 		.4byte	.LVL21
 1359 00ff 94000000 		.4byte	.LVL22
 1360 0103 0B00     		.2byte	0xb
 1361 0105 74       		.byte	0x74
 1362 0106 7F       		.sleb128 -1
 1363 0107 36       		.byte	0x36
 1364 0108 1E       		.byte	0x1e
 1365 0109 03       		.byte	0x3
 1366 010a 00000000 		.4byte	cfg_memset_list.4870
 1367 010e 22       		.byte	0x22
 1368 010f 9F       		.byte	0x9f
 1369 0110 00000000 		.4byte	0
 1370 0114 00000000 		.4byte	0
 1371              		.section	.debug_aranges,"",%progbits
 1372 0000 34000000 		.4byte	0x34
 1373 0004 0200     		.2byte	0x2
 1374 0006 00000000 		.4byte	.Ldebug_info0
 1375 000a 04       		.byte	0x4
 1376 000b 00       		.byte	0
 1377 000c 0000     		.2byte	0
 1378 000e 0000     		.2byte	0
 1379 0010 00000000 		.4byte	.LFB3
 1380 0014 32000000 		.4byte	.LFE3-.LFB3
 1381 0018 00000000 		.4byte	.LFB0
 1382 001c 0C000000 		.4byte	.LFE0-.LFB0
 1383 0020 00000000 		.4byte	.LFB4
 1384 0024 6C000000 		.4byte	.LFE4-.LFB4
ARM GAS  C:\Users\bibiw\AppData\Local\Temp\ccgfjXIt.s 			page 32


 1385 0028 6C000000 		.4byte	.LFB6
 1386 002c A0000000 		.4byte	.LFE6-.LFB6
 1387 0030 00000000 		.4byte	0
 1388 0034 00000000 		.4byte	0
 1389              		.section	.debug_ranges,"",%progbits
 1390              	.Ldebug_ranges0:
 1391 0000 00000000 		.4byte	.LFB3
 1392 0004 32000000 		.4byte	.LFE3
 1393 0008 00000000 		.4byte	.LFB0
 1394 000c 0C000000 		.4byte	.LFE0
 1395 0010 00000000 		.4byte	.LFB4
 1396 0014 6C000000 		.4byte	.LFE4
 1397 0018 6C000000 		.4byte	.LFB6
 1398 001c 0C010000 		.4byte	.LFE6
 1399 0020 00000000 		.4byte	0
 1400 0024 00000000 		.4byte	0
 1401              		.section	.debug_line,"",%progbits
 1402              	.Ldebug_line0:
 1403 0000 55010000 		.section	.debug_str,"MS",%progbits,1
 1403      0200D600 
 1403      00000201 
 1403      FB0E0D00 
 1403      01010101 
 1404              	.LASF19:
 1405 0000 72656733 		.ascii	"reg32\000"
 1405      3200
 1406              	.LASF12:
 1407 0006 73697A65 		.ascii	"size_t\000"
 1407      5F7400
 1408              	.LASF37:
 1409 000d 4379496E 		.ascii	"CyIntSetVector\000"
 1409      74536574 
 1409      56656374 
 1409      6F7200
 1410              	.LASF21:
 1411 001c 76616C75 		.ascii	"value\000"
 1411      6500
 1412              	.LASF26:
 1413 0022 636F756E 		.ascii	"count\000"
 1413      7400
 1414              	.LASF29:
 1415 0028 436C6F63 		.ascii	"ClockSetup\000"
 1415      6B536574 
 1415      757000
 1416              	.LASF30:
 1417 0033 63795F63 		.ascii	"cy_cfg_addr_table\000"
 1417      66675F61 
 1417      6464725F 
 1417      7461626C 
 1417      6500
 1418              	.LASF31:
 1419 0045 63795F63 		.ascii	"cy_cfg_data_table\000"
 1419      66675F64 
 1419      6174615F 
 1419      7461626C 
 1419      6500
 1420              	.LASF16:
ARM GAS  C:\Users\bibiw\AppData\Local\Temp\ccgfjXIt.s 			page 33


 1421 0057 666C6F61 		.ascii	"float\000"
 1421      7400
 1422              	.LASF35:
 1423 005d 6366675F 		.ascii	"cfg_memset_list\000"
 1423      6D656D73 
 1423      65745F6C 
 1423      69737400 
 1424              	.LASF33:
 1425 006d 73697A65 		.ascii	"size\000"
 1425      00
 1426              	.LASF18:
 1427 0072 72656738 		.ascii	"reg8\000"
 1427      00
 1428              	.LASF8:
 1429 0077 6C6F6E67 		.ascii	"long unsigned int\000"
 1429      20756E73 
 1429      69676E65 
 1429      6420696E 
 1429      7400
 1430              	.LASF13:
 1431 0089 75696E74 		.ascii	"uint8\000"
 1431      3800
 1432              	.LASF28:
 1433 008f 43594D45 		.ascii	"CYMEMZERO\000"
 1433      4D5A4552 
 1433      4F00
 1434              	.LASF4:
 1435 0099 756E7369 		.ascii	"unsigned char\000"
 1435      676E6564 
 1435      20636861 
 1435      7200
 1436              	.LASF43:
 1437 00a7 6D656D73 		.ascii	"memset\000"
 1437      657400
 1438              	.LASF17:
 1439 00ae 646F7562 		.ascii	"double\000"
 1439      6C6500
 1440              	.LASF27:
 1441 00b5 6366675F 		.ascii	"cfg_write_bytes32\000"
 1441      77726974 
 1441      655F6279 
 1441      74657333 
 1441      3200
 1442              	.LASF38:
 1443 00c7 4379496E 		.ascii	"CyIntEnable\000"
 1443      74456E61 
 1443      626C6500 
 1444              	.LASF23:
 1445 00d3 61646472 		.ascii	"addr_table\000"
 1445      5F746162 
 1445      6C6500
 1446              	.LASF14:
 1447 00de 75696E74 		.ascii	"uint16\000"
 1447      313600
 1448              	.LASF24:
 1449 00e5 64617461 		.ascii	"data_table\000"
 1449      5F746162 
ARM GAS  C:\Users\bibiw\AppData\Local\Temp\ccgfjXIt.s 			page 34


 1449      6C6500
 1450              	.LASF15:
 1451 00f0 75696E74 		.ascii	"uint32\000"
 1451      333200
 1452              	.LASF0:
 1453 00f7 756E7369 		.ascii	"unsigned int\000"
 1453      676E6564 
 1453      20696E74 
 1453      00
 1454              	.LASF42:
 1455 0104 63796669 		.ascii	"cyfitter_cfg\000"
 1455      74746572 
 1455      5F636667 
 1455      00
 1456              	.LASF32:
 1457 0111 61646472 		.ascii	"address\000"
 1457      65737300 
 1458              	.LASF9:
 1459 0119 6C6F6E67 		.ascii	"long long unsigned int\000"
 1459      206C6F6E 
 1459      6720756E 
 1459      7369676E 
 1459      65642069 
 1460              	.LASF39:
 1461 0130 474E5520 		.ascii	"GNU C11 5.4.1 20160609 (release) [ARM/embedded-5-br"
 1461      43313120 
 1461      352E342E 
 1461      31203230 
 1461      31363036 
 1462 0163 616E6368 		.ascii	"anch revision 237715] -mcpu=cortex-m0 -mthumb -g -O"
 1462      20726576 
 1462      6973696F 
 1462      6E203233 
 1462      37373135 
 1463 0196 67202D66 		.ascii	"g -ffunction-sections -ffat-lto-objects\000"
 1463      66756E63 
 1463      74696F6E 
 1463      2D736563 
 1463      74696F6E 
 1464              	.LASF34:
 1465 01be 6366675F 		.ascii	"cfg_memset_t\000"
 1465      6D656D73 
 1465      65745F74 
 1465      00
 1466              	.LASF25:
 1467 01cb 62617365 		.ascii	"baseAddr\000"
 1467      41646472 
 1467      00
 1468              	.LASF10:
 1469 01d4 73697A65 		.ascii	"sizetype\000"
 1469      74797065 
 1469      00
 1470              	.LASF6:
 1471 01dd 73686F72 		.ascii	"short unsigned int\000"
 1471      7420756E 
 1471      7369676E 
 1471      65642069 
ARM GAS  C:\Users\bibiw\AppData\Local\Temp\ccgfjXIt.s 			page 35


 1471      6E7400
 1472              	.LASF1:
 1473 01f0 6C6F6E67 		.ascii	"long long int\000"
 1473      206C6F6E 
 1473      6720696E 
 1473      7400
 1474              	.LASF11:
 1475 01fe 63686172 		.ascii	"char\000"
 1475      00
 1476              	.LASF22:
 1477 0203 63795F63 		.ascii	"cy_cfg_addrvalue_t\000"
 1477      66675F61 
 1477      64647276 
 1477      616C7565 
 1477      5F7400
 1478              	.LASF20:
 1479 0216 6F666673 		.ascii	"offset\000"
 1479      657400
 1480              	.LASF5:
 1481 021d 73686F72 		.ascii	"short int\000"
 1481      7420696E 
 1481      7400
 1482              	.LASF36:
 1483 0227 43795379 		.ascii	"CySysClkWriteImoFreq\000"
 1483      73436C6B 
 1483      57726974 
 1483      65496D6F 
 1483      46726571 
 1484              	.LASF7:
 1485 023c 6C6F6E67 		.ascii	"long int\000"
 1485      20696E74 
 1485      00
 1486              	.LASF41:
 1487 0245 433A5C55 		.ascii	"C:\\Users\\bibiw\\Documents\\PSoC Creator\\Labs\\La"
 1487      73657273 
 1487      5C626962 
 1487      69775C44 
 1487      6F63756D 
 1488 0272 62312E63 		.ascii	"b1.cydsn\000"
 1488      7964736E 
 1488      00
 1489              	.LASF2:
 1490 027b 6C6F6E67 		.ascii	"long double\000"
 1490      20646F75 
 1490      626C6500 
 1491              	.LASF3:
 1492 0287 7369676E 		.ascii	"signed char\000"
 1492      65642063 
 1492      68617200 
 1493              	.LASF40:
 1494 0293 47656E65 		.ascii	"Generated_Source\\PSoC4\\cyfitter_cfg.c\000"
 1494      72617465 
 1494      645F536F 
 1494      75726365 
 1494      5C50536F 
 1495              		.ident	"GCC: (GNU Tools for ARM Embedded Processors) 5.4.1 20160609 (release) [ARM/embedded-5-bran
